
> dkhoul-backend@1.0.0 test
> jest --coverage --verbose

  console.log
    Ô£ë´©Å SendGrid initialized

      at Object.log (src/services/email.service.ts:7:11)

  console.log
    Ô£ë´©Å SendGrid initialized

      at Object.log (src/services/email.service.ts:7:11)

  console.warn
    Starting the MongoMemoryServer Instance failed, enable debug log for more information. Error:
     GenericMMSError: Instance failed to start within 10000ms
        at Timeout.<anonymous> (C:\Users\DELL\Desktop\personnal project\1000 FIKRA\DKHOUL\backend\node_modules\mongodb-memory-server-core\src\util\MongoInstance.ts:365:21)
        at listOnTimeout (node:internal/timers:588:17)
        at processTimers (node:internal/timers:523:7)

      at MongoMemoryServer.<anonymous> (node_modules/mongodb-memory-server-core/src/MongoMemoryServer.ts:293:17)
      at node_modules/tslib/tslib.js:170:75
      at __awaiter (node_modules/tslib/tslib.js:166:16)
      at node_modules/mongodb-memory-server-core/src/MongoMemoryServer.ts:284:68

node.exe : FAIL src/__tests__/middleware/error.middleware.test.ts (46.074 s)
At C:\Program Files\nodejs\npm.ps1:29 char:3
+   & $NODE_EXE $NPM_CLI_JS $args
+   ~~~~~~~~~~~~~~~~~~~~~~~~~~~~~
    + CategoryInfo          : NotSpecified: (FAIL src/__test...t.ts (46.074 s):String) [], RemoteException
    + FullyQualifiedErrorId : NativeCommandError
 
  Error Middleware
    AppError Class
      ├ù should create operational error with correct properties (58 ms)
      ├ù should set status to "error" for 5xx codes
      ├ù should set status to "fail" for 4xx codes
      ├ù should inherit from Error
    errorHandler
      ├ù should handle AppError correctly
      ├ù should handle validation errors
      ├ù should handle MongoDB CastError
      ├ù should handle MongoDB duplicate key error
      ├ù should handle JWT errors
      ├ù should handle JWT expired error
      ├ù should handle generic errors with 500 status
      ├ù should include stack trace in development mode
      ├ù should not include stack trace in production mode
      ├ù should log error to console
    notFound
      ├ù should create 404 error for unknown routes
      ├ù should create AppError instance
      ├ù should include original URL in message
    Error Response Format
      ├ù should always include success: false
      ├ù should include status field
      ├ù should include message field

  ÔùÅ Error Middleware ÔÇ║ AppError Class ÔÇ║ should create operational error with correct properties

    Instance failed to start within 10000ms

      at Timeout.<anonymous> (node_modules/mongodb-memory-server-core/src/util/MongoInstance.ts:365:21)

  ÔùÅ Error Middleware ÔÇ║ AppError Class ÔÇ║ should set status to "error" for 5xx codes

    Instance failed to start within 10000ms

      at Timeout.<anonymous> (node_modules/mongodb-memory-server-core/src/util/MongoInstance.ts:365:21)

  ÔùÅ Error Middleware ÔÇ║ AppError Class ÔÇ║ should set status to "fail" for 4xx codes

    Instance failed to start within 10000ms

      at Timeout.<anonymous> (node_modules/mongodb-memory-server-core/src/util/MongoInstance.ts:365:21)

  ÔùÅ Error Middleware ÔÇ║ AppError Class ÔÇ║ should inherit from Error

    Instance failed to start within 10000ms

      at Timeout.<anonymous> (node_modules/mongodb-memory-server-core/src/util/MongoInstance.ts:365:21)

  ÔùÅ Error Middleware ÔÇ║ errorHandler ÔÇ║ should handle AppError correctly

    Instance failed to start within 10000ms

      at Timeout.<anonymous> (node_modules/mongodb-memory-server-core/src/util/MongoInstance.ts:365:21)

  ÔùÅ Error Middleware ÔÇ║ errorHandler ÔÇ║ should handle validation errors

    Instance failed to start within 10000ms

      at Timeout.<anonymous> (node_modules/mongodb-memory-server-core/src/util/MongoInstance.ts:365:21)

  ÔùÅ Error Middleware ÔÇ║ errorHandler ÔÇ║ should handle MongoDB CastError

    Instance failed to start within 10000ms

      at Timeout.<anonymous> (node_modules/mongodb-memory-server-core/src/util/MongoInstance.ts:365:21)

  ÔùÅ Error Middleware ÔÇ║ errorHandler ÔÇ║ should handle MongoDB duplicate key error

    Instance failed to start within 10000ms

      at Timeout.<anonymous> (node_modules/mongodb-memory-server-core/src/util/MongoInstance.ts:365:21)

  ÔùÅ Error Middleware ÔÇ║ errorHandler ÔÇ║ should handle JWT errors

    Instance failed to start within 10000ms

      at Timeout.<anonymous> (node_modules/mongodb-memory-server-core/src/util/MongoInstance.ts:365:21)

  ÔùÅ Error Middleware ÔÇ║ errorHandler ÔÇ║ should handle JWT expired error

    Instance failed to start within 10000ms

      at Timeout.<anonymous> (node_modules/mongodb-memory-server-core/src/util/MongoInstance.ts:365:21)

  ÔùÅ Error Middleware ÔÇ║ errorHandler ÔÇ║ should handle generic errors with 500 status

    Instance failed to start within 10000ms

      at Timeout.<anonymous> (node_modules/mongodb-memory-server-core/src/util/MongoInstance.ts:365:21)

  ÔùÅ Error Middleware ÔÇ║ errorHandler ÔÇ║ should include stack trace in development mode

    Instance failed to start within 10000ms

      at Timeout.<anonymous> (node_modules/mongodb-memory-server-core/src/util/MongoInstance.ts:365:21)

  ÔùÅ Error Middleware ÔÇ║ errorHandler ÔÇ║ should not include stack trace in production mode

    Instance failed to start within 10000ms

      at Timeout.<anonymous> (node_modules/mongodb-memory-server-core/src/util/MongoInstance.ts:365:21)

  ÔùÅ Error Middleware ÔÇ║ errorHandler ÔÇ║ should log error to console

    Instance failed to start within 10000ms

      at Timeout.<anonymous> (node_modules/mongodb-memory-server-core/src/util/MongoInstance.ts:365:21)

  ÔùÅ Error Middleware ÔÇ║ notFound ÔÇ║ should create 404 error for unknown routes

    Instance failed to start within 10000ms

      at Timeout.<anonymous> (node_modules/mongodb-memory-server-core/src/util/MongoInstance.ts:365:21)

  ÔùÅ Error Middleware ÔÇ║ notFound ÔÇ║ should create AppError instance

    Instance failed to start within 10000ms

      at Timeout.<anonymous> (node_modules/mongodb-memory-server-core/src/util/MongoInstance.ts:365:21)

  ÔùÅ Error Middleware ÔÇ║ notFound ÔÇ║ should include original URL in message

    Instance failed to start within 10000ms

      at Timeout.<anonymous> (node_modules/mongodb-memory-server-core/src/util/MongoInstance.ts:365:21)

  ÔùÅ Error Middleware ÔÇ║ Error Response Format ÔÇ║ should always include success: false

    Instance failed to start within 10000ms

      at Timeout.<anonymous> (node_modules/mongodb-memory-server-core/src/util/MongoInstance.ts:365:21)

  ÔùÅ Error Middleware ÔÇ║ Error Response Format ÔÇ║ should include status field

    Instance failed to start within 10000ms

      at Timeout.<anonymous> (node_modules/mongodb-memory-server-core/src/util/MongoInstance.ts:365:21)

  ÔùÅ Error Middleware ÔÇ║ Error Response Format ÔÇ║ should include message field

    Instance failed to start within 10000ms

      at Timeout.<anonymous> (node_modules/mongodb-memory-server-core/src/util/MongoInstance.ts:365:21)

(node:15472) NOTE: The AWS SDK for JavaScript (v2) is in maintenance mode.
 SDK releases are limited to address critical bug fixes and security issues only.

Please migrate your code to use AWS SDK for JavaScript (v3).
For more information, check the blog post at https://a.co/cUPnyil
(Use `node --trace-warnings ...` to show where the warning was created)
(node:21892) NOTE: The AWS SDK for JavaScript (v2) is in maintenance mode.
 SDK releases are limited to address critical bug fixes and security issues only.

Please migrate your code to use AWS SDK for JavaScript (v3).
For more information, check the blog post at https://a.co/cUPnyil
(Use `node --trace-warnings ...` to show where the warning was created)
  console.log
    Ô£ë´©Å SendGrid initialized

      at Object.log (src/services/email.service.ts:7:11)

PASS src/__tests__/utils/validators.test.ts (62.484 s)
  Validators
    registerValidation
      ÔêÜ should validate all required fields (182 ms)
      ÔêÜ should validate email format (4 ms)
      ÔêÜ should validate password length (1 ms)
      ÔêÜ should validate role enum (7 ms)
    loginValidation
      ÔêÜ should validate email and password (3 ms)
      ÔêÜ should require both email and password (3 ms)
    serviceValidation
      ÔêÜ should validate service category (3 ms)
      ÔêÜ should validate title length (1 ms)
      ÔêÜ should validate description length (1 ms)
      ÔêÜ should validate pricing amount is numeric (1 ms)
      ÔêÜ should validate capacity is integer (1 ms)
    bookingValidation
      ÔêÜ should validate all booking fields (3 ms)
      ÔêÜ should validate MongoDB ID format (1 ms)
      ÔêÜ should validate ISO date format (2 ms)
      ÔêÜ should validate minimum guests (1 ms)
    reviewValidation
      ÔêÜ should validate rating range (4 ms)
      ÔêÜ should enforce rating between 1-5
    paginationValidators
      ÔêÜ should validate page number (1 ms)
      ÔêÜ should validate limit range (1 ms)
      ÔêÜ should handle optional pagination (7 ms)
    emailValidator
      ÔêÜ should validate email format (1 ms)
    passwordValidator
      ÔêÜ should validate password length (2 ms)
    idValidator
      ÔêÜ should validate MongoDB ObjectId (2 ms)

  console.log
    Ô£ë´©Å Email sent to newuser@test.com

      at log (src/services/email.service.ts:31:13)

  console.error
    Error: StrictPopulateError: Cannot populate path `reviews` because it is not in your schema. Set the `strictPopulate` option to false to override.
        at getModelsMapForPopulate (C:\Users\DELL\Desktop\personnal project\1000 FIKRA\DKHOUL\backend\node_modules\mongoose\lib\helpers\populate\getModelsMapForPopulate.js:50:12)
        at populate (C:\Users\DELL\Desktop\personnal project\1000 FIKRA\DKHOUL\backend\node_modules\mongoose\lib\model.js:4394:21)
        at _populate (C:\Users\DELL\Desktop\personnal project\1000 FIKRA\DKHOUL\backend\node_modules\mongoose\lib\model.js:4354:5)
        at C:\Users\DELL\Desktop\personnal project\1000 FIKRA\DKHOUL\backend\node_modules\mongoose\lib\model.js:4326:5
        at new Promise (<anonymous>)
        at Function.populate (C:\Users\DELL\Desktop\personnal project\1000 FIKRA\DKHOUL\backend\node_modules\mongoose\lib\model.js:4325:10)
        at C:\Users\DELL\Desktop\personnal project\1000 FIKRA\DKHOUL\backend\node_modules\mongoose\lib\query.js:2521:11
        at C:\Users\DELL\Desktop\personnal project\1000 FIKRA\DKHOUL\backend\node_modules\mongoose\lib\query.js:3164:21
        at processTicksAndRejections (node:internal/process/task_queues:85:11) {
      path: 'reviews'
    }

    [0m [90m 49 |[39m   }
     [90m 50 |[39m
    [31m[1m>[22m[39m[90m 51 |[39m   console[33m.[39merror([32m'Error:'[39m[33m,[39m err)[33m;[39m
     [90m    |[39m           [31m[1m^[22m[39m
     [90m 52 |[39m
     [90m 53 |[39m   res[33m.[39mstatus(statusCode)[33m.[39mjson({
     [90m 54 |[39m     success[33m:[39m [36mfalse[39m[33m,[39m[0m

      at error (src/middleware/error.middleware.ts:51:11)
      at Layer.handle_error (node_modules/express/lib/router/layer.js:71:5)
      at trim_prefix (node_modules/express/lib/router/index.js:326:13)
      at node_modules/express/lib/router/index.js:286:9
      at Function.process_params (node_modules/express/lib/router/index.js:346:12)
      at next (node_modules/express/lib/router/index.js:280:10)
      at Layer.handle_error (node_modules/express/lib/router/layer.js:67:12)
      at trim_prefix (node_modules/express/lib/router/index.js:326:13)
      at node_modules/express/lib/router/index.js:286:9
      at Function.process_params (node_modules/express/lib/router/index.js:346:12)
      at next (node_modules/express/lib/router/index.js:280:10)
      at node_modules/express/lib/router/index.js:646:15
      at next (node_modules/express/lib/router/index.js:265:14)
      at next (node_modules/express/lib/router/route.js:141:14)
      at next (src/controllers/service.controller.ts:93:5)

  console.error
    Error: AppError: Service not found
        at getServiceById (C:\Users\DELL\Desktop\personnal project\1000 FIKRA\DKHOUL\backend\src\controllers\service.controller.ts:82:19)
        at processTicksAndRejections (node:internal/process/task_queues:105:5) {
      statusCode: 404,
      status: 'fail',
      isOperational: true
    }

    [0m [90m 49 |[39m   }
     [90m 50 |[39m
    [31m[1m>[22m[39m[90m 51 |[39m   console[33m.[39merror([32m'Error:'[39m[33m,[39m err)[33m;[39m
     [90m    |[39m           [31m[1m^[22m[39m
     [90m 52 |[39m
     [90m 53 |[39m   res[33m.[39mstatus(statusCode)[33m.[39mjson({
     [90m 54 |[39m     success[33m:[39m [36mfalse[39m[33m,[39m[0m

      at error (src/middleware/error.middleware.ts:51:11)
      at Layer.handle_error (node_modules/express/lib/router/layer.js:71:5)
      at trim_prefix (node_modules/express/lib/router/index.js:326:13)
      at node_modules/express/lib/router/index.js:286:9
      at Function.process_params (node_modules/express/lib/router/index.js:346:12)
      at next (node_modules/express/lib/router/index.js:280:10)
      at Layer.handle_error (node_modules/express/lib/router/layer.js:67:12)
      at trim_prefix (node_modules/express/lib/router/index.js:326:13)
      at node_modules/express/lib/router/index.js:286:9
      at Function.process_params (node_modules/express/lib/router/index.js:346:12)
      at next (node_modules/express/lib/router/index.js:280:10)
      at node_modules/express/lib/router/index.js:646:15
      at next (node_modules/express/lib/router/index.js:265:14)
      at next (node_modules/express/lib/router/route.js:141:14)
      at next (src/controllers/service.controller.ts:82:14)

  console.error
    Error: AppError: Email already registered
        at register (C:\Users\DELL\Desktop\personnal project\1000 FIKRA\DKHOUL\backend\src\controllers\auth.controller.ts:16:19)
        at processTicksAndRejections (node:internal/process/task_queues:105:5) {
      statusCode: 400,
      status: 'fail',
      isOperational: true
    }

    [0m [90m 49 |[39m   }
     [90m 50 |[39m
    [31m[1m>[22m[39m[90m 51 |[39m   console[33m.[39merror([32m'Error:'[39m[33m,[39m err)[33m;[39m
     [90m    |[39m           [31m[1m^[22m[39m
     [90m 52 |[39m
     [90m 53 |[39m   res[33m.[39mstatus(statusCode)[33m.[39mjson({
     [90m 54 |[39m     success[33m:[39m [36mfalse[39m[33m,[39m[0m

      at error (src/middleware/error.middleware.ts:51:11)
      at Layer.handle_error (node_modules/express/lib/router/layer.js:71:5)
      at trim_prefix (node_modules/express/lib/router/index.js:326:13)
      at node_modules/express/lib/router/index.js:286:9
      at Function.process_params (node_modules/express/lib/router/index.js:346:12)
      at next (node_modules/express/lib/router/index.js:280:10)
      at Layer.handle_error (node_modules/express/lib/router/layer.js:67:12)
      at trim_prefix (node_modules/express/lib/router/index.js:326:13)
      at node_modules/express/lib/router/index.js:286:9
      at Function.process_params (node_modules/express/lib/router/index.js:346:12)
      at next (node_modules/express/lib/router/index.js:280:10)
      at node_modules/express/lib/router/index.js:646:15
      at next (node_modules/express/lib/router/index.js:265:14)
      at next (node_modules/express/lib/router/route.js:141:14)
      at next (src/controllers/auth.controller.ts:16:14)

  console.log
    Ô£à Image deleted from S3: photo2.jpg

      at log (src/services/upload.service.ts:60:13)
          at async Promise.all (index 1)

  console.log
    Ô£à Image deleted from S3: photo1.jpg

      at log (src/services/upload.service.ts:60:13)
          at async Promise.all (index 0)

  console.log
    Ô£à Image deleted from S3: photo3.jpg

      at log (src/services/upload.service.ts:60:13)
          at async Promise.all (index 2)

  console.log
    Ô£à Image deleted from S3: photo1.jpg

      at log (src/services/upload.service.ts:60:13)
          at async Promise.all (index 0)

  console.log
    Ô£à Image deleted from S3: photo2.jpg

      at log (src/services/upload.service.ts:60:13)
          at async Promise.all (index 1)

  console.log
    Ô£à Image deleted from S3: photo3.jpg

      at log (src/services/upload.service.ts:60:13)
          at async Promise.all (index 2)

  console.error
    Error: AppError: Not authorized to delete this service
        at deleteService (C:\Users\DELL\Desktop\personnal project\1000 FIKRA\DKHOUL\backend\src\controllers\service.controller.ts:173:19)
        at processTicksAndRejections (node:internal/process/task_queues:105:5) {
      statusCode: 403,
      status: 'fail',
      isOperational: true
    }

    [0m [90m 49 |[39m   }
     [90m 50 |[39m
    [31m[1m>[22m[39m[90m 51 |[39m   console[33m.[39merror([32m'Error:'[39m[33m,[39m err)[33m;[39m
     [90m    |[39m           [31m[1m^[22m[39m
     [90m 52 |[39m
     [90m 53 |[39m   res[33m.[39mstatus(statusCode)[33m.[39mjson({
     [90m 54 |[39m     success[33m:[39m [36mfalse[39m[33m,[39m[0m

      at error (src/middleware/error.middleware.ts:51:11)
      at Layer.handle_error (node_modules/express/lib/router/layer.js:71:5)
      at trim_prefix (node_modules/express/lib/router/index.js:326:13)
      at node_modules/express/lib/router/index.js:286:9
      at Function.process_params (node_modules/express/lib/router/index.js:346:12)
      at next (node_modules/express/lib/router/index.js:280:10)
      at Layer.handle_error (node_modules/express/lib/router/layer.js:67:12)
      at trim_prefix (node_modules/express/lib/router/index.js:326:13)
      at node_modules/express/lib/router/index.js:286:9
      at Function.process_params (node_modules/express/lib/router/index.js:346:12)
      at next (node_modules/express/lib/router/index.js:280:10)
      at node_modules/express/lib/router/index.js:646:15
      at next (node_modules/express/lib/router/index.js:265:14)
      at next (node_modules/express/lib/router/route.js:141:14)
      at next (src/controllers/service.controller.ts:173:14)

PASS src/__tests__/utils/helpers.test.ts (65.384 s)
  Helper Functions
    formatDate
      ÔêÜ should format date correctly (287 ms)
      ÔêÜ should handle different date formats (2 ms)
    generateRandomString
      ÔêÜ should generate string of specified length (2 ms)
      ÔêÜ should generate default 32 character string
      ÔêÜ should generate unique strings (1 ms)
      ÔêÜ should contain alphanumeric characters
    slugify
      ÔêÜ should convert text to slug (1 ms)
      ÔêÜ should remove special characters (1 ms)
      ÔêÜ should handle multiple spaces
      ÔêÜ should handle accented characters (1 ms)
      ÔêÜ should trim hyphens (1 ms)
      ÔêÜ should handle empty string (1 ms)
    generateConversationId
      ÔêÜ should generate consistent conversation ID
      ÔêÜ should sort user IDs alphabetically (1 ms)
      ÔêÜ should use underscore separator
    calculateServiceFee
      ÔêÜ should calculate 10% fee by default (1 ms)
      ÔêÜ should calculate custom percentage fee
      ÔêÜ should handle decimal amounts
      ÔêÜ should handle zero amount (1 ms)
      ÔêÜ should calculate correctly for large amounts (1 ms)
    formatCurrency
      ÔêÜ should format with MAD by default (4 ms)
      ÔêÜ should format with custom currency (1 ms)
      ÔêÜ should format decimals correctly
      ÔêÜ should handle zero amount (1 ms)
      ÔêÜ should handle negative amounts
      ÔêÜ should handle large amounts
    getDateRange
      ÔêÜ should return date range for specified days (1 ms)
      ÔêÜ should return today as end date (6 ms)
      ÔêÜ should handle 1 day range
      ÔêÜ should handle 90 day range
      ÔêÜ should return valid Date objects (14 ms)

(node:15308) NOTE: The AWS SDK for JavaScript (v2) is in maintenance mode.
 SDK releases are limited to address critical bug fixes and security issues only.

Please migrate your code to use AWS SDK for JavaScript (v3).
For more information, check the blog post at https://a.co/cUPnyil
(Use `node --trace-warnings ...` to show where the warning was created)
FAIL src/__tests__/controllers/auth.controller.test.ts (65.602 s)
  Auth Controller
    POST /api/auth/register
      ÔêÜ should register a new user with valid data (2908 ms)
      ÔêÜ should reject registration with duplicate email (286 ms)
      ÔêÜ should reject registration with weak password (26 ms)
      ÔêÜ should reject registration with missing required fields (20 ms)
    POST /api/auth/login
      ÔêÜ should login with correct credentials (243 ms)
      ÔêÜ should reject login with wrong password (231 ms)
      ÔêÜ should reject login with non-existent email (42 ms)
      ÔêÜ should reject login for inactive account (186 ms)
    POST /api/auth/refresh
      ├ù should refresh token with valid refreshToken (154 ms)
      ÔêÜ should reject refresh with invalid token (33 ms)
      ÔêÜ should reject refresh without token (45 ms)
    GET /api/auth/verify-email/:token
      ÔêÜ should verify email with valid token (262 ms)
      ÔêÜ should reject invalid verification token (32 ms)

  ÔùÅ Auth Controller ÔÇ║ POST /api/auth/refresh ÔÇ║ should refresh token with valid refreshToken

    expected 200 "OK", got 401 "Unauthorized"

    [0m [90m 153 |[39m         [33m.[39mpost([32m'/api/auth/refresh'[39m)
     [90m 154 |[39m         [33m.[39msend({ refreshToken })
    [31m[1m>[22m[39m[90m 155 |[39m         [33m.[39mexpect([35m200[39m)[33m;[39m
     [90m     |[39m          [31m[1m^[22m[39m
     [90m 156 |[39m
     [90m 157 |[39m       expect(response[33m.[39mbody[33m.[39msuccess)[33m.[39mtoBe([36mtrue[39m)[33m;[39m
     [90m 158 |[39m       expect(response[33m.[39mbody[33m.[39mdata)[33m.[39mtoHaveProperty([32m'accessToken'[39m)[33m;[39m[0m

      at Object.<anonymous> (src/__tests__/controllers/auth.controller.test.ts:155:10)
      ----
      at Test._assertStatus (node_modules/supertest/lib/test.js:252:14)
      at node_modules/supertest/lib/test.js:308:13
      at Test._assertFunction (node_modules/supertest/lib/test.js:285:13)
      at Test.assert (node_modules/supertest/lib/test.js:164:23)
      at Server.localAssert (node_modules/supertest/lib/test.js:120:14)

FAIL src/__tests__/controllers/service.controller.test.ts (65.862 s)
  Service Controller
    GET /api/services
      ÔêÜ should return all active services (1569 ms)
      ÔêÜ should filter services by category (354 ms)
      ├ù should filter services by city (148 ms)
      ├ù should filter services by price range (165 ms)
      ÔêÜ should paginate results correctly (258 ms)
      ÔêÜ should populate hostId field correctly (233 ms)
    GET /api/services/:id
      ├ù should return service details (173 ms)
      ÔêÜ should return 404 for invalid service ID (45 ms)
    POST /api/services (Protected)
      ├ù should create service for authenticated host (380 ms)
      ÔêÜ should reject creation without auth token (17 ms)
      ├ù should reject creation with invalid data (167 ms)
    PUT /api/services/:id (Protected)
      ├ù should update own service (148 ms)
      ÔêÜ should reject update of another host's service (282 ms)
    DELETE /api/services/:id (Protected)
      ÔêÜ should delete own service (165 ms)
      ÔêÜ should allow admin to delete any service (274 ms)
      ÔêÜ should reject deletion of another host's service (369 ms)

  ÔùÅ Service Controller ÔÇ║ GET /api/services ÔÇ║ should filter services by city

    expect(received).toHaveLength(expected)

    Expected length: 1
    Received length: 0
    Received array:  []

    [0m [90m 49 |[39m
     [90m 50 |[39m       expect(response[33m.[39mbody[33m.[39msuccess)[33m.[39mtoBe([36mtrue[39m)[33m;[39m
    [31m[1m>[22m[39m[90m 51 |[39m       expect(response[33m.[39mbody[33m.[39mdata[33m.[39mservices)[33m.[39mtoHaveLength([35m1[39m)[33m;[39m
     [90m    |[39m                                           [31m[1m^[22m[39m
     [90m 52 |[39m       expect(response[33m.[39mbody[33m.[39mdata[33m.[39mservices[[35m0[39m][33m.[39mlocation[33m.[39mcity)[33m.[39mtoBe([32m'Casablanca'[39m)[33m;[39m
     [90m 53 |[39m     })[33m;[39m
     [90m 54 |[39m[0m

      at Object.<anonymous> (src/__tests__/controllers/service.controller.test.ts:51:43)

  ÔùÅ Service Controller ÔÇ║ GET /api/services ÔÇ║ should filter services by price range

    expect(received).toHaveLength(expected)

    Expected length: 1
    Received length: 0
    Received array:  []

    [0m [90m 68 |[39m
     [90m 69 |[39m       expect(response[33m.[39mbody[33m.[39msuccess)[33m.[39mtoBe([36mtrue[39m)[33m;[39m
    [31m[1m>[22m[39m[90m 70 |[39m       expect(response[33m.[39mbody[33m.[39mdata[33m.[39mservices)[33m.[39mtoHaveLength([35m1[39m)[33m;[39m
     [90m    |[39m                                           [31m[1m^[22m[39m
     [90m 71 |[39m       expect(response[33m.[39mbody[33m.[39mdata[33m.[39mservices[[35m0[39m][33m.[39mpricing[33m.[39mamount)[33m.[39mtoBe([35m150[39m)[33m;[39m
     [90m 72 |[39m     })[33m;[39m
     [90m 73 |[39m[0m

      at Object.<anonymous> (src/__tests__/controllers/service.controller.test.ts:70:43)

  ÔùÅ Service Controller ÔÇ║ GET /api/services/:id ÔÇ║ should return service details

    expected 200 "OK", got 500 "Internal Server Error"

    [0m [90m 109 |[39m       [36mconst[39m response [33m=[39m [36mawait[39m request(app)
     [90m 110 |[39m         [33m.[39m[36mget[39m([32m`/api/services/${service._id}`[39m)
    [31m[1m>[22m[39m[90m 111 |[39m         [33m.[39mexpect([35m200[39m)[33m;[39m
     [90m     |[39m          [31m[1m^[22m[39m
     [90m 112 |[39m
     [90m 113 |[39m       expect(response[33m.[39mbody[33m.[39msuccess)[33m.[39mtoBe([36mtrue[39m)[33m;[39m
     [90m 114 |[39m       expect(response[33m.[39mbody[33m.[39mdata[33m.[39mservice[33m.[39mtitle)[33m.[39mtoBe(service[33m.[39mtitle)[33m;[39m[0m

      at Object.<anonymous> (src/__tests__/controllers/service.controller.test.ts:111:10)
      ----
      at Test._assertStatus (node_modules/supertest/lib/test.js:252:14)
      at node_modules/supertest/lib/test.js:308:13
      at Test._assertFunction (node_modules/supertest/lib/test.js:285:13)
      at Test.assert (node_modules/supertest/lib/test.js:164:23)
      at Server.localAssert (node_modules/supertest/lib/test.js:120:14)

  ÔùÅ Service Controller ÔÇ║ POST /api/services (Protected) ÔÇ║ should create service for authenticated host

    expected 201 "Created", got 403 "Forbidden"

    [0m [90m 152 |[39m         [33m.[39m[36mset[39m([32m'Authorization'[39m[33m,[39m [32m`Bearer ${token}`[39m)
     [90m 153 |[39m         [33m.[39msend(serviceData)
    [31m[1m>[22m[39m[90m 154 |[39m         [33m.[39mexpect([35m201[39m)[33m;[39m
     [90m     |[39m          [31m[1m^[22m[39m
     [90m 155 |[39m
     [90m 156 |[39m       expect(response[33m.[39mbody[33m.[39msuccess)[33m.[39mtoBe([36mtrue[39m)[33m;[39m
     [90m 157 |[39m       expect(response[33m.[39mbody[33m.[39mdata[33m.[39mservice[33m.[39mtitle)[33m.[39mtoBe(serviceData[33m.[39mtitle)[33m;[39m[0m

      at Object.<anonymous> (src/__tests__/controllers/service.controller.test.ts:154:10)
      ----
      at Test._assertStatus (node_modules/supertest/lib/test.js:252:14)
      at node_modules/supertest/lib/test.js:308:13
      at Test._assertFunction (node_modules/supertest/lib/test.js:285:13)
      at Test.assert (node_modules/supertest/lib/test.js:164:23)
      at Server.localAssert (node_modules/supertest/lib/test.js:120:14)

  ÔùÅ Service Controller ÔÇ║ POST /api/services (Protected) ÔÇ║ should reject creation with invalid data

    expected 400 "Bad Request", got 403 "Forbidden"

    [0m [90m 188 |[39m         [33m.[39m[36mset[39m([32m'Authorization'[39m[33m,[39m [32m`Bearer ${token}`[39m)
     [90m 189 |[39m         [33m.[39msend(serviceData)
    [31m[1m>[22m[39m[90m 190 |[39m         [33m.[39mexpect([35m400[39m)[33m;[39m
     [90m     |[39m          [31m[1m^[22m[39m
     [90m 191 |[39m
     [90m 192 |[39m       expect(response[33m.[39mbody[33m.[39msuccess)[33m.[39mtoBe([36mfalse[39m)[33m;[39m
     [90m 193 |[39m     })[33m;[39m[0m

      at Object.<anonymous> (src/__tests__/controllers/service.controller.test.ts:190:10)
      ----
      at Test._assertStatus (node_modules/supertest/lib/test.js:252:14)
      at node_modules/supertest/lib/test.js:308:13
      at Test._assertFunction (node_modules/supertest/lib/test.js:285:13)
      at Test.assert (node_modules/supertest/lib/test.js:164:23)
      at Server.localAssert (node_modules/supertest/lib/test.js:120:14)

  ÔùÅ Service Controller ÔÇ║ PUT /api/services/:id (Protected) ÔÇ║ should update own service

    expected 200 "OK", got 403 "Forbidden"

    [0m [90m 209 |[39m         [33m.[39m[36mset[39m([32m'Authorization'[39m[33m,[39m [32m`Bearer ${token}`[39m)
     [90m 210 |[39m         [33m.[39msend(updateData)
    [31m[1m>[22m[39m[90m 211 |[39m         [33m.[39mexpect([35m200[39m)[33m;[39m
     [90m     |[39m          [31m[1m^[22m[39m
     [90m 212 |[39m
     [90m 213 |[39m       expect(response[33m.[39mbody[33m.[39msuccess)[33m.[39mtoBe([36mtrue[39m)[33m;[39m
     [90m 214 |[39m       expect(response[33m.[39mbody[33m.[39mdata[33m.[39mservice[33m.[39mtitle)[33m.[39mtoBe(updateData[33m.[39mtitle)[33m;[39m[0m

      at Object.<anonymous> (src/__tests__/controllers/service.controller.test.ts:211:10)
      ----
      at Test._assertStatus (node_modules/supertest/lib/test.js:252:14)
      at node_modules/supertest/lib/test.js:308:13
      at Test._assertFunction (node_modules/supertest/lib/test.js:285:13)
      at Test.assert (node_modules/supertest/lib/test.js:164:23)
      at Server.localAssert (node_modules/supertest/lib/test.js:120:14)

  console.log
    Ô£ë´©Å SendGrid initialized

      at Object.log (src/services/email.service.ts:7:11)

  console.log
    Ô£ë´©Å SendGrid initialized

      at Object.log (src/services/email.service.ts:7:11)

  console.error
    Error: AppError: Message must contain text or image
        at sendMessage (C:\Users\DELL\Desktop\personnal project\1000 FIKRA\DKHOUL\backend\src\controllers\message.controller.ts:13:19)
        at Layer.handle [as handle_request] (C:\Users\DELL\Desktop\personnal project\1000 FIKRA\DKHOUL\backend\node_modules\express\lib\router\layer.js:95:5)
        at next (C:\Users\DELL\Desktop\personnal project\1000 FIKRA\DKHOUL\backend\node_modules\express\lib\router\route.js:149:13)
        at Route.dispatch (C:\Users\DELL\Desktop\personnal project\1000 FIKRA\DKHOUL\backend\node_modules\express\lib\router\route.js:119:3)
        at Layer.handle [as handle_request] (C:\Users\DELL\Desktop\personnal project\1000 FIKRA\DKHOUL\backend\node_modules\express\lib\router\layer.js:95:5)
        at C:\Users\DELL\Desktop\personnal project\1000 FIKRA\DKHOUL\backend\node_modules\express\lib\router\index.js:284:15
        at Function.process_params (C:\Users\DELL\Desktop\personnal project\1000 FIKRA\DKHOUL\backend\node_modules\express\lib\router\index.js:346:12)
        at next (C:\Users\DELL\Desktop\personnal project\1000 FIKRA\DKHOUL\backend\node_modules\express\lib\router\index.js:280:10)
        at next (C:\Users\DELL\Desktop\personnal project\1000 FIKRA\DKHOUL\backend\src\middleware\auth.middleware.ts:28:5)
        at Layer.handle [as handle_request] (C:\Users\DELL\Desktop\personnal project\1000 FIKRA\DKHOUL\backend\node_modules\express\lib\router\layer.js:95:5)
        at trim_prefix (C:\Users\DELL\Desktop\personnal project\1000 FIKRA\DKHOUL\backend\node_modules\express\lib\router\index.js:328:13)
        at C:\Users\DELL\Desktop\personnal project\1000 FIKRA\DKHOUL\backend\node_modules\express\lib\router\index.js:286:9
        at Function.process_params (C:\Users\DELL\Desktop\personnal project\1000 FIKRA\DKHOUL\backend\node_modules\express\lib\router\index.js:346:12)
        at next (C:\Users\DELL\Desktop\personnal project\1000 FIKRA\DKHOUL\backend\node_modules\express\lib\router\index.js:280:10)
        at Function.handle (C:\Users\DELL\Desktop\personnal project\1000 FIKRA\DKHOUL\backend\node_modules\express\lib\router\index.js:175:3)
        at router (C:\Users\DELL\Desktop\personnal project\1000 FIKRA\DKHOUL\backend\node_modules\express\lib\router\index.js:47:12)
        at Layer.handle [as handle_request] (C:\Users\DELL\Desktop\personnal project\1000 FIKRA\DKHOUL\backend\node_modules\express\lib\router\layer.js:95:5)
        at trim_prefix (C:\Users\DELL\Desktop\personnal project\1000 FIKRA\DKHOUL\backend\node_modules\express\lib\router\index.js:328:13)
        at C:\Users\DELL\Desktop\personnal project\1000 FIKRA\DKHOUL\backend\node_modules\express\lib\router\index.js:286:9
        at Function.process_params (C:\Users\DELL\Desktop\personnal project\1000 FIKRA\DKHOUL\backend\node_modules\express\lib\router\index.js:346:12)
        at next (C:\Users\DELL\Desktop\personnal project\1000 FIKRA\DKHOUL\backend\node_modules\express\lib\router\index.js:280:10)
        at urlencodedParser (C:\Users\DELL\Desktop\personnal project\1000 FIKRA\DKHOUL\backend\node_modules\body-parser\lib\types\urlencoded.js:85:7)
        at Layer.handle [as handle_request] (C:\Users\DELL\Desktop\personnal project\1000 FIKRA\DKHOUL\backend\node_modules\express\lib\router\layer.js:95:5)
        at trim_prefix (C:\Users\DELL\Desktop\personnal project\1000 FIKRA\DKHOUL\backend\node_modules\express\lib\router\index.js:328:13)
        at C:\Users\DELL\Desktop\personnal project\1000 FIKRA\DKHOUL\backend\node_modules\express\lib\router\index.js:286:9
        at Function.process_params (C:\Users\DELL\Desktop\personnal project\1000 FIKRA\DKHOUL\backend\node_modules\express\lib\router\index.js:346:12)
        at next (C:\Users\DELL\Desktop\personnal project\1000 FIKRA\DKHOUL\backend\node_modules\express\lib\router\index.js:280:10)
        at C:\Users\DELL\Desktop\personnal project\1000 FIKRA\DKHOUL\backend\node_modules\body-parser\lib\read.js:137:5
        at AsyncResource.runInAsyncScope (node:async_hooks:214:14)
        at invokeCallback (C:\Users\DELL\Desktop\personnal project\1000 FIKRA\DKHOUL\backend\node_modules\raw-body\index.js:238:16)
        at done (C:\Users\DELL\Desktop\personnal project\1000 FIKRA\DKHOUL\backend\node_modules\raw-body\index.js:227:7)
        at IncomingMessage.onEnd (C:\Users\DELL\Desktop\personnal project\1000 FIKRA\DKHOUL\backend\node_modules\raw-body\index.js:287:7)
        at IncomingMessage.emit (node:events:518:28)
        at IncomingMessage.emit (node:domain:489:12)
        at endReadableNT (node:internal/streams/readable:1698:12)
        at processTicksAndRejections (node:internal/process/task_queues:90:21) {
      statusCode: 400,
      status: 'fail',
      isOperational: true
    }

    [0m [90m 49 |[39m   }
     [90m 50 |[39m
    [31m[1m>[22m[39m[90m 51 |[39m   console[33m.[39merror([32m'Error:'[39m[33m,[39m err)[33m;[39m
     [90m    |[39m           [31m[1m^[22m[39m
     [90m 52 |[39m
     [90m 53 |[39m   res[33m.[39mstatus(statusCode)[33m.[39mjson({
     [90m 54 |[39m     success[33m:[39m [36mfalse[39m[33m,[39m[0m

      at error (src/middleware/error.middleware.ts:51:11)
      at Layer.handle_error (node_modules/express/lib/router/layer.js:71:5)
      at trim_prefix (node_modules/express/lib/router/index.js:326:13)
      at node_modules/express/lib/router/index.js:286:9
      at Function.process_params (node_modules/express/lib/router/index.js:346:12)
      at next (node_modules/express/lib/router/index.js:280:10)
      at Layer.handle_error (node_modules/express/lib/router/layer.js:67:12)
      at trim_prefix (node_modules/express/lib/router/index.js:326:13)
      at node_modules/express/lib/router/index.js:286:9
      at Function.process_params (node_modules/express/lib/router/index.js:346:12)
      at next (node_modules/express/lib/router/index.js:280:10)
      at node_modules/express/lib/router/index.js:646:15
      at next (node_modules/express/lib/router/index.js:265:14)
      at next (node_modules/express/lib/router/route.js:141:14)
      at next (src/controllers/message.controller.ts:13:14)
      at Layer.handle [as handle_request] (node_modules/express/lib/router/layer.js:95:5)
      at next (node_modules/express/lib/router/route.js:149:13)
      at Route.dispatch (node_modules/express/lib/router/route.js:119:3)
      at Layer.handle [as handle_request] (node_modules/express/lib/router/layer.js:95:5)
      at node_modules/express/lib/router/index.js:284:15
      at Function.process_params (node_modules/express/lib/router/index.js:346:12)
      at next (node_modules/express/lib/router/index.js:280:10)
      at next (src/middleware/auth.middleware.ts:28:5)
      at Layer.handle [as handle_request] (node_modules/express/lib/router/layer.js:95:5)
      at trim_prefix (node_modules/express/lib/router/index.js:328:13)
      at node_modules/express/lib/router/index.js:286:9
      at Function.process_params (node_modules/express/lib/router/index.js:346:12)
      at next (node_modules/express/lib/router/index.js:280:10)
      at Function.handle (node_modules/express/lib/router/index.js:175:3)
      at router (node_modules/express/lib/router/index.js:47:12)
      at Layer.handle [as handle_request] (node_modules/express/lib/router/layer.js:95:5)
      at trim_prefix (node_modules/express/lib/router/index.js:328:13)
      at node_modules/express/lib/router/index.js:286:9
      at Function.process_params (node_modules/express/lib/router/index.js:346:12)
      at next (node_modules/express/lib/router/index.js:280:10)
      at urlencodedParser (node_modules/body-parser/lib/types/urlencoded.js:85:7)
      at Layer.handle [as handle_request] (node_modules/express/lib/router/layer.js:95:5)
      at trim_prefix (node_modules/express/lib/router/index.js:328:13)
      at node_modules/express/lib/router/index.js:286:9
      at Function.process_params (node_modules/express/lib/router/index.js:346:12)
      at next (node_modules/express/lib/router/index.js:280:10)
      at node_modules/body-parser/lib/read.js:137:5
      at invokeCallback (node_modules/raw-body/index.js:238:16)
      at done (node_modules/raw-body/index.js:227:7)
      at IncomingMessage.onEnd (node_modules/raw-body/index.js:287:7)

  console.log
    Ô£ë´©Å SendGrid initialized

      at Object.log (src/services/email.service.ts:7:11)

(node:3820) NOTE: The AWS SDK for JavaScript (v2) is in maintenance mode.
 SDK releases are limited to address critical bug fixes and security issues only.

Please migrate your code to use AWS SDK for JavaScript (v3).
For more information, check the blog post at https://a.co/cUPnyil
(Use `node --trace-warnings ...` to show where the warning was created)
(node:6732) NOTE: The AWS SDK for JavaScript (v2) is in maintenance mode.
 SDK releases are limited to address critical bug fixes and security issues only.

Please migrate your code to use AWS SDK for JavaScript (v3).
For more information, check the blog post at https://a.co/cUPnyil
(Use `node --trace-warnings ...` to show where the warning was created)
  console.error
    Error: AppError: Not authorized to mark this message as read
        at markAsRead (C:\Users\DELL\Desktop\personnal project\1000 FIKRA\DKHOUL\backend\src\controllers\message.controller.ts:158:19)
        at processTicksAndRejections (node:internal/process/task_queues:105:5) {
      statusCode: 403,
      status: 'fail',
      isOperational: true
    }

    [0m [90m 49 |[39m   }
     [90m 50 |[39m
    [31m[1m>[22m[39m[90m 51 |[39m   console[33m.[39merror([32m'Error:'[39m[33m,[39m err)[33m;[39m
     [90m    |[39m           [31m[1m^[22m[39m
     [90m 52 |[39m
     [90m 53 |[39m   res[33m.[39mstatus(statusCode)[33m.[39mjson({
     [90m 54 |[39m     success[33m:[39m [36mfalse[39m[33m,[39m[0m

      at error (src/middleware/error.middleware.ts:51:11)
      at Layer.handle_error (node_modules/express/lib/router/layer.js:71:5)
      at trim_prefix (node_modules/express/lib/router/index.js:326:13)
      at node_modules/express/lib/router/index.js:286:9
      at Function.process_params (node_modules/express/lib/router/index.js:346:12)
      at next (node_modules/express/lib/router/index.js:280:10)
      at Layer.handle_error (node_modules/express/lib/router/layer.js:67:12)
      at trim_prefix (node_modules/express/lib/router/index.js:326:13)
      at node_modules/express/lib/router/index.js:286:9
      at Function.process_params (node_modules/express/lib/router/index.js:346:12)
      at next (node_modules/express/lib/router/index.js:280:10)
      at node_modules/express/lib/router/index.js:646:15
      at next (node_modules/express/lib/router/index.js:265:14)
      at next (node_modules/express/lib/router/route.js:141:14)
      at next (src/controllers/message.controller.ts:158:14)

  console.error
    Error: AppError: Not authorized to delete this message
        at deleteMessage (C:\Users\DELL\Desktop\personnal project\1000 FIKRA\DKHOUL\backend\src\controllers\message.controller.ts:187:19)
        at processTicksAndRejections (node:internal/process/task_queues:105:5) {
      statusCode: 403,
      status: 'fail',
      isOperational: true
    }

    [0m [90m 49 |[39m   }
     [90m 50 |[39m
    [31m[1m>[22m[39m[90m 51 |[39m   console[33m.[39merror([32m'Error:'[39m[33m,[39m err)[33m;[39m
     [90m    |[39m           [31m[1m^[22m[39m
     [90m 52 |[39m
     [90m 53 |[39m   res[33m.[39mstatus(statusCode)[33m.[39mjson({
     [90m 54 |[39m     success[33m:[39m [36mfalse[39m[33m,[39m[0m

      at error (src/middleware/error.middleware.ts:51:11)
      at Layer.handle_error (node_modules/express/lib/router/layer.js:71:5)
      at trim_prefix (node_modules/express/lib/router/index.js:326:13)
      at node_modules/express/lib/router/index.js:286:9
      at Function.process_params (node_modules/express/lib/router/index.js:346:12)
      at next (node_modules/express/lib/router/index.js:280:10)
      at Layer.handle_error (node_modules/express/lib/router/layer.js:67:12)
      at trim_prefix (node_modules/express/lib/router/index.js:326:13)
      at node_modules/express/lib/router/index.js:286:9
      at Function.process_params (node_modules/express/lib/router/index.js:346:12)
      at Immediate.next (node_modules/express/lib/router/index.js:280:10)
      at Immediate._onImmediate (node_modules/express/lib/router/index.js:646:15)

  console.error
    Error: CastError: Cast to ObjectId failed for value "profile" (type string) at path "_id" for model "User"
        at ObjectId.Object.<anonymous>.ObjectId.cast (C:\Users\DELL\Desktop\personnal project\1000 FIKRA\DKHOUL\backend\node_modules\mongoose\lib\schema\objectid.js:250:11)
        at ObjectId.Object.<anonymous>.SchemaType.applySetters (C:\Users\DELL\Desktop\personnal project\1000 FIKRA\DKHOUL\backend\node_modules\mongoose\lib\schematype.js:1219:12)
        at ObjectId.Object.<anonymous>.SchemaType.castForQuery (C:\Users\DELL\Desktop\personnal project\1000 FIKRA\DKHOUL\backend\node_modules\mongoose\lib\schematype.js:1633:15)
        at cast (C:\Users\DELL\Desktop\personnal project\1000 FIKRA\DKHOUL\backend\node_modules\mongoose\lib\cast.js:389:32)
        at model.Query.Object.<anonymous>.Query.cast (C:\Users\DELL\Desktop\personnal project\1000 FIKRA\DKHOUL\backend\node_modules\mongoose\lib\query.js:4927:12)
        at model.Query.Object.<anonymous>.Query._castConditions (C:\Users\DELL\Desktop\personnal project\1000 FIKRA\DKHOUL\backend\node_modules\mongoose\lib\query.js:2237:10)
        at model.Query._findOne (C:\Users\DELL\Desktop\personnal project\1000 FIKRA\DKHOUL\backend\node_modules\mongoose\lib\query.js:2533:8)
        at model.Query.exec (C:\Users\DELL\Desktop\personnal project\1000 FIKRA\DKHOUL\backend\node_modules\mongoose\lib\query.js:4447:28)
        at processTicksAndRejections (node:internal/process/task_queues:105:5)
        at getUserById (C:\Users\DELL\Desktop\personnal project\1000 FIKRA\DKHOUL\backend\src\controllers\user.controller.ts:32:18) {
      stringValue: '"profile"',
      messageFormat: undefined,
      kind: 'ObjectId',
      value: 'profile',
      path: '_id',
      reason: BSONError: Argument passed in must be a string of 12 bytes or a string of 24 hex characters or an integer
          at new ObjectId (C:\Users\DELL\Desktop\personnal project\1000 FIKRA\DKHOUL\backend\node_modules\mongoose\node_modules\bson\src\objectid.ts:88:15)
          at castObjectId (C:\Users\DELL\Desktop\personnal project\1000 FIKRA\DKHOUL\backend\node_modules\mongoose\lib\cast\objectid.js:25:12)
          at ObjectId.Object.<anonymous>.ObjectId.cast (C:\Users\DELL\Desktop\personnal project\1000 FIKRA\DKHOUL\backend\node_modules\mongoose\lib\schema\objectid.js:248:12)
          at ObjectId.Object.<anonymous>.SchemaType.applySetters (C:\Users\DELL\Desktop\personnal project\1000 FIKRA\DKHOUL\backend\node_modules\mongoose\lib\schematype.js:1219:12)
          at ObjectId.Object.<anonymous>.SchemaType.castForQuery (C:\Users\DELL\Desktop\personnal project\1000 FIKRA\DKHOUL\backend\node_modules\mongoose\lib\schematype.js:1633:15)
          at cast (C:\Users\DELL\Desktop\personnal project\1000 FIKRA\DKHOUL\backend\node_modules\mongoose\lib\cast.js:389:32)
          at model.Query.Object.<anonymous>.Query.cast (C:\Users\DELL\Desktop\personnal project\1000 FIKRA\DKHOUL\backend\node_modules\mongoose\lib\query.js:4927:12)
          at model.Query.Object.<anonymous>.Query._castConditions (C:\Users\DELL\Desktop\personnal project\1000 FIKRA\DKHOUL\backend\node_modules\mongoose\lib\query.js:2237:10)
          at model.Query._findOne (C:\Users\DELL\Desktop\personnal project\1000 FIKRA\DKHOUL\backend\node_modules\mongoose\lib\query.js:2533:8)
          at model.Query.exec (C:\Users\DELL\Desktop\personnal project\1000 FIKRA\DKHOUL\backend\node_modules\mongoose\lib\query.js:4447:28)
          at processTicksAndRejections (node:internal/process/task_queues:105:5)
          at getUserById (C:\Users\DELL\Desktop\personnal project\1000 FIKRA\DKHOUL\backend\src\controllers\user.controller.ts:32:18),
      valueType: 'string',
      model: Model { User }
    }

    [0m [90m 49 |[39m   }
     [90m 50 |[39m
    [31m[1m>[22m[39m[90m 51 |[39m   console[33m.[39merror([32m'Error:'[39m[33m,[39m err)[33m;[39m
     [90m    |[39m           [31m[1m^[22m[39m
     [90m 52 |[39m
     [90m 53 |[39m   res[33m.[39mstatus(statusCode)[33m.[39mjson({
     [90m 54 |[39m     success[33m:[39m [36mfalse[39m[33m,[39m[0m

      at error (src/middleware/error.middleware.ts:51:11)
      at Layer.handle_error (node_modules/express/lib/router/layer.js:71:5)
      at trim_prefix (node_modules/express/lib/router/index.js:326:13)
      at node_modules/express/lib/router/index.js:286:9
      at Function.process_params (node_modules/express/lib/router/index.js:346:12)
      at next (node_modules/express/lib/router/index.js:280:10)
      at Layer.handle_error (node_modules/express/lib/router/layer.js:67:12)
      at trim_prefix (node_modules/express/lib/router/index.js:326:13)
      at node_modules/express/lib/router/index.js:286:9
      at Function.process_params (node_modules/express/lib/router/index.js:346:12)
      at next (node_modules/express/lib/router/index.js:280:10)
      at node_modules/express/lib/router/index.js:646:15
      at next (node_modules/express/lib/router/index.js:265:14)
      at Layer.handle_error (node_modules/express/lib/router/layer.js:67:12)
      at trim_prefix (node_modules/express/lib/router/index.js:326:13)
      at node_modules/express/lib/router/index.js:286:9
      at Function.process_params (node_modules/express/lib/router/index.js:346:12)
      at next (node_modules/express/lib/router/index.js:280:10)
      at next (node_modules/express/lib/router/route.js:141:14)
      at next (src/controllers/user.controller.ts:42:5)

  console.error
    Error: CastError: Cast to ObjectId failed for value "profile" (type string) at path "_id" for model "User"
        at ObjectId.Object.<anonymous>.ObjectId.cast (C:\Users\DELL\Desktop\personnal project\1000 FIKRA\DKHOUL\backend\node_modules\mongoose\lib\schema\objectid.js:250:11)
        at ObjectId.Object.<anonymous>.SchemaType.applySetters (C:\Users\DELL\Desktop\personnal project\1000 FIKRA\DKHOUL\backend\node_modules\mongoose\lib\schematype.js:1219:12)
        at ObjectId.Object.<anonymous>.SchemaType.castForQuery (C:\Users\DELL\Desktop\personnal project\1000 FIKRA\DKHOUL\backend\node_modules\mongoose\lib\schematype.js:1633:15)
        at cast (C:\Users\DELL\Desktop\personnal project\1000 FIKRA\DKHOUL\backend\node_modules\mongoose\lib\cast.js:389:32)
        at model.Query.Object.<anonymous>.Query.cast (C:\Users\DELL\Desktop\personnal project\1000 FIKRA\DKHOUL\backend\node_modules\mongoose\lib\query.js:4927:12)
        at model.Query.Object.<anonymous>.Query._castConditions (C:\Users\DELL\Desktop\personnal project\1000 FIKRA\DKHOUL\backend\node_modules\mongoose\lib\query.js:2237:10)
        at model.Query._findOne (C:\Users\DELL\Desktop\personnal project\1000 FIKRA\DKHOUL\backend\node_modules\mongoose\lib\query.js:2533:8)
        at model.Query.exec (C:\Users\DELL\Desktop\personnal project\1000 FIKRA\DKHOUL\backend\node_modules\mongoose\lib\query.js:4447:28)
        at processTicksAndRejections (node:internal/process/task_queues:105:5)
        at getUserById (C:\Users\DELL\Desktop\personnal project\1000 FIKRA\DKHOUL\backend\src\controllers\user.controller.ts:32:18) {
      stringValue: '"profile"',
      messageFormat: undefined,
      kind: 'ObjectId',
      value: 'profile',
      path: '_id',
      reason: BSONError: Argument passed in must be a string of 12 bytes or a string of 24 hex characters or an integer
          at new ObjectId (C:\Users\DELL\Desktop\personnal project\1000 FIKRA\DKHOUL\backend\node_modules\mongoose\node_modules\bson\src\objectid.ts:88:15)
          at castObjectId (C:\Users\DELL\Desktop\personnal project\1000 FIKRA\DKHOUL\backend\node_modules\mongoose\lib\cast\objectid.js:25:12)
          at ObjectId.Object.<anonymous>.ObjectId.cast (C:\Users\DELL\Desktop\personnal project\1000 FIKRA\DKHOUL\backend\node_modules\mongoose\lib\schema\objectid.js:248:12)
          at ObjectId.Object.<anonymous>.SchemaType.applySetters (C:\Users\DELL\Desktop\personnal project\1000 FIKRA\DKHOUL\backend\node_modules\mongoose\lib\schematype.js:1219:12)
          at ObjectId.Object.<anonymous>.SchemaType.castForQuery (C:\Users\DELL\Desktop\personnal project\1000 FIKRA\DKHOUL\backend\node_modules\mongoose\lib\schematype.js:1633:15)
          at cast (C:\Users\DELL\Desktop\personnal project\1000 FIKRA\DKHOUL\backend\node_modules\mongoose\lib\cast.js:389:32)
          at model.Query.Object.<anonymous>.Query.cast (C:\Users\DELL\Desktop\personnal project\1000 FIKRA\DKHOUL\backend\node_modules\mongoose\lib\query.js:4927:12)
          at model.Query.Object.<anonymous>.Query._castConditions (C:\Users\DELL\Desktop\personnal project\1000 FIKRA\DKHOUL\backend\node_modules\mongoose\lib\query.js:2237:10)
          at model.Query._findOne (C:\Users\DELL\Desktop\personnal project\1000 FIKRA\DKHOUL\backend\node_modules\mongoose\lib\query.js:2533:8)
          at model.Query.exec (C:\Users\DELL\Desktop\personnal project\1000 FIKRA\DKHOUL\backend\node_modules\mongoose\lib\query.js:4447:28)
          at processTicksAndRejections (node:internal/process/task_queues:105:5)
          at getUserById (C:\Users\DELL\Desktop\personnal project\1000 FIKRA\DKHOUL\backend\src\controllers\user.controller.ts:32:18),
      valueType: 'string',
      model: Model { User }
    }

    [0m [90m 49 |[39m   }
     [90m 50 |[39m
    [31m[1m>[22m[39m[90m 51 |[39m   console[33m.[39merror([32m'Error:'[39m[33m,[39m err)[33m;[39m
     [90m    |[39m           [31m[1m^[22m[39m
     [90m 52 |[39m
     [90m 53 |[39m   res[33m.[39mstatus(statusCode)[33m.[39mjson({
     [90m 54 |[39m     success[33m:[39m [36mfalse[39m[33m,[39m[0m

      at error (src/middleware/error.middleware.ts:51:11)
      at Layer.handle_error (node_modules/express/lib/router/layer.js:71:5)
      at trim_prefix (node_modules/express/lib/router/index.js:326:13)
      at node_modules/express/lib/router/index.js:286:9
      at Function.process_params (node_modules/express/lib/router/index.js:346:12)
      at next (node_modules/express/lib/router/index.js:280:10)
      at Layer.handle_error (node_modules/express/lib/router/layer.js:67:12)
      at trim_prefix (node_modules/express/lib/router/index.js:326:13)
      at node_modules/express/lib/router/index.js:286:9
      at Function.process_params (node_modules/express/lib/router/index.js:346:12)
      at next (node_modules/express/lib/router/index.js:280:10)
      at node_modules/express/lib/router/index.js:646:15
      at next (node_modules/express/lib/router/index.js:265:14)
      at Layer.handle_error (node_modules/express/lib/router/layer.js:67:12)
      at trim_prefix (node_modules/express/lib/router/index.js:326:13)
      at node_modules/express/lib/router/index.js:286:9
      at Function.process_params (node_modules/express/lib/router/index.js:346:12)
      at next (node_modules/express/lib/router/index.js:280:10)
      at next (node_modules/express/lib/router/route.js:141:14)
      at next (src/controllers/user.controller.ts:42:5)

FAIL src/__tests__/controllers/message.controller.test.ts (75.79 s)
  Message Controller
    POST /api/messages
      ÔêÜ should send text message (1278 ms)
      ├ù should send message with image (291 ms)
      ÔêÜ should reject empty message (300 ms)
      ÔêÜ should reject without authentication (142 ms)
      ÔêÜ should generate correct conversationId (321 ms)
    GET /api/messages/conversation/:otherUserId
      ÔêÜ should get conversation between two users (371 ms)
      ÔêÜ should paginate conversation messages (342 ms)
      ÔêÜ should return empty array for new conversation (411 ms)
    GET /api/messages/conversations
      ÔêÜ should list all user conversations (523 ms)
      ÔêÜ should show unread message count (280 ms)
    PATCH /api/messages/:id/read
      ÔêÜ should mark message as read (269 ms)
      ÔêÜ should reject marking other user's message as read (413 ms)
    DELETE /api/messages/:id
      ÔêÜ should delete own message (504 ms)
      ÔêÜ should reject deleting other user's message (484 ms)

  ÔùÅ Message Controller ÔÇ║ POST /api/messages ÔÇ║ should send message with image

    expect(received).toBe(expected) // Object.is equality

    Expected: "https://example.com/image.jpg"
    Received: undefined

    [0m [90m 41 |[39m
     [90m 42 |[39m       expect(response[33m.[39mstatus)[33m.[39mtoBe([35m201[39m)[33m;[39m
    [31m[1m>[22m[39m[90m 43 |[39m       expect(response[33m.[39mbody[33m.[39mdata[33m.[39mmessage[33m.[39mimageUrl)[33m.[39mtoBe([32m'https://example.com/image.jpg'[39m)[33m;[39m
     [90m    |[39m                                                   [31m[1m^[22m[39m
     [90m 44 |[39m     })[33m;[39m
     [90m 45 |[39m
     [90m 46 |[39m     it([32m'should reject empty message'[39m[33m,[39m [36masync[39m () [33m=>[39m {[0m

      at Object.<anonymous> (src/__tests__/controllers/message.controller.test.ts:43:51)

(node:7908) NOTE: The AWS SDK for JavaScript (v2) is in maintenance mode.
 SDK releases are limited to address critical bug fixes and security issues only.

Please migrate your code to use AWS SDK for JavaScript (v3).
For more information, check the blog post at https://a.co/cUPnyil
(Use `node --trace-warnings ...` to show where the warning was created)
  console.error
    Error: AppError: User not found
        at getUserById (C:\Users\DELL\Desktop\personnal project\1000 FIKRA\DKHOUL\backend\src\controllers\user.controller.ts:34:19)
        at processTicksAndRejections (node:internal/process/task_queues:105:5) {
      statusCode: 404,
      status: 'fail',
      isOperational: true
    }

    [0m [90m 49 |[39m   }
     [90m 50 |[39m
    [31m[1m>[22m[39m[90m 51 |[39m   console[33m.[39merror([32m'Error:'[39m[33m,[39m err)[33m;[39m
     [90m    |[39m           [31m[1m^[22m[39m
     [90m 52 |[39m
     [90m 53 |[39m   res[33m.[39mstatus(statusCode)[33m.[39mjson({
     [90m 54 |[39m     success[33m:[39m [36mfalse[39m[33m,[39m[0m

      at error (src/middleware/error.middleware.ts:51:11)
      at Layer.handle_error (node_modules/express/lib/router/layer.js:71:5)
      at trim_prefix (node_modules/express/lib/router/index.js:326:13)
      at node_modules/express/lib/router/index.js:286:9
      at Function.process_params (node_modules/express/lib/router/index.js:346:12)
      at next (node_modules/express/lib/router/index.js:280:10)
      at Layer.handle_error (node_modules/express/lib/router/layer.js:67:12)
      at trim_prefix (node_modules/express/lib/router/index.js:326:13)
      at node_modules/express/lib/router/index.js:286:9
      at Function.process_params (node_modules/express/lib/router/index.js:346:12)
      at next (node_modules/express/lib/router/index.js:280:10)
      at node_modules/express/lib/router/index.js:646:15
      at next (node_modules/express/lib/router/index.js:265:14)
      at Layer.handle_error (node_modules/express/lib/router/layer.js:67:12)
      at trim_prefix (node_modules/express/lib/router/index.js:326:13)
      at node_modules/express/lib/router/index.js:286:9
      at Function.process_params (node_modules/express/lib/router/index.js:346:12)
      at next (node_modules/express/lib/router/index.js:280:10)
      at next (node_modules/express/lib/router/route.js:141:14)
      at next (src/controllers/user.controller.ts:34:14)

  console.log
    Ô£ë´©Å SendGrid initialized

      at Object.log (src/services/email.service.ts:7:11)

  console.error
    Error: AppError: Not Found - /api/users/profile
        at notFound (C:\Users\DELL\Desktop\personnal project\1000 FIKRA\DKHOUL\backend\src\middleware\error.middleware.ts:62:17)
        at Layer.handle [as handle_request] (C:\Users\DELL\Desktop\personnal project\1000 FIKRA\DKHOUL\backend\node_modules\express\lib\router\layer.js:95:5)
        at trim_prefix (C:\Users\DELL\Desktop\personnal project\1000 FIKRA\DKHOUL\backend\node_modules\express\lib\router\index.js:328:13)
        at C:\Users\DELL\Desktop\personnal project\1000 FIKRA\DKHOUL\backend\node_modules\express\lib\router\index.js:286:9
        at Function.process_params (C:\Users\DELL\Desktop\personnal project\1000 FIKRA\DKHOUL\backend\node_modules\express\lib\router\index.js:346:12)
        at next (C:\Users\DELL\Desktop\personnal project\1000 FIKRA\DKHOUL\backend\node_modules\express\lib\router\index.js:280:10)
        at C:\Users\DELL\Desktop\personnal project\1000 FIKRA\DKHOUL\backend\node_modules\express\lib\router\index.js:646:15
        at next (C:\Users\DELL\Desktop\personnal project\1000 FIKRA\DKHOUL\backend\node_modules\express\lib\router\index.js:265:14)
        at next (C:\Users\DELL\Desktop\personnal project\1000 FIKRA\DKHOUL\backend\src\middleware\auth.middleware.ts:28:5)
        at Layer.handle [as handle_request] (C:\Users\DELL\Desktop\personnal project\1000 FIKRA\DKHOUL\backend\node_modules\express\lib\router\layer.js:95:5)
        at trim_prefix (C:\Users\DELL\Desktop\personnal project\1000 FIKRA\DKHOUL\backend\node_modules\express\lib\router\index.js:328:13)
        at C:\Users\DELL\Desktop\personnal project\1000 FIKRA\DKHOUL\backend\node_modules\express\lib\router\index.js:286:9
        at Function.process_params (C:\Users\DELL\Desktop\personnal project\1000 FIKRA\DKHOUL\backend\node_modules\express\lib\router\index.js:346:12)
        at next (C:\Users\DELL\Desktop\personnal project\1000 FIKRA\DKHOUL\backend\node_modules\express\lib\router\index.js:280:10)
        at Function.handle (C:\Users\DELL\Desktop\personnal project\1000 FIKRA\DKHOUL\backend\node_modules\express\lib\router\index.js:175:3)
        at router (C:\Users\DELL\Desktop\personnal project\1000 FIKRA\DKHOUL\backend\node_modules\express\lib\router\index.js:47:12)
        at Layer.handle [as handle_request] (C:\Users\DELL\Desktop\personnal project\1000 FIKRA\DKHOUL\backend\node_modules\express\lib\router\layer.js:95:5)
        at trim_prefix (C:\Users\DELL\Desktop\personnal project\1000 FIKRA\DKHOUL\backend\node_modules\express\lib\router\index.js:328:13)
        at C:\Users\DELL\Desktop\personnal project\1000 FIKRA\DKHOUL\backend\node_modules\express\lib\router\index.js:286:9
        at Function.process_params (C:\Users\DELL\Desktop\personnal project\1000 FIKRA\DKHOUL\backend\node_modules\express\lib\router\index.js:346:12)
        at next (C:\Users\DELL\Desktop\personnal project\1000 FIKRA\DKHOUL\backend\node_modules\express\lib\router\index.js:280:10)
        at urlencodedParser (C:\Users\DELL\Desktop\personnal project\1000 FIKRA\DKHOUL\backend\node_modules\body-parser\lib\types\urlencoded.js:85:7)
        at Layer.handle [as handle_request] (C:\Users\DELL\Desktop\personnal project\1000 FIKRA\DKHOUL\backend\node_modules\express\lib\router\layer.js:95:5)
        at trim_prefix (C:\Users\DELL\Desktop\personnal project\1000 FIKRA\DKHOUL\backend\node_modules\express\lib\router\index.js:328:13)
        at C:\Users\DELL\Desktop\personnal project\1000 FIKRA\DKHOUL\backend\node_modules\express\lib\router\index.js:286:9
        at Function.process_params (C:\Users\DELL\Desktop\personnal project\1000 FIKRA\DKHOUL\backend\node_modules\express\lib\router\index.js:346:12)
        at next (C:\Users\DELL\Desktop\personnal project\1000 FIKRA\DKHOUL\backend\node_modules\express\lib\router\index.js:280:10)
        at C:\Users\DELL\Desktop\personnal project\1000 FIKRA\DKHOUL\backend\node_modules\body-parser\lib\read.js:137:5
        at AsyncResource.runInAsyncScope (node:async_hooks:214:14)
        at invokeCallback (C:\Users\DELL\Desktop\personnal project\1000 FIKRA\DKHOUL\backend\node_modules\raw-body\index.js:238:16)
        at done (C:\Users\DELL\Desktop\personnal project\1000 FIKRA\DKHOUL\backend\node_modules\raw-body\index.js:227:7)
        at IncomingMessage.onEnd (C:\Users\DELL\Desktop\personnal project\1000 FIKRA\DKHOUL\backend\node_modules\raw-body\index.js:287:7)
        at IncomingMessage.emit (node:events:518:28)
        at IncomingMessage.emit (node:domain:489:12)
        at endReadableNT (node:internal/streams/readable:1698:12)
        at processTicksAndRejections (node:internal/process/task_queues:90:21) {
      statusCode: 404,
      status: 'fail',
      isOperational: true
    }

    [0m [90m 49 |[39m   }
     [90m 50 |[39m
    [31m[1m>[22m[39m[90m 51 |[39m   console[33m.[39merror([32m'Error:'[39m[33m,[39m err)[33m;[39m
     [90m    |[39m           [31m[1m^[22m[39m
     [90m 52 |[39m
     [90m 53 |[39m   res[33m.[39mstatus(statusCode)[33m.[39mjson({
     [90m 54 |[39m     success[33m:[39m [36mfalse[39m[33m,[39m[0m

      at error (src/middleware/error.middleware.ts:51:11)
      at Layer.handle_error (node_modules/express/lib/router/layer.js:71:5)
      at trim_prefix (node_modules/express/lib/router/index.js:326:13)
      at node_modules/express/lib/router/index.js:286:9
      at Function.process_params (node_modules/express/lib/router/index.js:346:12)
      at next (node_modules/express/lib/router/index.js:280:10)
      at next (src/middleware/error.middleware.ts:63:3)
      at Layer.handle [as handle_request] (node_modules/express/lib/router/layer.js:95:5)
      at trim_prefix (node_modules/express/lib/router/index.js:328:13)
      at node_modules/express/lib/router/index.js:286:9
      at Function.process_params (node_modules/express/lib/router/index.js:346:12)
      at next (node_modules/express/lib/router/index.js:280:10)
      at node_modules/express/lib/router/index.js:646:15
      at next (node_modules/express/lib/router/index.js:265:14)
      at next (src/middleware/auth.middleware.ts:28:5)
      at Layer.handle [as handle_request] (node_modules/express/lib/router/layer.js:95:5)
      at trim_prefix (node_modules/express/lib/router/index.js:328:13)
      at node_modules/express/lib/router/index.js:286:9
      at Function.process_params (node_modules/express/lib/router/index.js:346:12)
      at next (node_modules/express/lib/router/index.js:280:10)
      at Function.handle (node_modules/express/lib/router/index.js:175:3)
      at router (node_modules/express/lib/router/index.js:47:12)
      at Layer.handle [as handle_request] (node_modules/express/lib/router/layer.js:95:5)
      at trim_prefix (node_modules/express/lib/router/index.js:328:13)
      at node_modules/express/lib/router/index.js:286:9
      at Function.process_params (node_modules/express/lib/router/index.js:346:12)
      at next (node_modules/express/lib/router/index.js:280:10)
      at urlencodedParser (node_modules/body-parser/lib/types/urlencoded.js:85:7)
      at Layer.handle [as handle_request] (node_modules/express/lib/router/layer.js:95:5)
      at trim_prefix (node_modules/express/lib/router/index.js:328:13)
      at node_modules/express/lib/router/index.js:286:9
      at Function.process_params (node_modules/express/lib/router/index.js:346:12)
      at next (node_modules/express/lib/router/index.js:280:10)
      at node_modules/body-parser/lib/read.js:137:5
      at invokeCallback (node_modules/raw-body/index.js:238:16)
      at done (node_modules/raw-body/index.js:227:7)
      at IncomingMessage.onEnd (node_modules/raw-body/index.js:287:7)

PASS src/__tests__/utils/jwt.util.test.ts (76.258 s)
  JWT Utilities
    generateAccessToken
      ÔêÜ should generate a valid access token (47 ms)
      ÔêÜ should generate different tokens for different payloads (6 ms)
    generateRefreshToken
      ÔêÜ should generate a valid refresh token (3 ms)
    verifyAccessToken
      ÔêÜ should verify a valid access token (7 ms)
      ÔêÜ should throw error for invalid token (107 ms)
      ÔêÜ should throw error for malformed token (2 ms)
      ÔêÜ should throw error for tampered token (4 ms)
    verifyRefreshToken
      ÔêÜ should verify a valid refresh token (3 ms)
      ÔêÜ should throw error for invalid refresh token (1 ms)
    Token expiration
      ÔêÜ should include expiration claim (10 ms)

  console.error
    Error: AppError: Not Found - /api/users/profile
        at notFound (C:\Users\DELL\Desktop\personnal project\1000 FIKRA\DKHOUL\backend\src\middleware\error.middleware.ts:62:17)
        at Layer.handle [as handle_request] (C:\Users\DELL\Desktop\personnal project\1000 FIKRA\DKHOUL\backend\node_modules\express\lib\router\layer.js:95:5)
        at trim_prefix (C:\Users\DELL\Desktop\personnal project\1000 FIKRA\DKHOUL\backend\node_modules\express\lib\router\index.js:328:13)
        at C:\Users\DELL\Desktop\personnal project\1000 FIKRA\DKHOUL\backend\node_modules\express\lib\router\index.js:286:9
        at Function.process_params (C:\Users\DELL\Desktop\personnal project\1000 FIKRA\DKHOUL\backend\node_modules\express\lib\router\index.js:346:12)
        at next (C:\Users\DELL\Desktop\personnal project\1000 FIKRA\DKHOUL\backend\node_modules\express\lib\router\index.js:280:10)
        at C:\Users\DELL\Desktop\personnal project\1000 FIKRA\DKHOUL\backend\node_modules\express\lib\router\index.js:646:15
        at next (C:\Users\DELL\Desktop\personnal project\1000 FIKRA\DKHOUL\backend\node_modules\express\lib\router\index.js:265:14)
        at next (C:\Users\DELL\Desktop\personnal project\1000 FIKRA\DKHOUL\backend\src\middleware\auth.middleware.ts:28:5)
        at Layer.handle [as handle_request] (C:\Users\DELL\Desktop\personnal project\1000 FIKRA\DKHOUL\backend\node_modules\express\lib\router\layer.js:95:5)
        at trim_prefix (C:\Users\DELL\Desktop\personnal project\1000 FIKRA\DKHOUL\backend\node_modules\express\lib\router\index.js:328:13)
        at C:\Users\DELL\Desktop\personnal project\1000 FIKRA\DKHOUL\backend\node_modules\express\lib\router\index.js:286:9
        at Function.process_params (C:\Users\DELL\Desktop\personnal project\1000 FIKRA\DKHOUL\backend\node_modules\express\lib\router\index.js:346:12)
        at next (C:\Users\DELL\Desktop\personnal project\1000 FIKRA\DKHOUL\backend\node_modules\express\lib\router\index.js:280:10)
        at Function.handle (C:\Users\DELL\Desktop\personnal project\1000 FIKRA\DKHOUL\backend\node_modules\express\lib\router\index.js:175:3)
        at router (C:\Users\DELL\Desktop\personnal project\1000 FIKRA\DKHOUL\backend\node_modules\express\lib\router\index.js:47:12)
        at Layer.handle [as handle_request] (C:\Users\DELL\Desktop\personnal project\1000 FIKRA\DKHOUL\backend\node_modules\express\lib\router\layer.js:95:5)
        at trim_prefix (C:\Users\DELL\Desktop\personnal project\1000 FIKRA\DKHOUL\backend\node_modules\express\lib\router\index.js:328:13)
        at C:\Users\DELL\Desktop\personnal project\1000 FIKRA\DKHOUL\backend\node_modules\express\lib\router\index.js:286:9
        at Function.process_params (C:\Users\DELL\Desktop\personnal project\1000 FIKRA\DKHOUL\backend\node_modules\express\lib\router\index.js:346:12)
        at next (C:\Users\DELL\Desktop\personnal project\1000 FIKRA\DKHOUL\backend\node_modules\express\lib\router\index.js:280:10)
        at urlencodedParser (C:\Users\DELL\Desktop\personnal project\1000 FIKRA\DKHOUL\backend\node_modules\body-parser\lib\types\urlencoded.js:85:7)
        at Layer.handle [as handle_request] (C:\Users\DELL\Desktop\personnal project\1000 FIKRA\DKHOUL\backend\node_modules\express\lib\router\layer.js:95:5)
        at trim_prefix (C:\Users\DELL\Desktop\personnal project\1000 FIKRA\DKHOUL\backend\node_modules\express\lib\router\index.js:328:13)
        at C:\Users\DELL\Desktop\personnal project\1000 FIKRA\DKHOUL\backend\node_modules\express\lib\router\index.js:286:9
        at Function.process_params (C:\Users\DELL\Desktop\personnal project\1000 FIKRA\DKHOUL\backend\node_modules\express\lib\router\index.js:346:12)
        at next (C:\Users\DELL\Desktop\personnal project\1000 FIKRA\DKHOUL\backend\node_modules\express\lib\router\index.js:280:10)
        at C:\Users\DELL\Desktop\personnal project\1000 FIKRA\DKHOUL\backend\node_modules\body-parser\lib\read.js:137:5
        at AsyncResource.runInAsyncScope (node:async_hooks:214:14)
        at invokeCallback (C:\Users\DELL\Desktop\personnal project\1000 FIKRA\DKHOUL\backend\node_modules\raw-body\index.js:238:16)
        at done (C:\Users\DELL\Desktop\personnal project\1000 FIKRA\DKHOUL\backend\node_modules\raw-body\index.js:227:7)
        at IncomingMessage.onEnd (C:\Users\DELL\Desktop\personnal project\1000 FIKRA\DKHOUL\backend\node_modules\raw-body\index.js:287:7)
        at IncomingMessage.emit (node:events:518:28)
        at IncomingMessage.emit (node:domain:489:12)
        at endReadableNT (node:internal/streams/readable:1698:12)
        at processTicksAndRejections (node:internal/process/task_queues:90:21) {
      statusCode: 404,
      status: 'fail',
      isOperational: true
    }

    [0m [90m 49 |[39m   }
     [90m 50 |[39m
    [31m[1m>[22m[39m[90m 51 |[39m   console[33m.[39merror([32m'Error:'[39m[33m,[39m err)[33m;[39m
     [90m    |[39m           [31m[1m^[22m[39m
     [90m 52 |[39m
     [90m 53 |[39m   res[33m.[39mstatus(statusCode)[33m.[39mjson({
     [90m 54 |[39m     success[33m:[39m [36mfalse[39m[33m,[39m[0m

      at error (src/middleware/error.middleware.ts:51:11)
      at Layer.handle_error (node_modules/express/lib/router/layer.js:71:5)
      at trim_prefix (node_modules/express/lib/router/index.js:326:13)
      at node_modules/express/lib/router/index.js:286:9
      at Function.process_params (node_modules/express/lib/router/index.js:346:12)
      at next (node_modules/express/lib/router/index.js:280:10)
      at next (src/middleware/error.middleware.ts:63:3)
      at Layer.handle [as handle_request] (node_modules/express/lib/router/layer.js:95:5)
      at trim_prefix (node_modules/express/lib/router/index.js:328:13)
      at node_modules/express/lib/router/index.js:286:9
      at Function.process_params (node_modules/express/lib/router/index.js:346:12)
      at next (node_modules/express/lib/router/index.js:280:10)
      at node_modules/express/lib/router/index.js:646:15
      at next (node_modules/express/lib/router/index.js:265:14)
      at next (src/middleware/auth.middleware.ts:28:5)
      at Layer.handle [as handle_request] (node_modules/express/lib/router/layer.js:95:5)
      at trim_prefix (node_modules/express/lib/router/index.js:328:13)
      at node_modules/express/lib/router/index.js:286:9
      at Function.process_params (node_modules/express/lib/router/index.js:346:12)
      at next (node_modules/express/lib/router/index.js:280:10)
      at Function.handle (node_modules/express/lib/router/index.js:175:3)
      at router (node_modules/express/lib/router/index.js:47:12)
      at Layer.handle [as handle_request] (node_modules/express/lib/router/layer.js:95:5)
      at trim_prefix (node_modules/express/lib/router/index.js:328:13)
      at node_modules/express/lib/router/index.js:286:9
      at Function.process_params (node_modules/express/lib/router/index.js:346:12)
      at next (node_modules/express/lib/router/index.js:280:10)
      at urlencodedParser (node_modules/body-parser/lib/types/urlencoded.js:85:7)
      at Layer.handle [as handle_request] (node_modules/express/lib/router/layer.js:95:5)
      at trim_prefix (node_modules/express/lib/router/index.js:328:13)
      at node_modules/express/lib/router/index.js:286:9
      at Function.process_params (node_modules/express/lib/router/index.js:346:12)
      at next (node_modules/express/lib/router/index.js:280:10)
      at node_modules/body-parser/lib/read.js:137:5
      at invokeCallback (node_modules/raw-body/index.js:238:16)
      at done (node_modules/raw-body/index.js:227:7)
      at IncomingMessage.onEnd (node_modules/raw-body/index.js:287:7)

  console.error
    Error: AppError: Not Found - /api/users/profile
        at notFound (C:\Users\DELL\Desktop\personnal project\1000 FIKRA\DKHOUL\backend\src\middleware\error.middleware.ts:62:17)
        at Layer.handle [as handle_request] (C:\Users\DELL\Desktop\personnal project\1000 FIKRA\DKHOUL\backend\node_modules\express\lib\router\layer.js:95:5)
        at trim_prefix (C:\Users\DELL\Desktop\personnal project\1000 FIKRA\DKHOUL\backend\node_modules\express\lib\router\index.js:328:13)
        at C:\Users\DELL\Desktop\personnal project\1000 FIKRA\DKHOUL\backend\node_modules\express\lib\router\index.js:286:9
        at Function.process_params (C:\Users\DELL\Desktop\personnal project\1000 FIKRA\DKHOUL\backend\node_modules\express\lib\router\index.js:346:12)
        at next (C:\Users\DELL\Desktop\personnal project\1000 FIKRA\DKHOUL\backend\node_modules\express\lib\router\index.js:280:10)
        at C:\Users\DELL\Desktop\personnal project\1000 FIKRA\DKHOUL\backend\node_modules\express\lib\router\index.js:646:15
        at next (C:\Users\DELL\Desktop\personnal project\1000 FIKRA\DKHOUL\backend\node_modules\express\lib\router\index.js:265:14)
        at next (C:\Users\DELL\Desktop\personnal project\1000 FIKRA\DKHOUL\backend\src\middleware\auth.middleware.ts:28:5)
        at Layer.handle [as handle_request] (C:\Users\DELL\Desktop\personnal project\1000 FIKRA\DKHOUL\backend\node_modules\express\lib\router\layer.js:95:5)
        at trim_prefix (C:\Users\DELL\Desktop\personnal project\1000 FIKRA\DKHOUL\backend\node_modules\express\lib\router\index.js:328:13)
        at C:\Users\DELL\Desktop\personnal project\1000 FIKRA\DKHOUL\backend\node_modules\express\lib\router\index.js:286:9
        at Function.process_params (C:\Users\DELL\Desktop\personnal project\1000 FIKRA\DKHOUL\backend\node_modules\express\lib\router\index.js:346:12)
        at next (C:\Users\DELL\Desktop\personnal project\1000 FIKRA\DKHOUL\backend\node_modules\express\lib\router\index.js:280:10)
        at Function.handle (C:\Users\DELL\Desktop\personnal project\1000 FIKRA\DKHOUL\backend\node_modules\express\lib\router\index.js:175:3)
        at router (C:\Users\DELL\Desktop\personnal project\1000 FIKRA\DKHOUL\backend\node_modules\express\lib\router\index.js:47:12)
        at Layer.handle [as handle_request] (C:\Users\DELL\Desktop\personnal project\1000 FIKRA\DKHOUL\backend\node_modules\express\lib\router\layer.js:95:5)
        at trim_prefix (C:\Users\DELL\Desktop\personnal project\1000 FIKRA\DKHOUL\backend\node_modules\express\lib\router\index.js:328:13)
        at C:\Users\DELL\Desktop\personnal project\1000 FIKRA\DKHOUL\backend\node_modules\express\lib\router\index.js:286:9
        at Function.process_params (C:\Users\DELL\Desktop\personnal project\1000 FIKRA\DKHOUL\backend\node_modules\express\lib\router\index.js:346:12)
        at next (C:\Users\DELL\Desktop\personnal project\1000 FIKRA\DKHOUL\backend\node_modules\express\lib\router\index.js:280:10)
        at urlencodedParser (C:\Users\DELL\Desktop\personnal project\1000 FIKRA\DKHOUL\backend\node_modules\body-parser\lib\types\urlencoded.js:85:7)
        at Layer.handle [as handle_request] (C:\Users\DELL\Desktop\personnal project\1000 FIKRA\DKHOUL\backend\node_modules\express\lib\router\layer.js:95:5)
        at trim_prefix (C:\Users\DELL\Desktop\personnal project\1000 FIKRA\DKHOUL\backend\node_modules\express\lib\router\index.js:328:13)
        at C:\Users\DELL\Desktop\personnal project\1000 FIKRA\DKHOUL\backend\node_modules\express\lib\router\index.js:286:9
        at Function.process_params (C:\Users\DELL\Desktop\personnal project\1000 FIKRA\DKHOUL\backend\node_modules\express\lib\router\index.js:346:12)
        at next (C:\Users\DELL\Desktop\personnal project\1000 FIKRA\DKHOUL\backend\node_modules\express\lib\router\index.js:280:10)
        at C:\Users\DELL\Desktop\personnal project\1000 FIKRA\DKHOUL\backend\node_modules\body-parser\lib\read.js:137:5
        at AsyncResource.runInAsyncScope (node:async_hooks:214:14)
        at invokeCallback (C:\Users\DELL\Desktop\personnal project\1000 FIKRA\DKHOUL\backend\node_modules\raw-body\index.js:238:16)
        at done (C:\Users\DELL\Desktop\personnal project\1000 FIKRA\DKHOUL\backend\node_modules\raw-body\index.js:227:7)
        at IncomingMessage.onEnd (C:\Users\DELL\Desktop\personnal project\1000 FIKRA\DKHOUL\backend\node_modules\raw-body\index.js:287:7)
        at IncomingMessage.emit (node:events:518:28)
        at IncomingMessage.emit (node:domain:489:12)
        at endReadableNT (node:internal/streams/readable:1698:12)
        at processTicksAndRejections (node:internal/process/task_queues:90:21) {
      statusCode: 404,
      status: 'fail',
      isOperational: true
    }

    [0m [90m 49 |[39m   }
     [90m 50 |[39m
    [31m[1m>[22m[39m[90m 51 |[39m   console[33m.[39merror([32m'Error:'[39m[33m,[39m err)[33m;[39m
     [90m    |[39m           [31m[1m^[22m[39m
     [90m 52 |[39m
     [90m 53 |[39m   res[33m.[39mstatus(statusCode)[33m.[39mjson({
     [90m 54 |[39m     success[33m:[39m [36mfalse[39m[33m,[39m[0m

      at error (src/middleware/error.middleware.ts:51:11)
      at Layer.handle_error (node_modules/express/lib/router/layer.js:71:5)
      at trim_prefix (node_modules/express/lib/router/index.js:326:13)
      at node_modules/express/lib/router/index.js:286:9
      at Function.process_params (node_modules/express/lib/router/index.js:346:12)
      at next (node_modules/express/lib/router/index.js:280:10)
      at next (src/middleware/error.middleware.ts:63:3)
      at Layer.handle [as handle_request] (node_modules/express/lib/router/layer.js:95:5)
      at trim_prefix (node_modules/express/lib/router/index.js:328:13)
      at node_modules/express/lib/router/index.js:286:9
      at Function.process_params (node_modules/express/lib/router/index.js:346:12)
      at next (node_modules/express/lib/router/index.js:280:10)
      at node_modules/express/lib/router/index.js:646:15
      at next (node_modules/express/lib/router/index.js:265:14)
      at next (src/middleware/auth.middleware.ts:28:5)
      at Layer.handle [as handle_request] (node_modules/express/lib/router/layer.js:95:5)
      at trim_prefix (node_modules/express/lib/router/index.js:328:13)
      at node_modules/express/lib/router/index.js:286:9
      at Function.process_params (node_modules/express/lib/router/index.js:346:12)
      at next (node_modules/express/lib/router/index.js:280:10)
      at Function.handle (node_modules/express/lib/router/index.js:175:3)
      at router (node_modules/express/lib/router/index.js:47:12)
      at Layer.handle [as handle_request] (node_modules/express/lib/router/layer.js:95:5)
      at trim_prefix (node_modules/express/lib/router/index.js:328:13)
      at node_modules/express/lib/router/index.js:286:9
      at Function.process_params (node_modules/express/lib/router/index.js:346:12)
      at next (node_modules/express/lib/router/index.js:280:10)
      at urlencodedParser (node_modules/body-parser/lib/types/urlencoded.js:85:7)
      at Layer.handle [as handle_request] (node_modules/express/lib/router/layer.js:95:5)
      at trim_prefix (node_modules/express/lib/router/index.js:328:13)
      at node_modules/express/lib/router/index.js:286:9
      at Function.process_params (node_modules/express/lib/router/index.js:346:12)
      at next (node_modules/express/lib/router/index.js:280:10)
      at node_modules/body-parser/lib/read.js:137:5
      at invokeCallback (node_modules/raw-body/index.js:238:16)
      at done (node_modules/raw-body/index.js:227:7)
      at IncomingMessage.onEnd (node_modules/raw-body/index.js:287:7)

  console.error
    Error: AppError: Not Found - /api/users/profile
        at notFound (C:\Users\DELL\Desktop\personnal project\1000 FIKRA\DKHOUL\backend\src\middleware\error.middleware.ts:62:17)
        at Layer.handle [as handle_request] (C:\Users\DELL\Desktop\personnal project\1000 FIKRA\DKHOUL\backend\node_modules\express\lib\router\layer.js:95:5)
        at trim_prefix (C:\Users\DELL\Desktop\personnal project\1000 FIKRA\DKHOUL\backend\node_modules\express\lib\router\index.js:328:13)
        at C:\Users\DELL\Desktop\personnal project\1000 FIKRA\DKHOUL\backend\node_modules\express\lib\router\index.js:286:9
        at Function.process_params (C:\Users\DELL\Desktop\personnal project\1000 FIKRA\DKHOUL\backend\node_modules\express\lib\router\index.js:346:12)
        at next (C:\Users\DELL\Desktop\personnal project\1000 FIKRA\DKHOUL\backend\node_modules\express\lib\router\index.js:280:10)
        at C:\Users\DELL\Desktop\personnal project\1000 FIKRA\DKHOUL\backend\node_modules\express\lib\router\index.js:646:15
        at next (C:\Users\DELL\Desktop\personnal project\1000 FIKRA\DKHOUL\backend\node_modules\express\lib\router\index.js:265:14)
        at next (C:\Users\DELL\Desktop\personnal project\1000 FIKRA\DKHOUL\backend\src\middleware\auth.middleware.ts:28:5)
        at Layer.handle [as handle_request] (C:\Users\DELL\Desktop\personnal project\1000 FIKRA\DKHOUL\backend\node_modules\express\lib\router\layer.js:95:5)
        at trim_prefix (C:\Users\DELL\Desktop\personnal project\1000 FIKRA\DKHOUL\backend\node_modules\express\lib\router\index.js:328:13)
        at C:\Users\DELL\Desktop\personnal project\1000 FIKRA\DKHOUL\backend\node_modules\express\lib\router\index.js:286:9
        at Function.process_params (C:\Users\DELL\Desktop\personnal project\1000 FIKRA\DKHOUL\backend\node_modules\express\lib\router\index.js:346:12)
        at next (C:\Users\DELL\Desktop\personnal project\1000 FIKRA\DKHOUL\backend\node_modules\express\lib\router\index.js:280:10)
        at Function.handle (C:\Users\DELL\Desktop\personnal project\1000 FIKRA\DKHOUL\backend\node_modules\express\lib\router\index.js:175:3)
        at router (C:\Users\DELL\Desktop\personnal project\1000 FIKRA\DKHOUL\backend\node_modules\express\lib\router\index.js:47:12)
        at Layer.handle [as handle_request] (C:\Users\DELL\Desktop\personnal project\1000 FIKRA\DKHOUL\backend\node_modules\express\lib\router\layer.js:95:5)
        at trim_prefix (C:\Users\DELL\Desktop\personnal project\1000 FIKRA\DKHOUL\backend\node_modules\express\lib\router\index.js:328:13)
        at C:\Users\DELL\Desktop\personnal project\1000 FIKRA\DKHOUL\backend\node_modules\express\lib\router\index.js:286:9
        at Function.process_params (C:\Users\DELL\Desktop\personnal project\1000 FIKRA\DKHOUL\backend\node_modules\express\lib\router\index.js:346:12)
        at next (C:\Users\DELL\Desktop\personnal project\1000 FIKRA\DKHOUL\backend\node_modules\express\lib\router\index.js:280:10)
        at urlencodedParser (C:\Users\DELL\Desktop\personnal project\1000 FIKRA\DKHOUL\backend\node_modules\body-parser\lib\types\urlencoded.js:85:7)
        at Layer.handle [as handle_request] (C:\Users\DELL\Desktop\personnal project\1000 FIKRA\DKHOUL\backend\node_modules\express\lib\router\layer.js:95:5)
        at trim_prefix (C:\Users\DELL\Desktop\personnal project\1000 FIKRA\DKHOUL\backend\node_modules\express\lib\router\index.js:328:13)
        at C:\Users\DELL\Desktop\personnal project\1000 FIKRA\DKHOUL\backend\node_modules\express\lib\router\index.js:286:9
        at Function.process_params (C:\Users\DELL\Desktop\personnal project\1000 FIKRA\DKHOUL\backend\node_modules\express\lib\router\index.js:346:12)
        at next (C:\Users\DELL\Desktop\personnal project\1000 FIKRA\DKHOUL\backend\node_modules\express\lib\router\index.js:280:10)
        at C:\Users\DELL\Desktop\personnal project\1000 FIKRA\DKHOUL\backend\node_modules\body-parser\lib\read.js:137:5
        at AsyncResource.runInAsyncScope (node:async_hooks:214:14)
        at invokeCallback (C:\Users\DELL\Desktop\personnal project\1000 FIKRA\DKHOUL\backend\node_modules\raw-body\index.js:238:16)
        at done (C:\Users\DELL\Desktop\personnal project\1000 FIKRA\DKHOUL\backend\node_modules\raw-body\index.js:227:7)
        at IncomingMessage.onEnd (C:\Users\DELL\Desktop\personnal project\1000 FIKRA\DKHOUL\backend\node_modules\raw-body\index.js:287:7)
        at IncomingMessage.emit (node:events:518:28)
        at IncomingMessage.emit (node:domain:489:12)
        at endReadableNT (node:internal/streams/readable:1698:12)
        at processTicksAndRejections (node:internal/process/task_queues:90:21) {
      statusCode: 404,
      status: 'fail',
      isOperational: true
    }

    [0m [90m 49 |[39m   }
     [90m 50 |[39m
    [31m[1m>[22m[39m[90m 51 |[39m   console[33m.[39merror([32m'Error:'[39m[33m,[39m err)[33m;[39m
     [90m    |[39m           [31m[1m^[22m[39m
     [90m 52 |[39m
     [90m 53 |[39m   res[33m.[39mstatus(statusCode)[33m.[39mjson({
     [90m 54 |[39m     success[33m:[39m [36mfalse[39m[33m,[39m[0m

      at error (src/middleware/error.middleware.ts:51:11)
      at Layer.handle_error (node_modules/express/lib/router/layer.js:71:5)
      at trim_prefix (node_modules/express/lib/router/index.js:326:13)
      at node_modules/express/lib/router/index.js:286:9
      at Function.process_params (node_modules/express/lib/router/index.js:346:12)
      at next (node_modules/express/lib/router/index.js:280:10)
      at next (src/middleware/error.middleware.ts:63:3)
      at Layer.handle [as handle_request] (node_modules/express/lib/router/layer.js:95:5)
      at trim_prefix (node_modules/express/lib/router/index.js:328:13)
      at node_modules/express/lib/router/index.js:286:9
      at Function.process_params (node_modules/express/lib/router/index.js:346:12)
      at next (node_modules/express/lib/router/index.js:280:10)
      at node_modules/express/lib/router/index.js:646:15
      at next (node_modules/express/lib/router/index.js:265:14)
      at next (src/middleware/auth.middleware.ts:28:5)
      at Layer.handle [as handle_request] (node_modules/express/lib/router/layer.js:95:5)
      at trim_prefix (node_modules/express/lib/router/index.js:328:13)
      at node_modules/express/lib/router/index.js:286:9
      at Function.process_params (node_modules/express/lib/router/index.js:346:12)
      at next (node_modules/express/lib/router/index.js:280:10)
      at Function.handle (node_modules/express/lib/router/index.js:175:3)
      at router (node_modules/express/lib/router/index.js:47:12)
      at Layer.handle [as handle_request] (node_modules/express/lib/router/layer.js:95:5)
      at trim_prefix (node_modules/express/lib/router/index.js:328:13)
      at node_modules/express/lib/router/index.js:286:9
      at Function.process_params (node_modules/express/lib/router/index.js:346:12)
      at next (node_modules/express/lib/router/index.js:280:10)
      at urlencodedParser (node_modules/body-parser/lib/types/urlencoded.js:85:7)
      at Layer.handle [as handle_request] (node_modules/express/lib/router/layer.js:95:5)
      at trim_prefix (node_modules/express/lib/router/index.js:328:13)
      at node_modules/express/lib/router/index.js:286:9
      at Function.process_params (node_modules/express/lib/router/index.js:346:12)
      at next (node_modules/express/lib/router/index.js:280:10)
      at node_modules/body-parser/lib/read.js:137:5
      at invokeCallback (node_modules/raw-body/index.js:238:16)
      at done (node_modules/raw-body/index.js:227:7)
      at IncomingMessage.onEnd (node_modules/raw-body/index.js:287:7)

  console.error
    Error: AppError: Not Found - /api/users/photo
        at notFound (C:\Users\DELL\Desktop\personnal project\1000 FIKRA\DKHOUL\backend\src\middleware\error.middleware.ts:62:17)
        at Layer.handle [as handle_request] (C:\Users\DELL\Desktop\personnal project\1000 FIKRA\DKHOUL\backend\node_modules\express\lib\router\layer.js:95:5)
        at trim_prefix (C:\Users\DELL\Desktop\personnal project\1000 FIKRA\DKHOUL\backend\node_modules\express\lib\router\index.js:328:13)
        at C:\Users\DELL\Desktop\personnal project\1000 FIKRA\DKHOUL\backend\node_modules\express\lib\router\index.js:286:9
        at Function.process_params (C:\Users\DELL\Desktop\personnal project\1000 FIKRA\DKHOUL\backend\node_modules\express\lib\router\index.js:346:12)
        at next (C:\Users\DELL\Desktop\personnal project\1000 FIKRA\DKHOUL\backend\node_modules\express\lib\router\index.js:280:10)
        at C:\Users\DELL\Desktop\personnal project\1000 FIKRA\DKHOUL\backend\node_modules\express\lib\router\index.js:646:15
        at next (C:\Users\DELL\Desktop\personnal project\1000 FIKRA\DKHOUL\backend\node_modules\express\lib\router\index.js:265:14)
        at next (C:\Users\DELL\Desktop\personnal project\1000 FIKRA\DKHOUL\backend\src\middleware\auth.middleware.ts:28:5)
        at Layer.handle [as handle_request] (C:\Users\DELL\Desktop\personnal project\1000 FIKRA\DKHOUL\backend\node_modules\express\lib\router\layer.js:95:5)
        at trim_prefix (C:\Users\DELL\Desktop\personnal project\1000 FIKRA\DKHOUL\backend\node_modules\express\lib\router\index.js:328:13)
        at C:\Users\DELL\Desktop\personnal project\1000 FIKRA\DKHOUL\backend\node_modules\express\lib\router\index.js:286:9
        at Function.process_params (C:\Users\DELL\Desktop\personnal project\1000 FIKRA\DKHOUL\backend\node_modules\express\lib\router\index.js:346:12)
        at next (C:\Users\DELL\Desktop\personnal project\1000 FIKRA\DKHOUL\backend\node_modules\express\lib\router\index.js:280:10)
        at Function.handle (C:\Users\DELL\Desktop\personnal project\1000 FIKRA\DKHOUL\backend\node_modules\express\lib\router\index.js:175:3)
        at router (C:\Users\DELL\Desktop\personnal project\1000 FIKRA\DKHOUL\backend\node_modules\express\lib\router\index.js:47:12)
        at Layer.handle [as handle_request] (C:\Users\DELL\Desktop\personnal project\1000 FIKRA\DKHOUL\backend\node_modules\express\lib\router\layer.js:95:5)
        at trim_prefix (C:\Users\DELL\Desktop\personnal project\1000 FIKRA\DKHOUL\backend\node_modules\express\lib\router\index.js:328:13)
        at C:\Users\DELL\Desktop\personnal project\1000 FIKRA\DKHOUL\backend\node_modules\express\lib\router\index.js:286:9
        at Function.process_params (C:\Users\DELL\Desktop\personnal project\1000 FIKRA\DKHOUL\backend\node_modules\express\lib\router\index.js:346:12)
        at next (C:\Users\DELL\Desktop\personnal project\1000 FIKRA\DKHOUL\backend\node_modules\express\lib\router\index.js:280:10)
        at urlencodedParser (C:\Users\DELL\Desktop\personnal project\1000 FIKRA\DKHOUL\backend\node_modules\body-parser\lib\types\urlencoded.js:103:7)
        at Layer.handle [as handle_request] (C:\Users\DELL\Desktop\personnal project\1000 FIKRA\DKHOUL\backend\node_modules\express\lib\router\layer.js:95:5)
        at trim_prefix (C:\Users\DELL\Desktop\personnal project\1000 FIKRA\DKHOUL\backend\node_modules\express\lib\router\index.js:328:13)
        at C:\Users\DELL\Desktop\personnal project\1000 FIKRA\DKHOUL\backend\node_modules\express\lib\router\index.js:286:9
        at Function.process_params (C:\Users\DELL\Desktop\personnal project\1000 FIKRA\DKHOUL\backend\node_modules\express\lib\router\index.js:346:12)
        at next (C:\Users\DELL\Desktop\personnal project\1000 FIKRA\DKHOUL\backend\node_modules\express\lib\router\index.js:280:10)
        at jsonParser (C:\Users\DELL\Desktop\personnal project\1000 FIKRA\DKHOUL\backend\node_modules\body-parser\lib\types\json.js:122:7)
        at Layer.handle [as handle_request] (C:\Users\DELL\Desktop\personnal project\1000 FIKRA\DKHOUL\backend\node_modules\express\lib\router\layer.js:95:5)
        at trim_prefix (C:\Users\DELL\Desktop\personnal project\1000 FIKRA\DKHOUL\backend\node_modules\express\lib\router\index.js:328:13)
        at C:\Users\DELL\Desktop\personnal project\1000 FIKRA\DKHOUL\backend\node_modules\express\lib\router\index.js:286:9
        at Function.process_params (C:\Users\DELL\Desktop\personnal project\1000 FIKRA\DKHOUL\backend\node_modules\express\lib\router\index.js:346:12)
        at next (C:\Users\DELL\Desktop\personnal project\1000 FIKRA\DKHOUL\backend\node_modules\express\lib\router\index.js:280:10)
        at C:\Users\DELL\Desktop\personnal project\1000 FIKRA\DKHOUL\backend\node_modules\express-rate-limit\dist\index.cjs:659:7
        at C:\Users\DELL\Desktop\personnal project\1000 FIKRA\DKHOUL\backend\node_modules\express-rate-limit\dist\index.cjs:576:5 {
      statusCode: 404,
      status: 'fail',
      isOperational: true
    }

    [0m [90m 49 |[39m   }
     [90m 50 |[39m
    [31m[1m>[22m[39m[90m 51 |[39m   console[33m.[39merror([32m'Error:'[39m[33m,[39m err)[33m;[39m
     [90m    |[39m           [31m[1m^[22m[39m
     [90m 52 |[39m
     [90m 53 |[39m   res[33m.[39mstatus(statusCode)[33m.[39mjson({
     [90m 54 |[39m     success[33m:[39m [36mfalse[39m[33m,[39m[0m

      at error (src/middleware/error.middleware.ts:51:11)
      at Layer.handle_error (node_modules/express/lib/router/layer.js:71:5)
      at trim_prefix (node_modules/express/lib/router/index.js:326:13)
      at node_modules/express/lib/router/index.js:286:9
      at Function.process_params (node_modules/express/lib/router/index.js:346:12)
      at next (node_modules/express/lib/router/index.js:280:10)
      at next (src/middleware/error.middleware.ts:63:3)
      at Layer.handle [as handle_request] (node_modules/express/lib/router/layer.js:95:5)
      at trim_prefix (node_modules/express/lib/router/index.js:328:13)
      at node_modules/express/lib/router/index.js:286:9
      at Function.process_params (node_modules/express/lib/router/index.js:346:12)
      at next (node_modules/express/lib/router/index.js:280:10)
      at node_modules/express/lib/router/index.js:646:15
      at next (node_modules/express/lib/router/index.js:265:14)
      at next (src/middleware/auth.middleware.ts:28:5)
      at Layer.handle [as handle_request] (node_modules/express/lib/router/layer.js:95:5)
      at trim_prefix (node_modules/express/lib/router/index.js:328:13)
      at node_modules/express/lib/router/index.js:286:9
      at Function.process_params (node_modules/express/lib/router/index.js:346:12)
      at next (node_modules/express/lib/router/index.js:280:10)
      at Function.handle (node_modules/express/lib/router/index.js:175:3)
      at router (node_modules/express/lib/router/index.js:47:12)
      at Layer.handle [as handle_request] (node_modules/express/lib/router/layer.js:95:5)
      at trim_prefix (node_modules/express/lib/router/index.js:328:13)
      at node_modules/express/lib/router/index.js:286:9
      at Function.process_params (node_modules/express/lib/router/index.js:346:12)
      at next (node_modules/express/lib/router/index.js:280:10)
      at urlencodedParser (node_modules/body-parser/lib/types/urlencoded.js:103:7)
      at Layer.handle [as handle_request] (node_modules/express/lib/router/layer.js:95:5)
      at trim_prefix (node_modules/express/lib/router/index.js:328:13)
      at node_modules/express/lib/router/index.js:286:9
      at Function.process_params (node_modules/express/lib/router/index.js:346:12)
      at next (node_modules/express/lib/router/index.js:280:10)
      at jsonParser (node_modules/body-parser/lib/types/json.js:122:7)
      at Layer.handle [as handle_request] (node_modules/express/lib/router/layer.js:95:5)
      at trim_prefix (node_modules/express/lib/router/index.js:328:13)
      at node_modules/express/lib/router/index.js:286:9
      at Function.process_params (node_modules/express/lib/router/index.js:346:12)
      at next (node_modules/express/lib/router/index.js:280:10)
      at node_modules/express-rate-limit/dist/index.cjs:659:7
      at node_modules/express-rate-limit/dist/index.cjs:576:5

  console.error
    Error: AppError: Not Found - /api/users/photo
        at notFound (C:\Users\DELL\Desktop\personnal project\1000 FIKRA\DKHOUL\backend\src\middleware\error.middleware.ts:62:17)
        at Layer.handle [as handle_request] (C:\Users\DELL\Desktop\personnal project\1000 FIKRA\DKHOUL\backend\node_modules\express\lib\router\layer.js:95:5)
        at trim_prefix (C:\Users\DELL\Desktop\personnal project\1000 FIKRA\DKHOUL\backend\node_modules\express\lib\router\index.js:328:13)
        at C:\Users\DELL\Desktop\personnal project\1000 FIKRA\DKHOUL\backend\node_modules\express\lib\router\index.js:286:9
        at Function.process_params (C:\Users\DELL\Desktop\personnal project\1000 FIKRA\DKHOUL\backend\node_modules\express\lib\router\index.js:346:12)
        at next (C:\Users\DELL\Desktop\personnal project\1000 FIKRA\DKHOUL\backend\node_modules\express\lib\router\index.js:280:10)
        at C:\Users\DELL\Desktop\personnal project\1000 FIKRA\DKHOUL\backend\node_modules\express\lib\router\index.js:646:15
        at next (C:\Users\DELL\Desktop\personnal project\1000 FIKRA\DKHOUL\backend\node_modules\express\lib\router\index.js:265:14)
        at next (C:\Users\DELL\Desktop\personnal project\1000 FIKRA\DKHOUL\backend\src\middleware\auth.middleware.ts:28:5)
        at Layer.handle [as handle_request] (C:\Users\DELL\Desktop\personnal project\1000 FIKRA\DKHOUL\backend\node_modules\express\lib\router\layer.js:95:5)
        at trim_prefix (C:\Users\DELL\Desktop\personnal project\1000 FIKRA\DKHOUL\backend\node_modules\express\lib\router\index.js:328:13)
        at C:\Users\DELL\Desktop\personnal project\1000 FIKRA\DKHOUL\backend\node_modules\express\lib\router\index.js:286:9
        at Function.process_params (C:\Users\DELL\Desktop\personnal project\1000 FIKRA\DKHOUL\backend\node_modules\express\lib\router\index.js:346:12)
        at next (C:\Users\DELL\Desktop\personnal project\1000 FIKRA\DKHOUL\backend\node_modules\express\lib\router\index.js:280:10)
        at Function.handle (C:\Users\DELL\Desktop\personnal project\1000 FIKRA\DKHOUL\backend\node_modules\express\lib\router\index.js:175:3)
        at router (C:\Users\DELL\Desktop\personnal project\1000 FIKRA\DKHOUL\backend\node_modules\express\lib\router\index.js:47:12)
        at Layer.handle [as handle_request] (C:\Users\DELL\Desktop\personnal project\1000 FIKRA\DKHOUL\backend\node_modules\express\lib\router\layer.js:95:5)
        at trim_prefix (C:\Users\DELL\Desktop\personnal project\1000 FIKRA\DKHOUL\backend\node_modules\express\lib\router\index.js:328:13)
        at C:\Users\DELL\Desktop\personnal project\1000 FIKRA\DKHOUL\backend\node_modules\express\lib\router\index.js:286:9
        at Function.process_params (C:\Users\DELL\Desktop\personnal project\1000 FIKRA\DKHOUL\backend\node_modules\express\lib\router\index.js:346:12)
        at next (C:\Users\DELL\Desktop\personnal project\1000 FIKRA\DKHOUL\backend\node_modules\express\lib\router\index.js:280:10)
        at urlencodedParser (C:\Users\DELL\Desktop\personnal project\1000 FIKRA\DKHOUL\backend\node_modules\body-parser\lib\types\urlencoded.js:103:7)
        at Layer.handle [as handle_request] (C:\Users\DELL\Desktop\personnal project\1000 FIKRA\DKHOUL\backend\node_modules\express\lib\router\layer.js:95:5)
        at trim_prefix (C:\Users\DELL\Desktop\personnal project\1000 FIKRA\DKHOUL\backend\node_modules\express\lib\router\index.js:328:13)
        at C:\Users\DELL\Desktop\personnal project\1000 FIKRA\DKHOUL\backend\node_modules\express\lib\router\index.js:286:9
        at Function.process_params (C:\Users\DELL\Desktop\personnal project\1000 FIKRA\DKHOUL\backend\node_modules\express\lib\router\index.js:346:12)
        at next (C:\Users\DELL\Desktop\personnal project\1000 FIKRA\DKHOUL\backend\node_modules\express\lib\router\index.js:280:10)
        at jsonParser (C:\Users\DELL\Desktop\personnal project\1000 FIKRA\DKHOUL\backend\node_modules\body-parser\lib\types\json.js:122:7)
        at Layer.handle [as handle_request] (C:\Users\DELL\Desktop\personnal project\1000 FIKRA\DKHOUL\backend\node_modules\express\lib\router\layer.js:95:5)
        at trim_prefix (C:\Users\DELL\Desktop\personnal project\1000 FIKRA\DKHOUL\backend\node_modules\express\lib\router\index.js:328:13)
        at C:\Users\DELL\Desktop\personnal project\1000 FIKRA\DKHOUL\backend\node_modules\express\lib\router\index.js:286:9
        at Function.process_params (C:\Users\DELL\Desktop\personnal project\1000 FIKRA\DKHOUL\backend\node_modules\express\lib\router\index.js:346:12)
        at next (C:\Users\DELL\Desktop\personnal project\1000 FIKRA\DKHOUL\backend\node_modules\express\lib\router\index.js:280:10)
        at C:\Users\DELL\Desktop\personnal project\1000 FIKRA\DKHOUL\backend\node_modules\express-rate-limit\dist\index.cjs:659:7
        at C:\Users\DELL\Desktop\personnal project\1000 FIKRA\DKHOUL\backend\node_modules\express-rate-limit\dist\index.cjs:576:5 {
      statusCode: 404,
      status: 'fail',
      isOperational: true
    }

    [0m [90m 49 |[39m   }
     [90m 50 |[39m
    [31m[1m>[22m[39m[90m 51 |[39m   console[33m.[39merror([32m'Error:'[39m[33m,[39m err)[33m;[39m
     [90m    |[39m           [31m[1m^[22m[39m
     [90m 52 |[39m
     [90m 53 |[39m   res[33m.[39mstatus(statusCode)[33m.[39mjson({
     [90m 54 |[39m     success[33m:[39m [36mfalse[39m[33m,[39m[0m

      at error (src/middleware/error.middleware.ts:51:11)
      at Layer.handle_error (node_modules/express/lib/router/layer.js:71:5)
      at trim_prefix (node_modules/express/lib/router/index.js:326:13)
      at node_modules/express/lib/router/index.js:286:9
      at Function.process_params (node_modules/express/lib/router/index.js:346:12)
      at next (node_modules/express/lib/router/index.js:280:10)
      at next (src/middleware/error.middleware.ts:63:3)
      at Layer.handle [as handle_request] (node_modules/express/lib/router/layer.js:95:5)
      at trim_prefix (node_modules/express/lib/router/index.js:328:13)
      at node_modules/express/lib/router/index.js:286:9
      at Function.process_params (node_modules/express/lib/router/index.js:346:12)
      at next (node_modules/express/lib/router/index.js:280:10)
      at node_modules/express/lib/router/index.js:646:15
      at next (node_modules/express/lib/router/index.js:265:14)
      at next (src/middleware/auth.middleware.ts:28:5)
      at Layer.handle [as handle_request] (node_modules/express/lib/router/layer.js:95:5)
      at trim_prefix (node_modules/express/lib/router/index.js:328:13)
      at node_modules/express/lib/router/index.js:286:9
      at Function.process_params (node_modules/express/lib/router/index.js:346:12)
      at next (node_modules/express/lib/router/index.js:280:10)
      at Function.handle (node_modules/express/lib/router/index.js:175:3)
      at router (node_modules/express/lib/router/index.js:47:12)
      at Layer.handle [as handle_request] (node_modules/express/lib/router/layer.js:95:5)
      at trim_prefix (node_modules/express/lib/router/index.js:328:13)
      at node_modules/express/lib/router/index.js:286:9
      at Function.process_params (node_modules/express/lib/router/index.js:346:12)
      at next (node_modules/express/lib/router/index.js:280:10)
      at urlencodedParser (node_modules/body-parser/lib/types/urlencoded.js:103:7)
      at Layer.handle [as handle_request] (node_modules/express/lib/router/layer.js:95:5)
      at trim_prefix (node_modules/express/lib/router/index.js:328:13)
      at node_modules/express/lib/router/index.js:286:9
      at Function.process_params (node_modules/express/lib/router/index.js:346:12)
      at next (node_modules/express/lib/router/index.js:280:10)
      at jsonParser (node_modules/body-parser/lib/types/json.js:122:7)
      at Layer.handle [as handle_request] (node_modules/express/lib/router/layer.js:95:5)
      at trim_prefix (node_modules/express/lib/router/index.js:328:13)
      at node_modules/express/lib/router/index.js:286:9
      at Function.process_params (node_modules/express/lib/router/index.js:346:12)
      at next (node_modules/express/lib/router/index.js:280:10)
      at node_modules/express-rate-limit/dist/index.cjs:659:7
      at node_modules/express-rate-limit/dist/index.cjs:576:5

PASS src/__tests__/middleware/auth.middleware.test.ts (77.343 s)
  Auth Middleware
    authenticate
      ÔêÜ should allow access with valid token (367 ms)
      ÔêÜ should reject expired token (24 ms)
      ÔêÜ should reject invalid token format (10 ms)
      ÔêÜ should reject missing Authorization header (14 ms)
      ÔêÜ should reject malformed Authorization header (7 ms)
    authorize
      ÔêÜ should allow admin access to admin routes (137 ms)
      ÔêÜ should allow host access to host routes (159 ms)
      ÔêÜ should reject tourist access to host routes (196 ms)
      ÔêÜ should allow multiple allowed roles (202 ms)
      ÔêÜ should reject if user is not authenticated (5 ms)

  console.error
    Error: AppError: Not Found - /api/users/photo
        at notFound (C:\Users\DELL\Desktop\personnal project\1000 FIKRA\DKHOUL\backend\src\middleware\error.middleware.ts:62:17)
        at Layer.handle [as handle_request] (C:\Users\DELL\Desktop\personnal project\1000 FIKRA\DKHOUL\backend\node_modules\express\lib\router\layer.js:95:5)
        at trim_prefix (C:\Users\DELL\Desktop\personnal project\1000 FIKRA\DKHOUL\backend\node_modules\express\lib\router\index.js:328:13)
        at C:\Users\DELL\Desktop\personnal project\1000 FIKRA\DKHOUL\backend\node_modules\express\lib\router\index.js:286:9
        at Function.process_params (C:\Users\DELL\Desktop\personnal project\1000 FIKRA\DKHOUL\backend\node_modules\express\lib\router\index.js:346:12)
        at next (C:\Users\DELL\Desktop\personnal project\1000 FIKRA\DKHOUL\backend\node_modules\express\lib\router\index.js:280:10)
        at C:\Users\DELL\Desktop\personnal project\1000 FIKRA\DKHOUL\backend\node_modules\express\lib\router\index.js:646:15
        at next (C:\Users\DELL\Desktop\personnal project\1000 FIKRA\DKHOUL\backend\node_modules\express\lib\router\index.js:265:14)
        at next (C:\Users\DELL\Desktop\personnal project\1000 FIKRA\DKHOUL\backend\src\middleware\auth.middleware.ts:28:5)
        at Layer.handle [as handle_request] (C:\Users\DELL\Desktop\personnal project\1000 FIKRA\DKHOUL\backend\node_modules\express\lib\router\layer.js:95:5)
        at trim_prefix (C:\Users\DELL\Desktop\personnal project\1000 FIKRA\DKHOUL\backend\node_modules\express\lib\router\index.js:328:13)
        at C:\Users\DELL\Desktop\personnal project\1000 FIKRA\DKHOUL\backend\node_modules\express\lib\router\index.js:286:9
        at Function.process_params (C:\Users\DELL\Desktop\personnal project\1000 FIKRA\DKHOUL\backend\node_modules\express\lib\router\index.js:346:12)
        at next (C:\Users\DELL\Desktop\personnal project\1000 FIKRA\DKHOUL\backend\node_modules\express\lib\router\index.js:280:10)
        at Function.handle (C:\Users\DELL\Desktop\personnal project\1000 FIKRA\DKHOUL\backend\node_modules\express\lib\router\index.js:175:3)
        at router (C:\Users\DELL\Desktop\personnal project\1000 FIKRA\DKHOUL\backend\node_modules\express\lib\router\index.js:47:12)
        at Layer.handle [as handle_request] (C:\Users\DELL\Desktop\personnal project\1000 FIKRA\DKHOUL\backend\node_modules\express\lib\router\layer.js:95:5)
        at trim_prefix (C:\Users\DELL\Desktop\personnal project\1000 FIKRA\DKHOUL\backend\node_modules\express\lib\router\index.js:328:13)
        at C:\Users\DELL\Desktop\personnal project\1000 FIKRA\DKHOUL\backend\node_modules\express\lib\router\index.js:286:9
        at Function.process_params (C:\Users\DELL\Desktop\personnal project\1000 FIKRA\DKHOUL\backend\node_modules\express\lib\router\index.js:346:12)
        at next (C:\Users\DELL\Desktop\personnal project\1000 FIKRA\DKHOUL\backend\node_modules\express\lib\router\index.js:280:10)
        at urlencodedParser (C:\Users\DELL\Desktop\personnal project\1000 FIKRA\DKHOUL\backend\node_modules\body-parser\lib\types\urlencoded.js:94:7)
        at Layer.handle [as handle_request] (C:\Users\DELL\Desktop\personnal project\1000 FIKRA\DKHOUL\backend\node_modules\express\lib\router\layer.js:95:5)
        at trim_prefix (C:\Users\DELL\Desktop\personnal project\1000 FIKRA\DKHOUL\backend\node_modules\express\lib\router\index.js:328:13)
        at C:\Users\DELL\Desktop\personnal project\1000 FIKRA\DKHOUL\backend\node_modules\express\lib\router\index.js:286:9
        at Function.process_params (C:\Users\DELL\Desktop\personnal project\1000 FIKRA\DKHOUL\backend\node_modules\express\lib\router\index.js:346:12)
        at next (C:\Users\DELL\Desktop\personnal project\1000 FIKRA\DKHOUL\backend\node_modules\express\lib\router\index.js:280:10)
        at jsonParser (C:\Users\DELL\Desktop\personnal project\1000 FIKRA\DKHOUL\backend\node_modules\body-parser\lib\types\json.js:113:7)
        at Layer.handle [as handle_request] (C:\Users\DELL\Desktop\personnal project\1000 FIKRA\DKHOUL\backend\node_modules\express\lib\router\layer.js:95:5)
        at trim_prefix (C:\Users\DELL\Desktop\personnal project\1000 FIKRA\DKHOUL\backend\node_modules\express\lib\router\index.js:328:13)
        at C:\Users\DELL\Desktop\personnal project\1000 FIKRA\DKHOUL\backend\node_modules\express\lib\router\index.js:286:9
        at Function.process_params (C:\Users\DELL\Desktop\personnal project\1000 FIKRA\DKHOUL\backend\node_modules\express\lib\router\index.js:346:12)
        at next (C:\Users\DELL\Desktop\personnal project\1000 FIKRA\DKHOUL\backend\node_modules\express\lib\router\index.js:280:10)
        at C:\Users\DELL\Desktop\personnal project\1000 FIKRA\DKHOUL\backend\node_modules\express-rate-limit\dist\index.cjs:659:7
        at processTicksAndRejections (node:internal/process/task_queues:105:5)
        at C:\Users\DELL\Desktop\personnal project\1000 FIKRA\DKHOUL\backend\node_modules\express-rate-limit\dist\index.cjs:576:5 {
      statusCode: 404,
      status: 'fail',
      isOperational: true
    }

    [0m [90m 49 |[39m   }
     [90m 50 |[39m
    [31m[1m>[22m[39m[90m 51 |[39m   console[33m.[39merror([32m'Error:'[39m[33m,[39m err)[33m;[39m
     [90m    |[39m           [31m[1m^[22m[39m
     [90m 52 |[39m
     [90m 53 |[39m   res[33m.[39mstatus(statusCode)[33m.[39mjson({
     [90m 54 |[39m     success[33m:[39m [36mfalse[39m[33m,[39m[0m

      at error (src/middleware/error.middleware.ts:51:11)
      at Layer.handle_error (node_modules/express/lib/router/layer.js:71:5)
      at trim_prefix (node_modules/express/lib/router/index.js:326:13)
      at node_modules/express/lib/router/index.js:286:9
      at Function.process_params (node_modules/express/lib/router/index.js:346:12)
      at next (node_modules/express/lib/router/index.js:280:10)
      at next (src/middleware/error.middleware.ts:63:3)
      at Layer.handle [as handle_request] (node_modules/express/lib/router/layer.js:95:5)
      at trim_prefix (node_modules/express/lib/router/index.js:328:13)
      at node_modules/express/lib/router/index.js:286:9
      at Function.process_params (node_modules/express/lib/router/index.js:346:12)
      at next (node_modules/express/lib/router/index.js:280:10)
      at node_modules/express/lib/router/index.js:646:15
      at next (node_modules/express/lib/router/index.js:265:14)
      at next (src/middleware/auth.middleware.ts:28:5)
      at Layer.handle [as handle_request] (node_modules/express/lib/router/layer.js:95:5)
      at trim_prefix (node_modules/express/lib/router/index.js:328:13)
      at node_modules/express/lib/router/index.js:286:9
      at Function.process_params (node_modules/express/lib/router/index.js:346:12)
      at next (node_modules/express/lib/router/index.js:280:10)
      at Function.handle (node_modules/express/lib/router/index.js:175:3)
      at router (node_modules/express/lib/router/index.js:47:12)
      at Layer.handle [as handle_request] (node_modules/express/lib/router/layer.js:95:5)
      at trim_prefix (node_modules/express/lib/router/index.js:328:13)
      at node_modules/express/lib/router/index.js:286:9
      at Function.process_params (node_modules/express/lib/router/index.js:346:12)
      at next (node_modules/express/lib/router/index.js:280:10)
      at urlencodedParser (node_modules/body-parser/lib/types/urlencoded.js:94:7)
      at Layer.handle [as handle_request] (node_modules/express/lib/router/layer.js:95:5)
      at trim_prefix (node_modules/express/lib/router/index.js:328:13)
      at node_modules/express/lib/router/index.js:286:9
      at Function.process_params (node_modules/express/lib/router/index.js:346:12)
      at next (node_modules/express/lib/router/index.js:280:10)
      at jsonParser (node_modules/body-parser/lib/types/json.js:113:7)
      at Layer.handle [as handle_request] (node_modules/express/lib/router/layer.js:95:5)
      at trim_prefix (node_modules/express/lib/router/index.js:328:13)
      at node_modules/express/lib/router/index.js:286:9
      at Function.process_params (node_modules/express/lib/router/index.js:346:12)
      at next (node_modules/express/lib/router/index.js:280:10)
      at node_modules/express-rate-limit/dist/index.cjs:659:7
      at node_modules/express-rate-limit/dist/index.cjs:576:5

  console.error
    Error: AppError: Not Found - /api/users/photo
        at notFound (C:\Users\DELL\Desktop\personnal project\1000 FIKRA\DKHOUL\backend\src\middleware\error.middleware.ts:62:17)
        at Layer.handle [as handle_request] (C:\Users\DELL\Desktop\personnal project\1000 FIKRA\DKHOUL\backend\node_modules\express\lib\router\layer.js:95:5)
        at trim_prefix (C:\Users\DELL\Desktop\personnal project\1000 FIKRA\DKHOUL\backend\node_modules\express\lib\router\index.js:328:13)
        at C:\Users\DELL\Desktop\personnal project\1000 FIKRA\DKHOUL\backend\node_modules\express\lib\router\index.js:286:9
        at Function.process_params (C:\Users\DELL\Desktop\personnal project\1000 FIKRA\DKHOUL\backend\node_modules\express\lib\router\index.js:346:12)
        at next (C:\Users\DELL\Desktop\personnal project\1000 FIKRA\DKHOUL\backend\node_modules\express\lib\router\index.js:280:10)
        at C:\Users\DELL\Desktop\personnal project\1000 FIKRA\DKHOUL\backend\node_modules\express\lib\router\index.js:646:15
        at next (C:\Users\DELL\Desktop\personnal project\1000 FIKRA\DKHOUL\backend\node_modules\express\lib\router\index.js:265:14)
        at next (C:\Users\DELL\Desktop\personnal project\1000 FIKRA\DKHOUL\backend\src\middleware\auth.middleware.ts:28:5)
        at Layer.handle [as handle_request] (C:\Users\DELL\Desktop\personnal project\1000 FIKRA\DKHOUL\backend\node_modules\express\lib\router\layer.js:95:5)
        at trim_prefix (C:\Users\DELL\Desktop\personnal project\1000 FIKRA\DKHOUL\backend\node_modules\express\lib\router\index.js:328:13)
        at C:\Users\DELL\Desktop\personnal project\1000 FIKRA\DKHOUL\backend\node_modules\express\lib\router\index.js:286:9
        at Function.process_params (C:\Users\DELL\Desktop\personnal project\1000 FIKRA\DKHOUL\backend\node_modules\express\lib\router\index.js:346:12)
        at next (C:\Users\DELL\Desktop\personnal project\1000 FIKRA\DKHOUL\backend\node_modules\express\lib\router\index.js:280:10)
        at Function.handle (C:\Users\DELL\Desktop\personnal project\1000 FIKRA\DKHOUL\backend\node_modules\express\lib\router\index.js:175:3)
        at router (C:\Users\DELL\Desktop\personnal project\1000 FIKRA\DKHOUL\backend\node_modules\express\lib\router\index.js:47:12)
        at Layer.handle [as handle_request] (C:\Users\DELL\Desktop\personnal project\1000 FIKRA\DKHOUL\backend\node_modules\express\lib\router\layer.js:95:5)
        at trim_prefix (C:\Users\DELL\Desktop\personnal project\1000 FIKRA\DKHOUL\backend\node_modules\express\lib\router\index.js:328:13)
        at C:\Users\DELL\Desktop\personnal project\1000 FIKRA\DKHOUL\backend\node_modules\express\lib\router\index.js:286:9
        at Function.process_params (C:\Users\DELL\Desktop\personnal project\1000 FIKRA\DKHOUL\backend\node_modules\express\lib\router\index.js:346:12)
        at next (C:\Users\DELL\Desktop\personnal project\1000 FIKRA\DKHOUL\backend\node_modules\express\lib\router\index.js:280:10)
        at urlencodedParser (C:\Users\DELL\Desktop\personnal project\1000 FIKRA\DKHOUL\backend\node_modules\body-parser\lib\types\urlencoded.js:94:7)
        at Layer.handle [as handle_request] (C:\Users\DELL\Desktop\personnal project\1000 FIKRA\DKHOUL\backend\node_modules\express\lib\router\layer.js:95:5)
        at trim_prefix (C:\Users\DELL\Desktop\personnal project\1000 FIKRA\DKHOUL\backend\node_modules\express\lib\router\index.js:328:13)
        at C:\Users\DELL\Desktop\personnal project\1000 FIKRA\DKHOUL\backend\node_modules\express\lib\router\index.js:286:9
        at Function.process_params (C:\Users\DELL\Desktop\personnal project\1000 FIKRA\DKHOUL\backend\node_modules\express\lib\router\index.js:346:12)
        at next (C:\Users\DELL\Desktop\personnal project\1000 FIKRA\DKHOUL\backend\node_modules\express\lib\router\index.js:280:10)
        at jsonParser (C:\Users\DELL\Desktop\personnal project\1000 FIKRA\DKHOUL\backend\node_modules\body-parser\lib\types\json.js:113:7)
        at Layer.handle [as handle_request] (C:\Users\DELL\Desktop\personnal project\1000 FIKRA\DKHOUL\backend\node_modules\express\lib\router\layer.js:95:5)
        at trim_prefix (C:\Users\DELL\Desktop\personnal project\1000 FIKRA\DKHOUL\backend\node_modules\express\lib\router\index.js:328:13)
        at C:\Users\DELL\Desktop\personnal project\1000 FIKRA\DKHOUL\backend\node_modules\express\lib\router\index.js:286:9
        at Function.process_params (C:\Users\DELL\Desktop\personnal project\1000 FIKRA\DKHOUL\backend\node_modules\express\lib\router\index.js:346:12)
        at next (C:\Users\DELL\Desktop\personnal project\1000 FIKRA\DKHOUL\backend\node_modules\express\lib\router\index.js:280:10)
        at C:\Users\DELL\Desktop\personnal project\1000 FIKRA\DKHOUL\backend\node_modules\express-rate-limit\dist\index.cjs:659:7
        at processTicksAndRejections (node:internal/process/task_queues:105:5)
        at C:\Users\DELL\Desktop\personnal project\1000 FIKRA\DKHOUL\backend\node_modules\express-rate-limit\dist\index.cjs:576:5 {
      statusCode: 404,
      status: 'fail',
      isOperational: true
    }

    [0m [90m 49 |[39m   }
     [90m 50 |[39m
    [31m[1m>[22m[39m[90m 51 |[39m   console[33m.[39merror([32m'Error:'[39m[33m,[39m err)[33m;[39m
     [90m    |[39m           [31m[1m^[22m[39m
     [90m 52 |[39m
     [90m 53 |[39m   res[33m.[39mstatus(statusCode)[33m.[39mjson({
     [90m 54 |[39m     success[33m:[39m [36mfalse[39m[33m,[39m[0m

      at error (src/middleware/error.middleware.ts:51:11)
      at Layer.handle_error (node_modules/express/lib/router/layer.js:71:5)
      at trim_prefix (node_modules/express/lib/router/index.js:326:13)
      at node_modules/express/lib/router/index.js:286:9
      at Function.process_params (node_modules/express/lib/router/index.js:346:12)
      at next (node_modules/express/lib/router/index.js:280:10)
      at next (src/middleware/error.middleware.ts:63:3)
      at Layer.handle [as handle_request] (node_modules/express/lib/router/layer.js:95:5)
      at trim_prefix (node_modules/express/lib/router/index.js:328:13)
      at node_modules/express/lib/router/index.js:286:9
      at Function.process_params (node_modules/express/lib/router/index.js:346:12)
      at next (node_modules/express/lib/router/index.js:280:10)
      at node_modules/express/lib/router/index.js:646:15
      at next (node_modules/express/lib/router/index.js:265:14)
      at next (src/middleware/auth.middleware.ts:28:5)
      at Layer.handle [as handle_request] (node_modules/express/lib/router/layer.js:95:5)
      at trim_prefix (node_modules/express/lib/router/index.js:328:13)
      at node_modules/express/lib/router/index.js:286:9
      at Function.process_params (node_modules/express/lib/router/index.js:346:12)
      at next (node_modules/express/lib/router/index.js:280:10)
      at Function.handle (node_modules/express/lib/router/index.js:175:3)
      at router (node_modules/express/lib/router/index.js:47:12)
      at Layer.handle [as handle_request] (node_modules/express/lib/router/layer.js:95:5)
      at trim_prefix (node_modules/express/lib/router/index.js:328:13)
      at node_modules/express/lib/router/index.js:286:9
      at Function.process_params (node_modules/express/lib/router/index.js:346:12)
      at next (node_modules/express/lib/router/index.js:280:10)
      at urlencodedParser (node_modules/body-parser/lib/types/urlencoded.js:94:7)
      at Layer.handle [as handle_request] (node_modules/express/lib/router/layer.js:95:5)
      at trim_prefix (node_modules/express/lib/router/index.js:328:13)
      at node_modules/express/lib/router/index.js:286:9
      at Function.process_params (node_modules/express/lib/router/index.js:346:12)
      at next (node_modules/express/lib/router/index.js:280:10)
      at jsonParser (node_modules/body-parser/lib/types/json.js:113:7)
      at Layer.handle [as handle_request] (node_modules/express/lib/router/layer.js:95:5)
      at trim_prefix (node_modules/express/lib/router/index.js:328:13)
      at node_modules/express/lib/router/index.js:286:9
      at Function.process_params (node_modules/express/lib/router/index.js:346:12)
      at next (node_modules/express/lib/router/index.js:280:10)
      at node_modules/express-rate-limit/dist/index.cjs:659:7
      at node_modules/express-rate-limit/dist/index.cjs:576:5

  console.error
    Error: AppError: Not Found - /api/users/settings
        at notFound (C:\Users\DELL\Desktop\personnal project\1000 FIKRA\DKHOUL\backend\src\middleware\error.middleware.ts:62:17)
        at Layer.handle [as handle_request] (C:\Users\DELL\Desktop\personnal project\1000 FIKRA\DKHOUL\backend\node_modules\express\lib\router\layer.js:95:5)
        at trim_prefix (C:\Users\DELL\Desktop\personnal project\1000 FIKRA\DKHOUL\backend\node_modules\express\lib\router\index.js:328:13)
        at C:\Users\DELL\Desktop\personnal project\1000 FIKRA\DKHOUL\backend\node_modules\express\lib\router\index.js:286:9
        at Function.process_params (C:\Users\DELL\Desktop\personnal project\1000 FIKRA\DKHOUL\backend\node_modules\express\lib\router\index.js:346:12)
        at next (C:\Users\DELL\Desktop\personnal project\1000 FIKRA\DKHOUL\backend\node_modules\express\lib\router\index.js:280:10)
        at C:\Users\DELL\Desktop\personnal project\1000 FIKRA\DKHOUL\backend\node_modules\express\lib\router\index.js:646:15
        at next (C:\Users\DELL\Desktop\personnal project\1000 FIKRA\DKHOUL\backend\node_modules\express\lib\router\index.js:265:14)
        at next (C:\Users\DELL\Desktop\personnal project\1000 FIKRA\DKHOUL\backend\src\middleware\auth.middleware.ts:28:5)
        at Layer.handle [as handle_request] (C:\Users\DELL\Desktop\personnal project\1000 FIKRA\DKHOUL\backend\node_modules\express\lib\router\layer.js:95:5)
        at trim_prefix (C:\Users\DELL\Desktop\personnal project\1000 FIKRA\DKHOUL\backend\node_modules\express\lib\router\index.js:328:13)
        at C:\Users\DELL\Desktop\personnal project\1000 FIKRA\DKHOUL\backend\node_modules\express\lib\router\index.js:286:9
        at Function.process_params (C:\Users\DELL\Desktop\personnal project\1000 FIKRA\DKHOUL\backend\node_modules\express\lib\router\index.js:346:12)
        at next (C:\Users\DELL\Desktop\personnal project\1000 FIKRA\DKHOUL\backend\node_modules\express\lib\router\index.js:280:10)
        at Function.handle (C:\Users\DELL\Desktop\personnal project\1000 FIKRA\DKHOUL\backend\node_modules\express\lib\router\index.js:175:3)
        at router (C:\Users\DELL\Desktop\personnal project\1000 FIKRA\DKHOUL\backend\node_modules\express\lib\router\index.js:47:12)
        at Layer.handle [as handle_request] (C:\Users\DELL\Desktop\personnal project\1000 FIKRA\DKHOUL\backend\node_modules\express\lib\router\layer.js:95:5)
        at trim_prefix (C:\Users\DELL\Desktop\personnal project\1000 FIKRA\DKHOUL\backend\node_modules\express\lib\router\index.js:328:13)
        at C:\Users\DELL\Desktop\personnal project\1000 FIKRA\DKHOUL\backend\node_modules\express\lib\router\index.js:286:9
        at Function.process_params (C:\Users\DELL\Desktop\personnal project\1000 FIKRA\DKHOUL\backend\node_modules\express\lib\router\index.js:346:12)
        at next (C:\Users\DELL\Desktop\personnal project\1000 FIKRA\DKHOUL\backend\node_modules\express\lib\router\index.js:280:10)
        at urlencodedParser (C:\Users\DELL\Desktop\personnal project\1000 FIKRA\DKHOUL\backend\node_modules\body-parser\lib\types\urlencoded.js:85:7)
        at Layer.handle [as handle_request] (C:\Users\DELL\Desktop\personnal project\1000 FIKRA\DKHOUL\backend\node_modules\express\lib\router\layer.js:95:5)
        at trim_prefix (C:\Users\DELL\Desktop\personnal project\1000 FIKRA\DKHOUL\backend\node_modules\express\lib\router\index.js:328:13)
        at C:\Users\DELL\Desktop\personnal project\1000 FIKRA\DKHOUL\backend\node_modules\express\lib\router\index.js:286:9
        at Function.process_params (C:\Users\DELL\Desktop\personnal project\1000 FIKRA\DKHOUL\backend\node_modules\express\lib\router\index.js:346:12)
        at next (C:\Users\DELL\Desktop\personnal project\1000 FIKRA\DKHOUL\backend\node_modules\express\lib\router\index.js:280:10)
        at C:\Users\DELL\Desktop\personnal project\1000 FIKRA\DKHOUL\backend\node_modules\body-parser\lib\read.js:137:5
        at AsyncResource.runInAsyncScope (node:async_hooks:214:14)
        at invokeCallback (C:\Users\DELL\Desktop\personnal project\1000 FIKRA\DKHOUL\backend\node_modules\raw-body\index.js:238:16)
        at done (C:\Users\DELL\Desktop\personnal project\1000 FIKRA\DKHOUL\backend\node_modules\raw-body\index.js:227:7)
        at IncomingMessage.onEnd (C:\Users\DELL\Desktop\personnal project\1000 FIKRA\DKHOUL\backend\node_modules\raw-body\index.js:287:7)
        at IncomingMessage.emit (node:events:518:28)
        at IncomingMessage.emit (node:domain:489:12)
        at endReadableNT (node:internal/streams/readable:1698:12)
        at processTicksAndRejections (node:internal/process/task_queues:90:21) {
      statusCode: 404,
      status: 'fail',
      isOperational: true
    }

    [0m [90m 49 |[39m   }
     [90m 50 |[39m
    [31m[1m>[22m[39m[90m 51 |[39m   console[33m.[39merror([32m'Error:'[39m[33m,[39m err)[33m;[39m
     [90m    |[39m           [31m[1m^[22m[39m
     [90m 52 |[39m
     [90m 53 |[39m   res[33m.[39mstatus(statusCode)[33m.[39mjson({
     [90m 54 |[39m     success[33m:[39m [36mfalse[39m[33m,[39m[0m

      at error (src/middleware/error.middleware.ts:51:11)
      at Layer.handle_error (node_modules/express/lib/router/layer.js:71:5)
      at trim_prefix (node_modules/express/lib/router/index.js:326:13)
      at node_modules/express/lib/router/index.js:286:9
      at Function.process_params (node_modules/express/lib/router/index.js:346:12)
      at next (node_modules/express/lib/router/index.js:280:10)
      at next (src/middleware/error.middleware.ts:63:3)
      at Layer.handle [as handle_request] (node_modules/express/lib/router/layer.js:95:5)
      at trim_prefix (node_modules/express/lib/router/index.js:328:13)
      at node_modules/express/lib/router/index.js:286:9
      at Function.process_params (node_modules/express/lib/router/index.js:346:12)
      at next (node_modules/express/lib/router/index.js:280:10)
      at node_modules/express/lib/router/index.js:646:15
      at next (node_modules/express/lib/router/index.js:265:14)
      at next (src/middleware/auth.middleware.ts:28:5)
      at Layer.handle [as handle_request] (node_modules/express/lib/router/layer.js:95:5)
      at trim_prefix (node_modules/express/lib/router/index.js:328:13)
      at node_modules/express/lib/router/index.js:286:9
      at Function.process_params (node_modules/express/lib/router/index.js:346:12)
      at next (node_modules/express/lib/router/index.js:280:10)
      at Function.handle (node_modules/express/lib/router/index.js:175:3)
      at router (node_modules/express/lib/router/index.js:47:12)
      at Layer.handle [as handle_request] (node_modules/express/lib/router/layer.js:95:5)
      at trim_prefix (node_modules/express/lib/router/index.js:328:13)
      at node_modules/express/lib/router/index.js:286:9
      at Function.process_params (node_modules/express/lib/router/index.js:346:12)
      at next (node_modules/express/lib/router/index.js:280:10)
      at urlencodedParser (node_modules/body-parser/lib/types/urlencoded.js:85:7)
      at Layer.handle [as handle_request] (node_modules/express/lib/router/layer.js:95:5)
      at trim_prefix (node_modules/express/lib/router/index.js:328:13)
      at node_modules/express/lib/router/index.js:286:9
      at Function.process_params (node_modules/express/lib/router/index.js:346:12)
      at next (node_modules/express/lib/router/index.js:280:10)
      at node_modules/body-parser/lib/read.js:137:5
      at invokeCallback (node_modules/raw-body/index.js:238:16)
      at done (node_modules/raw-body/index.js:227:7)
      at IncomingMessage.onEnd (node_modules/raw-body/index.js:287:7)

FAIL src/__tests__/controllers/user.controller.test.ts (79.452 s)
  User Controller
    GET /api/users/profile
      ├ù should get own profile (1944 ms)
      ├ù should reject without authentication (43 ms)
    GET /api/users/:id
      ÔêÜ should get user public profile by ID (345 ms)
      ÔêÜ should return 404 for non-existent user (122 ms)
    PUT /api/users/profile
      ├ù should update profile information (212 ms)
      ├ù should update location information (189 ms)
      ├ù should update languages (180 ms)
      ÔêÜ should not allow email update (215 ms)
      ÔêÜ should reject without authentication (33 ms)
    POST /api/users/photo
      ├ù should upload profile photo (220 ms)
      ÔêÜ should reject without authentication (25 ms)
      ├ù should reject invalid file type (177 ms)
    DELETE /api/users/photo
      ├ù should delete profile photo (168 ms)
      ├ù should handle deletion when no photo exists (143 ms)
    PUT /api/users/settings
      ├ù should update notification settings (147 ms)
    GET /api/users/:id/services
      ÔêÜ should get user's public services (426 ms)
    GET /api/users/:id/reviews
      ÔêÜ should get user's reviews (507 ms)

  ÔùÅ User Controller ÔÇ║ GET /api/users/profile ÔÇ║ should get own profile

    expect(received).toBe(expected) // Object.is equality

    Expected: 200
    Received: 400

    [0m [90m 14 |[39m         [33m.[39m[36mset[39m([32m'Authorization'[39m[33m,[39m [32m`Bearer ${token}`[39m)[33m;[39m
     [90m 15 |[39m
    [31m[1m>[22m[39m[90m 16 |[39m       expect(response[33m.[39mstatus)[33m.[39mtoBe([35m200[39m)[33m;[39m
     [90m    |[39m                               [31m[1m^[22m[39m
     [90m 17 |[39m       expect(response[33m.[39mbody[33m.[39msuccess)[33m.[39mtoBe([36mtrue[39m)[33m;[39m
     [90m 18 |[39m       expect(response[33m.[39mbody[33m.[39mdata[33m.[39muser[33m.[39memail)[33m.[39mtoBe(user[33m.[39memail)[33m;[39m
     [90m 19 |[39m       expect(response[33m.[39mbody[33m.[39mdata[33m.[39muser)[33m.[39mnot[33m.[39mtoHaveProperty([32m'password'[39m)[33m;[39m[0m

      at Object.<anonymous> (src/__tests__/controllers/user.controller.test.ts:16:31)

  ÔùÅ User Controller ÔÇ║ GET /api/users/profile ÔÇ║ should reject without authentication

    expect(received).toBe(expected) // Object.is equality

    Expected: 401
    Received: 400

    [0m [90m 24 |[39m         [33m.[39m[36mget[39m([32m'/api/users/profile'[39m)[33m;[39m
     [90m 25 |[39m
    [31m[1m>[22m[39m[90m 26 |[39m       expect(response[33m.[39mstatus)[33m.[39mtoBe([35m401[39m)[33m;[39m
     [90m    |[39m                               [31m[1m^[22m[39m
     [90m 27 |[39m     })[33m;[39m
     [90m 28 |[39m   })[33m;[39m
     [90m 29 |[39m[0m

      at Object.<anonymous> (src/__tests__/controllers/user.controller.test.ts:26:31)

  ÔùÅ User Controller ÔÇ║ PUT /api/users/profile ÔÇ║ should update profile information

    expect(received).toBe(expected) // Object.is equality

    Expected: 200
    Received: 404

    [0m [90m 72 |[39m         })[33m;[39m
     [90m 73 |[39m
    [31m[1m>[22m[39m[90m 74 |[39m       expect(response[33m.[39mstatus)[33m.[39mtoBe([35m200[39m)[33m;[39m
     [90m    |[39m                               [31m[1m^[22m[39m
     [90m 75 |[39m       expect(response[33m.[39mbody[33m.[39msuccess)[33m.[39mtoBe([36mtrue[39m)[33m;[39m
     [90m 76 |[39m       expect(response[33m.[39mbody[33m.[39mdata[33m.[39muser[33m.[39mfirstName)[33m.[39mtoBe([32m'UpdatedFirst'[39m)[33m;[39m
     [90m 77 |[39m       expect(response[33m.[39mbody[33m.[39mdata[33m.[39muser[33m.[39mlastName)[33m.[39mtoBe([32m'UpdatedLast'[39m)[33m;[39m[0m

      at Object.<anonymous> (src/__tests__/controllers/user.controller.test.ts:74:31)

  ÔùÅ User Controller ÔÇ║ PUT /api/users/profile ÔÇ║ should update location information

    expect(received).toBe(expected) // Object.is equality

    Expected: 200
    Received: 404

    [0m [90m 92 |[39m         })[33m;[39m
     [90m 93 |[39m
    [31m[1m>[22m[39m[90m 94 |[39m       expect(response[33m.[39mstatus)[33m.[39mtoBe([35m200[39m)[33m;[39m
     [90m    |[39m                               [31m[1m^[22m[39m
     [90m 95 |[39m       expect(response[33m.[39mbody[33m.[39mdata[33m.[39muser[33m.[39mcity)[33m.[39mtoBe([32m'Marrakech'[39m)[33m;[39m
     [90m 96 |[39m       expect(response[33m.[39mbody[33m.[39mdata[33m.[39muser[33m.[39mcountry)[33m.[39mtoBe([32m'Morocco'[39m)[33m;[39m
     [90m 97 |[39m     })[33m;[39m[0m

      at Object.<anonymous> (src/__tests__/controllers/user.controller.test.ts:94:31)

  ÔùÅ User Controller ÔÇ║ PUT /api/users/profile ÔÇ║ should update languages

    expect(received).toBe(expected) // Object.is equality

    Expected: 200
    Received: 404

    [0m [90m 108 |[39m         })[33m;[39m
     [90m 109 |[39m
    [31m[1m>[22m[39m[90m 110 |[39m       expect(response[33m.[39mstatus)[33m.[39mtoBe([35m200[39m)[33m;[39m
     [90m     |[39m                               [31m[1m^[22m[39m
     [90m 111 |[39m       expect(response[33m.[39mbody[33m.[39mdata[33m.[39muser[33m.[39mlanguages)[33m.[39mtoEqual([[32m'English'[39m[33m,[39m [32m'French'[39m[33m,[39m [32m'Arabic'[39m])[33m;[39m
     [90m 112 |[39m     })[33m;[39m
     [90m 113 |[39m[0m

      at Object.<anonymous> (src/__tests__/controllers/user.controller.test.ts:110:31)

  ÔùÅ User Controller ÔÇ║ POST /api/users/photo ÔÇ║ should upload profile photo

    expect(received).toBe(expected) // Object.is equality

    Expected: 200
    Received: 404

    [0m [90m 149 |[39m         [33m.[39mattach([32m'photo'[39m[33m,[39m [33mBuffer[39m[33m.[39m[36mfrom[39m([32m'fake-image-data'[39m)[33m,[39m [32m'test.jpg'[39m)[33m;[39m
     [90m 150 |[39m
    [31m[1m>[22m[39m[90m 151 |[39m       expect(response[33m.[39mstatus)[33m.[39mtoBe([35m200[39m)[33m;[39m
     [90m     |[39m                               [31m[1m^[22m[39m
     [90m 152 |[39m       expect(response[33m.[39mbody[33m.[39msuccess)[33m.[39mtoBe([36mtrue[39m)[33m;[39m
     [90m 153 |[39m       expect(response[33m.[39mbody[33m.[39mdata[33m.[39muser)[33m.[39mtoHaveProperty([32m'photo'[39m)[33m;[39m
     [90m 154 |[39m     })[33m;[39m[0m

      at Object.<anonymous> (src/__tests__/controllers/user.controller.test.ts:151:31)

  ÔùÅ User Controller ÔÇ║ POST /api/users/photo ÔÇ║ should reject invalid file type

    expect(received).toBe(expected) // Object.is equality

    Expected: 400
    Received: 404

    [0m [90m 171 |[39m         [33m.[39mattach([32m'photo'[39m[33m,[39m [33mBuffer[39m[33m.[39m[36mfrom[39m([32m'fake-document'[39m)[33m,[39m [32m'test.pdf'[39m)[33m;[39m
     [90m 172 |[39m
    [31m[1m>[22m[39m[90m 173 |[39m       expect(response[33m.[39mstatus)[33m.[39mtoBe([35m400[39m)[33m;[39m
     [90m     |[39m                               [31m[1m^[22m[39m
     [90m 174 |[39m     })[33m;[39m
     [90m 175 |[39m   })[33m;[39m
     [90m 176 |[39m[0m

      at Object.<anonymous> (src/__tests__/controllers/user.controller.test.ts:173:31)

  ÔùÅ User Controller ÔÇ║ DELETE /api/users/photo ÔÇ║ should delete profile photo

    expect(received).toBe(expected) // Object.is equality

    Expected: 200
    Received: 404

    [0m [90m 187 |[39m         [33m.[39m[36mset[39m([32m'Authorization'[39m[33m,[39m [32m`Bearer ${token}`[39m)[33m;[39m
     [90m 188 |[39m
    [31m[1m>[22m[39m[90m 189 |[39m       expect(response[33m.[39mstatus)[33m.[39mtoBe([35m200[39m)[33m;[39m
     [90m     |[39m                               [31m[1m^[22m[39m
     [90m 190 |[39m       expect(response[33m.[39mbody[33m.[39msuccess)[33m.[39mtoBe([36mtrue[39m)[33m;[39m
     [90m 191 |[39m       
     [90m 192 |[39m       [36mconst[39m updatedUser [33m=[39m [36mawait[39m [33mUser[39m[33m.[39mfindById(user[33m.[39m_id)[33m;[39m[0m

      at Object.<anonymous> (src/__tests__/controllers/user.controller.test.ts:189:31)

  ÔùÅ User Controller ÔÇ║ DELETE /api/users/photo ÔÇ║ should handle deletion when no photo exists

    expect(received).toBe(expected) // Object.is equality

    Expected: 200
    Received: 404

    [0m [90m 202 |[39m         [33m.[39m[36mset[39m([32m'Authorization'[39m[33m,[39m [32m`Bearer ${token}`[39m)[33m;[39m
     [90m 203 |[39m
    [31m[1m>[22m[39m[90m 204 |[39m       expect(response[33m.[39mstatus)[33m.[39mtoBe([35m200[39m)[33m;[39m
     [90m     |[39m                               [31m[1m^[22m[39m
     [90m 205 |[39m     })[33m;[39m
     [90m 206 |[39m   })[33m;[39m
     [90m 207 |[39m[0m

      at Object.<anonymous> (src/__tests__/controllers/user.controller.test.ts:204:31)

  ÔùÅ User Controller ÔÇ║ PUT /api/users/settings ÔÇ║ should update notification settings

    expect(received).toBe(expected) // Object.is equality

    Expected: 200
    Received: 404

    [0m [90m 224 |[39m         })[33m;[39m
     [90m 225 |[39m
    [31m[1m>[22m[39m[90m 226 |[39m       expect(response[33m.[39mstatus)[33m.[39mtoBe([35m200[39m)[33m;[39m
     [90m     |[39m                               [31m[1m^[22m[39m
     [90m 227 |[39m       expect(response[33m.[39mbody[33m.[39msuccess)[33m.[39mtoBe([36mtrue[39m)[33m;[39m
     [90m 228 |[39m       expect(response[33m.[39mbody[33m.[39mdata[33m.[39muser[33m.[39mnotificationPreferences[33m.[39memail)[33m.[39mtoBe([36mtrue[39m)[33m;[39m
     [90m 229 |[39m       expect(response[33m.[39mbody[33m.[39mdata[33m.[39muser[33m.[39mnotificationPreferences[33m.[39msms)[33m.[39mtoBe([36mfalse[39m)[33m;[39m[0m

      at Object.<anonymous> (src/__tests__/controllers/user.controller.test.ts:226:31)

  console.log
    Ô£ë´©Å SendGrid initialized

      at Object.log (src/services/email.service.ts:7:11)

FAIL src/__tests__/controllers/review.controller.test.ts (80.493 s)
  Review Controller
    POST /api/reviews
      ├ù should create review after completed booking (1741 ms)
      ÔêÜ should reject review for non-completed booking (328 ms)
      ├ù should reject duplicate review (310 ms)
      ÔêÜ should reject invalid rating (362 ms)
    GET /api/reviews/service/:serviceId
      ├ù should return all reviews for a service (614 ms)
      ├ù should populate reviewerId field (310 ms)
    POST /api/reviews/:id/response
      ├ù should allow host to respond to review (260 ms)
      ├ù should reject response from non-host (348 ms)
    DELETE /api/reviews/:id
      ├ù should allow reviewer to delete own review (476 ms)
      ├ù should allow admin to delete any review (443 ms)
      ├ù should reject deletion by other users (389 ms)

  ÔùÅ Review Controller ÔÇ║ POST /api/reviews ÔÇ║ should create review after completed booking

    expect(received).toBe(expected) // Object.is equality

    Expected: 201
    Received: 400

    [0m [90m 29 |[39m         })[33m;[39m
     [90m 30 |[39m
    [31m[1m>[22m[39m[90m 31 |[39m       expect(response[33m.[39mstatus)[33m.[39mtoBe([35m201[39m)[33m;[39m
     [90m    |[39m                               [31m[1m^[22m[39m
     [90m 32 |[39m       expect(response[33m.[39mbody[33m.[39msuccess)[33m.[39mtoBe([36mtrue[39m)[33m;[39m
     [90m 33 |[39m       expect(response[33m.[39mbody[33m.[39mdata[33m.[39mrating)[33m.[39mtoBe([35m5[39m)[33m;[39m
     [90m 34 |[39m       expect(response[33m.[39mbody[33m.[39mdata[33m.[39mcomment)[33m.[39mtoBe([32m'Excellent service!'[39m)[33m;[39m[0m

      at Object.<anonymous> (src/__tests__/controllers/review.controller.test.ts:31:31)

  ÔùÅ Review Controller ÔÇ║ POST /api/reviews ÔÇ║ should reject duplicate review

    ValidationError: Review validation failed: expiresAt: Path `expiresAt` is required., ratings.value: Path `ratings.value` is required., ratings.accuracy: Path `ratings.accuracy` is required., ratings.communication: Path `ratings.communication` is 
required., ratings.overall: Path `ratings.overall` is required., reviewerType: Path `reviewerType` is required., revieweeId: Path `revieweeId` is required.

      at model.Object.<anonymous>.Document.invalidate (node_modules/mongoose/lib/document.js:3219:32)
      at node_modules/mongoose/lib/document.js:3012:17
      at node_modules/mongoose/lib/schematype.js:1368:9

  ÔùÅ Review Controller ÔÇ║ GET /api/reviews/service/:serviceId ÔÇ║ should return all reviews for a service

    ValidationError: Review validation failed: expiresAt: Path `expiresAt` is required., ratings.value: Path `ratings.value` is required., ratings.accuracy: Path `ratings.accuracy` is required., ratings.communication: Path `ratings.communication` is 
required., ratings.overall: Path `ratings.overall` is required., reviewerType: Path `reviewerType` is required., revieweeId: Path `revieweeId` is required., comment: Comment must be at least 10 characters

      at model.Object.<anonymous>.Document.invalidate (node_modules/mongoose/lib/document.js:3219:32)
      at node_modules/mongoose/lib/document.js:3012:17
      at node_modules/mongoose/lib/schematype.js:1368:9

  ÔùÅ Review Controller ÔÇ║ GET /api/reviews/service/:serviceId ÔÇ║ should populate reviewerId field

    ValidationError: Review validation failed: expiresAt: Path `expiresAt` is required., ratings.value: Path `ratings.value` is required., ratings.accuracy: Path `ratings.accuracy` is required., ratings.communication: Path `ratings.communication` is 
required., ratings.overall: Path `ratings.overall` is required., reviewerType: Path `reviewerType` is required., revieweeId: Path `revieweeId` is required.

      at model.Object.<anonymous>.Document.invalidate (node_modules/mongoose/lib/document.js:3219:32)
      at node_modules/mongoose/lib/document.js:3012:17
      at node_modules/mongoose/lib/schematype.js:1368:9

  ÔùÅ Review Controller ÔÇ║ POST /api/reviews/:id/response ÔÇ║ should allow host to respond to review

    ValidationError: Review validation failed: expiresAt: Path `expiresAt` is required., ratings.value: Path `ratings.value` is required., ratings.accuracy: Path `ratings.accuracy` is required., ratings.communication: Path `ratings.communication` is 
required., ratings.overall: Path `ratings.overall` is required., reviewerType: Path `reviewerType` is required., revieweeId: Path `revieweeId` is required.

      at model.Object.<anonymous>.Document.invalidate (node_modules/mongoose/lib/document.js:3219:32)
      at node_modules/mongoose/lib/document.js:3012:17
      at node_modules/mongoose/lib/schematype.js:1368:9

  ÔùÅ Review Controller ÔÇ║ POST /api/reviews/:id/response ÔÇ║ should reject response from non-host

    ValidationError: Review validation failed: expiresAt: Path `expiresAt` is required., ratings.value: Path `ratings.value` is required., ratings.accuracy: Path `ratings.accuracy` is required., ratings.communication: Path `ratings.communication` is 
required., ratings.overall: Path `ratings.overall` is required., reviewerType: Path `reviewerType` is required., revieweeId: Path `revieweeId` is required., comment: Comment must be at least 10 characters

      at model.Object.<anonymous>.Document.invalidate (node_modules/mongoose/lib/document.js:3219:32)
      at node_modules/mongoose/lib/document.js:3012:17
      at node_modules/mongoose/lib/schematype.js:1368:9

  ÔùÅ Review Controller ÔÇ║ DELETE /api/reviews/:id ÔÇ║ should allow reviewer to delete own review

    ValidationError: Review validation failed: expiresAt: Path `expiresAt` is required., ratings.value: Path `ratings.value` is required., ratings.accuracy: Path `ratings.accuracy` is required., ratings.communication: Path `ratings.communication` is 
required., ratings.overall: Path `ratings.overall` is required., reviewerType: Path `reviewerType` is required., revieweeId: Path `revieweeId` is required., comment: Comment must be at least 10 characters

      at model.Object.<anonymous>.Document.invalidate (node_modules/mongoose/lib/document.js:3219:32)
      at node_modules/mongoose/lib/document.js:3012:17
      at node_modules/mongoose/lib/schematype.js:1368:9

  ÔùÅ Review Controller ÔÇ║ DELETE /api/reviews/:id ÔÇ║ should allow admin to delete any review

    ValidationError: Review validation failed: expiresAt: Path `expiresAt` is required., ratings.value: Path `ratings.value` is required., ratings.accuracy: Path `ratings.accuracy` is required., ratings.communication: Path `ratings.communication` is 
required., ratings.overall: Path `ratings.overall` is required., reviewerType: Path `reviewerType` is required., revieweeId: Path `revieweeId` is required.

      at model.Object.<anonymous>.Document.invalidate (node_modules/mongoose/lib/document.js:3219:32)
      at node_modules/mongoose/lib/document.js:3012:17
      at node_modules/mongoose/lib/schematype.js:1368:9

  ÔùÅ Review Controller ÔÇ║ DELETE /api/reviews/:id ÔÇ║ should reject deletion by other users

    ValidationError: Review validation failed: expiresAt: Path `expiresAt` is required., ratings.value: Path `ratings.value` is required., ratings.accuracy: Path `ratings.accuracy` is required., ratings.communication: Path `ratings.communication` is 
required., ratings.overall: Path `ratings.overall` is required., reviewerType: Path `reviewerType` is required., revieweeId: Path `revieweeId` is required., comment: Comment must be at least 10 characters

      at model.Object.<anonymous>.Document.invalidate (node_modules/mongoose/lib/document.js:3219:32)
      at node_modules/mongoose/lib/document.js:3012:17
      at node_modules/mongoose/lib/schematype.js:1368:9

(node:25044) NOTE: The AWS SDK for JavaScript (v2) is in maintenance mode.
 SDK releases are limited to address critical bug fixes and security issues only.

Please migrate your code to use AWS SDK for JavaScript (v3).
For more information, check the blog post at https://a.co/cUPnyil
(Use `node --trace-warnings ...` to show where the warning was created)
  console.error
    Error: AppError: Cannot suspend admin accounts
        at suspendUser (C:\Users\DELL\Desktop\personnal project\1000 FIKRA\DKHOUL\backend\src\controllers\admin.controller.ts:133:19)
        at processTicksAndRejections (node:internal/process/task_queues:105:5) {
      statusCode: 400,
      status: 'fail',
      isOperational: true
    }

    [0m [90m 49 |[39m   }
     [90m 50 |[39m
    [31m[1m>[22m[39m[90m 51 |[39m   console[33m.[39merror([32m'Error:'[39m[33m,[39m err)[33m;[39m
     [90m    |[39m           [31m[1m^[22m[39m
     [90m 52 |[39m
     [90m 53 |[39m   res[33m.[39mstatus(statusCode)[33m.[39mjson({
     [90m 54 |[39m     success[33m:[39m [36mfalse[39m[33m,[39m[0m

      at error (src/middleware/error.middleware.ts:51:11)
      at Layer.handle_error (node_modules/express/lib/router/layer.js:71:5)
      at trim_prefix (node_modules/express/lib/router/index.js:326:13)
      at node_modules/express/lib/router/index.js:286:9
      at Function.process_params (node_modules/express/lib/router/index.js:346:12)
      at next (node_modules/express/lib/router/index.js:280:10)
      at Layer.handle_error (node_modules/express/lib/router/layer.js:67:12)
      at trim_prefix (node_modules/express/lib/router/index.js:326:13)
      at node_modules/express/lib/router/index.js:286:9
      at Function.process_params (node_modules/express/lib/router/index.js:346:12)
      at next (node_modules/express/lib/router/index.js:280:10)
      at node_modules/express/lib/router/index.js:646:15
      at next (node_modules/express/lib/router/index.js:265:14)
      at next (node_modules/express/lib/router/route.js:141:14)
      at next (src/controllers/admin.controller.ts:133:14)

  console.error
    Error: AppError: Booking not found
        at createPaymentIntent (C:\Users\DELL\Desktop\personnal project\1000 FIKRA\DKHOUL\backend\src\controllers\payment.controller.ts:43:19)
        at processTicksAndRejections (node:internal/process/task_queues:105:5) {
      statusCode: 404,
      status: 'fail',
      isOperational: true
    }

    [0m [90m 49 |[39m   }
     [90m 50 |[39m
    [31m[1m>[22m[39m[90m 51 |[39m   console[33m.[39merror([32m'Error:'[39m[33m,[39m err)[33m;[39m
     [90m    |[39m           [31m[1m^[22m[39m
     [90m 52 |[39m
     [90m 53 |[39m   res[33m.[39mstatus(statusCode)[33m.[39mjson({
     [90m 54 |[39m     success[33m:[39m [36mfalse[39m[33m,[39m[0m

      at error (src/middleware/error.middleware.ts:51:11)
      at Layer.handle_error (node_modules/express/lib/router/layer.js:71:5)
      at trim_prefix (node_modules/express/lib/router/index.js:326:13)
      at node_modules/express/lib/router/index.js:286:9
      at Function.process_params (node_modules/express/lib/router/index.js:346:12)
      at next (node_modules/express/lib/router/index.js:280:10)
      at Layer.handle_error (node_modules/express/lib/router/layer.js:67:12)
      at trim_prefix (node_modules/express/lib/router/index.js:326:13)
      at node_modules/express/lib/router/index.js:286:9
      at Function.process_params (node_modules/express/lib/router/index.js:346:12)
      at next (node_modules/express/lib/router/index.js:280:10)
      at node_modules/express/lib/router/index.js:646:15
      at next (node_modules/express/lib/router/index.js:265:14)
      at next (node_modules/express/lib/router/route.js:141:14)
      at next (src/controllers/payment.controller.ts:43:14)

  console.error
    Error: AppError: Not authorized to pay for this booking
        at createPaymentIntent (C:\Users\DELL\Desktop\personnal project\1000 FIKRA\DKHOUL\backend\src\controllers\payment.controller.ts:48:19)
        at processTicksAndRejections (node:internal/process/task_queues:105:5) {
      statusCode: 403,
      status: 'fail',
      isOperational: true
    }

    [0m [90m 49 |[39m   }
     [90m 50 |[39m
    [31m[1m>[22m[39m[90m 51 |[39m   console[33m.[39merror([32m'Error:'[39m[33m,[39m err)[33m;[39m
     [90m    |[39m           [31m[1m^[22m[39m
     [90m 52 |[39m
     [90m 53 |[39m   res[33m.[39mstatus(statusCode)[33m.[39mjson({
     [90m 54 |[39m     success[33m:[39m [36mfalse[39m[33m,[39m[0m

      at error (src/middleware/error.middleware.ts:51:11)
      at Layer.handle_error (node_modules/express/lib/router/layer.js:71:5)
      at trim_prefix (node_modules/express/lib/router/index.js:326:13)
      at node_modules/express/lib/router/index.js:286:9
      at Function.process_params (node_modules/express/lib/router/index.js:346:12)
      at next (node_modules/express/lib/router/index.js:280:10)
      at Layer.handle_error (node_modules/express/lib/router/layer.js:67:12)
      at trim_prefix (node_modules/express/lib/router/index.js:326:13)
      at node_modules/express/lib/router/index.js:286:9
      at Function.process_params (node_modules/express/lib/router/index.js:346:12)
      at next (node_modules/express/lib/router/index.js:280:10)
      at node_modules/express/lib/router/index.js:646:15
      at next (node_modules/express/lib/router/index.js:265:14)
      at next (node_modules/express/lib/router/route.js:141:14)
      at next (src/controllers/payment.controller.ts:48:14)

(node:7488) NOTE: The AWS SDK for JavaScript (v2) is in maintenance mode.
 SDK releases are limited to address critical bug fixes and security issues only.

Please migrate your code to use AWS SDK for JavaScript (v3).
For more information, check the blog post at https://a.co/cUPnyil
(Use `node --trace-warnings ...` to show where the warning was created)
  console.error
    Error: AppError: Booking already paid
        at createPaymentIntent (C:\Users\DELL\Desktop\personnal project\1000 FIKRA\DKHOUL\backend\src\controllers\payment.controller.ts:54:19)
        at processTicksAndRejections (node:internal/process/task_queues:105:5) {
      statusCode: 400,
      status: 'fail',
      isOperational: true
    }

    [0m [90m 49 |[39m   }
     [90m 50 |[39m
    [31m[1m>[22m[39m[90m 51 |[39m   console[33m.[39merror([32m'Error:'[39m[33m,[39m err)[33m;[39m
     [90m    |[39m           [31m[1m^[22m[39m
     [90m 52 |[39m
     [90m 53 |[39m   res[33m.[39mstatus(statusCode)[33m.[39mjson({
     [90m 54 |[39m     success[33m:[39m [36mfalse[39m[33m,[39m[0m

      at error (src/middleware/error.middleware.ts:51:11)
      at Layer.handle_error (node_modules/express/lib/router/layer.js:71:5)
      at trim_prefix (node_modules/express/lib/router/index.js:326:13)
      at node_modules/express/lib/router/index.js:286:9
      at Function.process_params (node_modules/express/lib/router/index.js:346:12)
      at next (node_modules/express/lib/router/index.js:280:10)
      at Layer.handle_error (node_modules/express/lib/router/layer.js:67:12)
      at trim_prefix (node_modules/express/lib/router/index.js:326:13)
      at node_modules/express/lib/router/index.js:286:9
      at Function.process_params (node_modules/express/lib/router/index.js:346:12)
      at next (node_modules/express/lib/router/index.js:280:10)
      at node_modules/express/lib/router/index.js:646:15
      at next (node_modules/express/lib/router/index.js:265:14)
      at next (node_modules/express/lib/router/route.js:141:14)
      at next (src/controllers/payment.controller.ts:54:14)

  console.error
    Error: AppError: Payment not found
        at getPaymentById (C:\Users\DELL\Desktop\personnal project\1000 FIKRA\DKHOUL\backend\src\controllers\payment.controller.ts:249:19)
        at processTicksAndRejections (node:internal/process/task_queues:105:5) {
      statusCode: 404,
      status: 'fail',
      isOperational: true
    }

    [0m [90m 49 |[39m   }
     [90m 50 |[39m
    [31m[1m>[22m[39m[90m 51 |[39m   console[33m.[39merror([32m'Error:'[39m[33m,[39m err)[33m;[39m
     [90m    |[39m           [31m[1m^[22m[39m
     [90m 52 |[39m
     [90m 53 |[39m   res[33m.[39mstatus(statusCode)[33m.[39mjson({
     [90m 54 |[39m     success[33m:[39m [36mfalse[39m[33m,[39m[0m

      at error (src/middleware/error.middleware.ts:51:11)
      at Layer.handle_error (node_modules/express/lib/router/layer.js:71:5)
      at trim_prefix (node_modules/express/lib/router/index.js:326:13)
      at node_modules/express/lib/router/index.js:286:9
      at Function.process_params (node_modules/express/lib/router/index.js:346:12)
      at next (node_modules/express/lib/router/index.js:280:10)
      at Layer.handle_error (node_modules/express/lib/router/layer.js:67:12)
      at trim_prefix (node_modules/express/lib/router/index.js:326:13)
      at node_modules/express/lib/router/index.js:286:9
      at Function.process_params (node_modules/express/lib/router/index.js:346:12)
      at next (node_modules/express/lib/router/index.js:280:10)
      at node_modules/express/lib/router/index.js:646:15
      at next (node_modules/express/lib/router/index.js:265:14)
      at next (node_modules/express/lib/router/route.js:141:14)
      at next (src/controllers/payment.controller.ts:249:14)

  console.error
    Error: AppError: Payment not found
        at getPaymentById (C:\Users\DELL\Desktop\personnal project\1000 FIKRA\DKHOUL\backend\src\controllers\payment.controller.ts:249:19)
        at processTicksAndRejections (node:internal/process/task_queues:105:5) {
      statusCode: 404,
      status: 'fail',
      isOperational: true
    }

    [0m [90m 49 |[39m   }
     [90m 50 |[39m
    [31m[1m>[22m[39m[90m 51 |[39m   console[33m.[39merror([32m'Error:'[39m[33m,[39m err)[33m;[39m
     [90m    |[39m           [31m[1m^[22m[39m
     [90m 52 |[39m
     [90m 53 |[39m   res[33m.[39mstatus(statusCode)[33m.[39mjson({
     [90m 54 |[39m     success[33m:[39m [36mfalse[39m[33m,[39m[0m

      at error (src/middleware/error.middleware.ts:51:11)
      at Layer.handle_error (node_modules/express/lib/router/layer.js:71:5)
      at trim_prefix (node_modules/express/lib/router/index.js:326:13)
      at node_modules/express/lib/router/index.js:286:9
      at Function.process_params (node_modules/express/lib/router/index.js:346:12)
      at next (node_modules/express/lib/router/index.js:280:10)
      at Layer.handle_error (node_modules/express/lib/router/layer.js:67:12)
      at trim_prefix (node_modules/express/lib/router/index.js:326:13)
      at node_modules/express/lib/router/index.js:286:9
      at Function.process_params (node_modules/express/lib/router/index.js:346:12)
      at next (node_modules/express/lib/router/index.js:280:10)
      at node_modules/express/lib/router/index.js:646:15
      at next (node_modules/express/lib/router/index.js:265:14)
      at next (node_modules/express/lib/router/route.js:141:14)
      at next (src/controllers/payment.controller.ts:249:14)

  console.error
    Error: AppError: Payment not found
        at getPaymentById (C:\Users\DELL\Desktop\personnal project\1000 FIKRA\DKHOUL\backend\src\controllers\payment.controller.ts:249:19)
        at processTicksAndRejections (node:internal/process/task_queues:105:5) {
      statusCode: 404,
      status: 'fail',
      isOperational: true
    }

    [0m [90m 49 |[39m   }
     [90m 50 |[39m
    [31m[1m>[22m[39m[90m 51 |[39m   console[33m.[39merror([32m'Error:'[39m[33m,[39m err)[33m;[39m
     [90m    |[39m           [31m[1m^[22m[39m
     [90m 52 |[39m
     [90m 53 |[39m   res[33m.[39mstatus(statusCode)[33m.[39mjson({
     [90m 54 |[39m     success[33m:[39m [36mfalse[39m[33m,[39m[0m

      at error (src/middleware/error.middleware.ts:51:11)
      at Layer.handle_error (node_modules/express/lib/router/layer.js:71:5)
      at trim_prefix (node_modules/express/lib/router/index.js:326:13)
      at node_modules/express/lib/router/index.js:286:9
      at Function.process_params (node_modules/express/lib/router/index.js:346:12)
      at next (node_modules/express/lib/router/index.js:280:10)
      at Layer.handle_error (node_modules/express/lib/router/layer.js:67:12)
      at trim_prefix (node_modules/express/lib/router/index.js:326:13)
      at node_modules/express/lib/router/index.js:286:9
      at Function.process_params (node_modules/express/lib/router/index.js:346:12)
      at next (node_modules/express/lib/router/index.js:280:10)
      at node_modules/express/lib/router/index.js:646:15
      at next (node_modules/express/lib/router/index.js:265:14)
      at next (node_modules/express/lib/router/route.js:141:14)
      at next (src/controllers/payment.controller.ts:249:14)

  console.error
    Error: CastError: Cast to ObjectId failed for value "my" (type string) at path "_id" for model "Payment"
        at ObjectId.Object.<anonymous>.ObjectId.cast (C:\Users\DELL\Desktop\personnal project\1000 FIKRA\DKHOUL\backend\node_modules\mongoose\lib\schema\objectid.js:250:11)
        at ObjectId.Object.<anonymous>.SchemaType.applySetters (C:\Users\DELL\Desktop\personnal project\1000 FIKRA\DKHOUL\backend\node_modules\mongoose\lib\schematype.js:1219:12)
        at ObjectId.Object.<anonymous>.SchemaType.castForQuery (C:\Users\DELL\Desktop\personnal project\1000 FIKRA\DKHOUL\backend\node_modules\mongoose\lib\schematype.js:1633:15)
        at cast (C:\Users\DELL\Desktop\personnal project\1000 FIKRA\DKHOUL\backend\node_modules\mongoose\lib\cast.js:389:32)
        at model.Query.Object.<anonymous>.Query.cast (C:\Users\DELL\Desktop\personnal project\1000 FIKRA\DKHOUL\backend\node_modules\mongoose\lib\query.js:4927:12)
        at model.Query.Object.<anonymous>.Query._castConditions (C:\Users\DELL\Desktop\personnal project\1000 FIKRA\DKHOUL\backend\node_modules\mongoose\lib\query.js:2237:10)
        at model.Query._findOne (C:\Users\DELL\Desktop\personnal project\1000 FIKRA\DKHOUL\backend\node_modules\mongoose\lib\query.js:2533:8)
        at model.Query.exec (C:\Users\DELL\Desktop\personnal project\1000 FIKRA\DKHOUL\backend\node_modules\mongoose\lib\query.js:4447:28)
        at processTicksAndRejections (node:internal/process/task_queues:105:5)
        at getPaymentById (C:\Users\DELL\Desktop\personnal project\1000 FIKRA\DKHOUL\backend\src\controllers\payment.controller.ts:245:21) {
      stringValue: '"my"',
      messageFormat: undefined,
      kind: 'ObjectId',
      value: 'my',
      path: '_id',
      reason: BSONError: Argument passed in must be a string of 12 bytes or a string of 24 hex characters or an integer
          at new ObjectId (C:\Users\DELL\Desktop\personnal project\1000 FIKRA\DKHOUL\backend\node_modules\mongoose\node_modules\bson\src\objectid.ts:88:15)
          at castObjectId (C:\Users\DELL\Desktop\personnal project\1000 FIKRA\DKHOUL\backend\node_modules\mongoose\lib\cast\objectid.js:25:12)
          at ObjectId.Object.<anonymous>.ObjectId.cast (C:\Users\DELL\Desktop\personnal project\1000 FIKRA\DKHOUL\backend\node_modules\mongoose\lib\schema\objectid.js:248:12)
          at ObjectId.Object.<anonymous>.SchemaType.applySetters (C:\Users\DELL\Desktop\personnal project\1000 FIKRA\DKHOUL\backend\node_modules\mongoose\lib\schematype.js:1219:12)
          at ObjectId.Object.<anonymous>.SchemaType.castForQuery (C:\Users\DELL\Desktop\personnal project\1000 FIKRA\DKHOUL\backend\node_modules\mongoose\lib\schematype.js:1633:15)
          at cast (C:\Users\DELL\Desktop\personnal project\1000 FIKRA\DKHOUL\backend\node_modules\mongoose\lib\cast.js:389:32)
          at model.Query.Object.<anonymous>.Query.cast (C:\Users\DELL\Desktop\personnal project\1000 FIKRA\DKHOUL\backend\node_modules\mongoose\lib\query.js:4927:12)
          at model.Query.Object.<anonymous>.Query._castConditions (C:\Users\DELL\Desktop\personnal project\1000 FIKRA\DKHOUL\backend\node_modules\mongoose\lib\query.js:2237:10)
          at model.Query._findOne (C:\Users\DELL\Desktop\personnal project\1000 FIKRA\DKHOUL\backend\node_modules\mongoose\lib\query.js:2533:8)
          at model.Query.exec (C:\Users\DELL\Desktop\personnal project\1000 FIKRA\DKHOUL\backend\node_modules\mongoose\lib\query.js:4447:28)
          at processTicksAndRejections (node:internal/process/task_queues:105:5)
          at getPaymentById (C:\Users\DELL\Desktop\personnal project\1000 FIKRA\DKHOUL\backend\src\controllers\payment.controller.ts:245:21),
      valueType: 'string',
      model: Model { Payment }
    }

    [0m [90m 49 |[39m   }
     [90m 50 |[39m
    [31m[1m>[22m[39m[90m 51 |[39m   console[33m.[39merror([32m'Error:'[39m[33m,[39m err)[33m;[39m
     [90m    |[39m           [31m[1m^[22m[39m
     [90m 52 |[39m
     [90m 53 |[39m   res[33m.[39mstatus(statusCode)[33m.[39mjson({
     [90m 54 |[39m     success[33m:[39m [36mfalse[39m[33m,[39m[0m

      at error (src/middleware/error.middleware.ts:51:11)
      at Layer.handle_error (node_modules/express/lib/router/layer.js:71:5)
      at trim_prefix (node_modules/express/lib/router/index.js:326:13)
      at node_modules/express/lib/router/index.js:286:9
      at Function.process_params (node_modules/express/lib/router/index.js:346:12)
      at next (node_modules/express/lib/router/index.js:280:10)
      at Layer.handle_error (node_modules/express/lib/router/layer.js:67:12)
      at trim_prefix (node_modules/express/lib/router/index.js:326:13)
      at node_modules/express/lib/router/index.js:286:9
      at Function.process_params (node_modules/express/lib/router/index.js:346:12)
      at next (node_modules/express/lib/router/index.js:280:10)
      at node_modules/express/lib/router/index.js:646:15
      at next (node_modules/express/lib/router/index.js:265:14)
      at next (node_modules/express/lib/router/route.js:141:14)
      at next (src/controllers/payment.controller.ts:266:5)

PASS src/__tests__/controllers/admin.controller.test.ts (86.161 s)
  Admin Controller
    GET /api/admin/users
      ÔêÜ should allow admin to get all users (1691 ms)
      ÔêÜ should reject non-admin access (311 ms)
      ÔêÜ should filter users by role (810 ms)
      ÔêÜ should search users by name or email (421 ms)
      ÔêÜ should paginate users list (1035 ms)
    PUT /api/admin/users/:id/suspend
      ÔêÜ should suspend user account (352 ms)
      ÔêÜ should reject non-admin suspension (279 ms)
      ÔêÜ should not allow suspending admin accounts (342 ms)
    GET /api/admin/services/pending
      ÔêÜ should get pending services (367 ms)
      ÔêÜ should reject non-admin access (155 ms)
    PUT /api/admin/services/:id/approve
      ÔêÜ should approve service (277 ms)
      ÔêÜ should reject service (290 ms)
    GET /api/admin/stats
      ÔêÜ should get platform statistics (192 ms)
      ÔêÜ should include user breakdown by role (556 ms)
      ÔêÜ should reject non-admin access (151 ms)
    GET /api/admin/bookings
      ÔêÜ should get all bookings (419 ms)
      ÔêÜ should filter bookings by status (445 ms)
    DELETE /api/admin/users/:id
      ÔêÜ should delete user account (369 ms)
      ÔêÜ should reject non-admin deletion (418 ms)

  console.error
    Error: CastError: Cast to ObjectId failed for value "my" (type string) at path "_id" for model "Payment"
        at ObjectId.Object.<anonymous>.ObjectId.cast (C:\Users\DELL\Desktop\personnal project\1000 FIKRA\DKHOUL\backend\node_modules\mongoose\lib\schema\objectid.js:250:11)
        at ObjectId.Object.<anonymous>.SchemaType.applySetters (C:\Users\DELL\Desktop\personnal project\1000 FIKRA\DKHOUL\backend\node_modules\mongoose\lib\schematype.js:1219:12)
        at ObjectId.Object.<anonymous>.SchemaType.castForQuery (C:\Users\DELL\Desktop\personnal project\1000 FIKRA\DKHOUL\backend\node_modules\mongoose\lib\schematype.js:1633:15)
        at cast (C:\Users\DELL\Desktop\personnal project\1000 FIKRA\DKHOUL\backend\node_modules\mongoose\lib\cast.js:389:32)
        at model.Query.Object.<anonymous>.Query.cast (C:\Users\DELL\Desktop\personnal project\1000 FIKRA\DKHOUL\backend\node_modules\mongoose\lib\query.js:4927:12)
        at model.Query.Object.<anonymous>.Query._castConditions (C:\Users\DELL\Desktop\personnal project\1000 FIKRA\DKHOUL\backend\node_modules\mongoose\lib\query.js:2237:10)
        at model.Query._findOne (C:\Users\DELL\Desktop\personnal project\1000 FIKRA\DKHOUL\backend\node_modules\mongoose\lib\query.js:2533:8)
        at model.Query.exec (C:\Users\DELL\Desktop\personnal project\1000 FIKRA\DKHOUL\backend\node_modules\mongoose\lib\query.js:4447:28)
        at processTicksAndRejections (node:internal/process/task_queues:105:5)
        at getPaymentById (C:\Users\DELL\Desktop\personnal project\1000 FIKRA\DKHOUL\backend\src\controllers\payment.controller.ts:245:21) {
      stringValue: '"my"',
      messageFormat: undefined,
      kind: 'ObjectId',
      value: 'my',
      path: '_id',
      reason: BSONError: Argument passed in must be a string of 12 bytes or a string of 24 hex characters or an integer
          at new ObjectId (C:\Users\DELL\Desktop\personnal project\1000 FIKRA\DKHOUL\backend\node_modules\mongoose\node_modules\bson\src\objectid.ts:88:15)
          at castObjectId (C:\Users\DELL\Desktop\personnal project\1000 FIKRA\DKHOUL\backend\node_modules\mongoose\lib\cast\objectid.js:25:12)
          at ObjectId.Object.<anonymous>.ObjectId.cast (C:\Users\DELL\Desktop\personnal project\1000 FIKRA\DKHOUL\backend\node_modules\mongoose\lib\schema\objectid.js:248:12)
          at ObjectId.Object.<anonymous>.SchemaType.applySetters (C:\Users\DELL\Desktop\personnal project\1000 FIKRA\DKHOUL\backend\node_modules\mongoose\lib\schematype.js:1219:12)
          at ObjectId.Object.<anonymous>.SchemaType.castForQuery (C:\Users\DELL\Desktop\personnal project\1000 FIKRA\DKHOUL\backend\node_modules\mongoose\lib\schematype.js:1633:15)
          at cast (C:\Users\DELL\Desktop\personnal project\1000 FIKRA\DKHOUL\backend\node_modules\mongoose\lib\cast.js:389:32)
          at model.Query.Object.<anonymous>.Query.cast (C:\Users\DELL\Desktop\personnal project\1000 FIKRA\DKHOUL\backend\node_modules\mongoose\lib\query.js:4927:12)
          at model.Query.Object.<anonymous>.Query._castConditions (C:\Users\DELL\Desktop\personnal project\1000 FIKRA\DKHOUL\backend\node_modules\mongoose\lib\query.js:2237:10)
          at model.Query._findOne (C:\Users\DELL\Desktop\personnal project\1000 FIKRA\DKHOUL\backend\node_modules\mongoose\lib\query.js:2533:8)
          at model.Query.exec (C:\Users\DELL\Desktop\personnal project\1000 FIKRA\DKHOUL\backend\node_modules\mongoose\lib\query.js:4447:28)
          at processTicksAndRejections (node:internal/process/task_queues:105:5)
          at getPaymentById (C:\Users\DELL\Desktop\personnal project\1000 FIKRA\DKHOUL\backend\src\controllers\payment.controller.ts:245:21),
      valueType: 'string',
      model: Model { Payment }
    }

    [0m [90m 49 |[39m   }
     [90m 50 |[39m
    [31m[1m>[22m[39m[90m 51 |[39m   console[33m.[39merror([32m'Error:'[39m[33m,[39m err)[33m;[39m
     [90m    |[39m           [31m[1m^[22m[39m
     [90m 52 |[39m
     [90m 53 |[39m   res[33m.[39mstatus(statusCode)[33m.[39mjson({
     [90m 54 |[39m     success[33m:[39m [36mfalse[39m[33m,[39m[0m

      at error (src/middleware/error.middleware.ts:51:11)
      at Layer.handle_error (node_modules/express/lib/router/layer.js:71:5)
      at trim_prefix (node_modules/express/lib/router/index.js:326:13)
      at node_modules/express/lib/router/index.js:286:9
      at Function.process_params (node_modules/express/lib/router/index.js:346:12)
      at next (node_modules/express/lib/router/index.js:280:10)
      at Layer.handle_error (node_modules/express/lib/router/layer.js:67:12)
      at trim_prefix (node_modules/express/lib/router/index.js:326:13)
      at node_modules/express/lib/router/index.js:286:9
      at Function.process_params (node_modules/express/lib/router/index.js:346:12)
      at next (node_modules/express/lib/router/index.js:280:10)
      at node_modules/express/lib/router/index.js:646:15
      at next (node_modules/express/lib/router/index.js:265:14)
      at next (node_modules/express/lib/router/route.js:141:14)
      at next (src/controllers/payment.controller.ts:266:5)

  console.error
    Error: CastError: Cast to ObjectId failed for value "my" (type string) at path "_id" for model "Payment"
        at ObjectId.Object.<anonymous>.ObjectId.cast (C:\Users\DELL\Desktop\personnal project\1000 FIKRA\DKHOUL\backend\node_modules\mongoose\lib\schema\objectid.js:250:11)
        at ObjectId.Object.<anonymous>.SchemaType.applySetters (C:\Users\DELL\Desktop\personnal project\1000 FIKRA\DKHOUL\backend\node_modules\mongoose\lib\schematype.js:1219:12)
        at ObjectId.Object.<anonymous>.SchemaType.castForQuery (C:\Users\DELL\Desktop\personnal project\1000 FIKRA\DKHOUL\backend\node_modules\mongoose\lib\schematype.js:1633:15)
        at cast (C:\Users\DELL\Desktop\personnal project\1000 FIKRA\DKHOUL\backend\node_modules\mongoose\lib\cast.js:389:32)
        at model.Query.Object.<anonymous>.Query.cast (C:\Users\DELL\Desktop\personnal project\1000 FIKRA\DKHOUL\backend\node_modules\mongoose\lib\query.js:4927:12)
        at model.Query.Object.<anonymous>.Query._castConditions (C:\Users\DELL\Desktop\personnal project\1000 FIKRA\DKHOUL\backend\node_modules\mongoose\lib\query.js:2237:10)
        at model.Query._findOne (C:\Users\DELL\Desktop\personnal project\1000 FIKRA\DKHOUL\backend\node_modules\mongoose\lib\query.js:2533:8)
        at model.Query.exec (C:\Users\DELL\Desktop\personnal project\1000 FIKRA\DKHOUL\backend\node_modules\mongoose\lib\query.js:4447:28)
        at processTicksAndRejections (node:internal/process/task_queues:105:5)
        at getPaymentById (C:\Users\DELL\Desktop\personnal project\1000 FIKRA\DKHOUL\backend\src\controllers\payment.controller.ts:245:21) {
      stringValue: '"my"',
      messageFormat: undefined,
      kind: 'ObjectId',
      value: 'my',
      path: '_id',
      reason: BSONError: Argument passed in must be a string of 12 bytes or a string of 24 hex characters or an integer
          at new ObjectId (C:\Users\DELL\Desktop\personnal project\1000 FIKRA\DKHOUL\backend\node_modules\mongoose\node_modules\bson\src\objectid.ts:88:15)
          at castObjectId (C:\Users\DELL\Desktop\personnal project\1000 FIKRA\DKHOUL\backend\node_modules\mongoose\lib\cast\objectid.js:25:12)
          at ObjectId.Object.<anonymous>.ObjectId.cast (C:\Users\DELL\Desktop\personnal project\1000 FIKRA\DKHOUL\backend\node_modules\mongoose\lib\schema\objectid.js:248:12)
          at ObjectId.Object.<anonymous>.SchemaType.applySetters (C:\Users\DELL\Desktop\personnal project\1000 FIKRA\DKHOUL\backend\node_modules\mongoose\lib\schematype.js:1219:12)
          at ObjectId.Object.<anonymous>.SchemaType.castForQuery (C:\Users\DELL\Desktop\personnal project\1000 FIKRA\DKHOUL\backend\node_modules\mongoose\lib\schematype.js:1633:15)
          at cast (C:\Users\DELL\Desktop\personnal project\1000 FIKRA\DKHOUL\backend\node_modules\mongoose\lib\cast.js:389:32)
          at model.Query.Object.<anonymous>.Query.cast (C:\Users\DELL\Desktop\personnal project\1000 FIKRA\DKHOUL\backend\node_modules\mongoose\lib\query.js:4927:12)
          at model.Query.Object.<anonymous>.Query._castConditions (C:\Users\DELL\Desktop\personnal project\1000 FIKRA\DKHOUL\backend\node_modules\mongoose\lib\query.js:2237:10)
          at model.Query._findOne (C:\Users\DELL\Desktop\personnal project\1000 FIKRA\DKHOUL\backend\node_modules\mongoose\lib\query.js:2533:8)
          at model.Query.exec (C:\Users\DELL\Desktop\personnal project\1000 FIKRA\DKHOUL\backend\node_modules\mongoose\lib\query.js:4447:28)
          at processTicksAndRejections (node:internal/process/task_queues:105:5)
          at getPaymentById (C:\Users\DELL\Desktop\personnal project\1000 FIKRA\DKHOUL\backend\src\controllers\payment.controller.ts:245:21),
      valueType: 'string',
      model: Model { Payment }
    }

    [0m [90m 49 |[39m   }
     [90m 50 |[39m
    [31m[1m>[22m[39m[90m 51 |[39m   console[33m.[39merror([32m'Error:'[39m[33m,[39m err)[33m;[39m
     [90m    |[39m           [31m[1m^[22m[39m
     [90m 52 |[39m
     [90m 53 |[39m   res[33m.[39mstatus(statusCode)[33m.[39mjson({
     [90m 54 |[39m     success[33m:[39m [36mfalse[39m[33m,[39m[0m

      at error (src/middleware/error.middleware.ts:51:11)
      at Layer.handle_error (node_modules/express/lib/router/layer.js:71:5)
      at trim_prefix (node_modules/express/lib/router/index.js:326:13)
      at node_modules/express/lib/router/index.js:286:9
      at Function.process_params (node_modules/express/lib/router/index.js:346:12)
      at next (node_modules/express/lib/router/index.js:280:10)
      at Layer.handle_error (node_modules/express/lib/router/layer.js:67:12)
      at trim_prefix (node_modules/express/lib/router/index.js:326:13)
      at node_modules/express/lib/router/index.js:286:9
      at Function.process_params (node_modules/express/lib/router/index.js:346:12)
      at next (node_modules/express/lib/router/index.js:280:10)
      at node_modules/express/lib/router/index.js:646:15
      at next (node_modules/express/lib/router/index.js:265:14)
      at next (node_modules/express/lib/router/route.js:141:14)
      at next (src/controllers/payment.controller.ts:266:5)

FAIL src/__tests__/controllers/payment.controller.test.ts (88.019 s)
  Payment Controller
    POST /api/payments/create-intent
      ├ù should create payment intent for valid booking (775 ms)
      ÔêÜ should reject payment for non-existent booking (207 ms)
      ÔêÜ should reject payment for other user's booking (492 ms)
      ÔêÜ should reject double payment for same booking (293 ms)
      ÔêÜ should reject without authentication (24 ms)
    GET /api/payments/:bookingId
      ├ù should get payment details for tourist (322 ms)
      ├ù should get payment details for host (353 ms)
      ├ù should reject payment access by other users (635 ms)
    GET /api/payments/my
      ├ù should get user's payment history (500 ms)
      ├ù should filter payments by status (291 ms)
      ├ù should paginate payment history (318 ms)
    POST /api/payments/refund
      ÔêÜ should process refund for cancelled booking (377 ms)
      ├ù should reject refund for active booking (332 ms)

  ÔùÅ Payment Controller ÔÇ║ POST /api/payments/create-intent ÔÇ║ should create payment intent for valid booking

    expect(received).toBe(expected) // Object.is equality

    Expected: 200
    Received: 201

    [0m [90m 22 |[39m         })[33m;[39m
     [90m 23 |[39m
    [31m[1m>[22m[39m[90m 24 |[39m       expect(response[33m.[39mstatus)[33m.[39mtoBe([35m200[39m)[33m;[39m
     [90m    |[39m                               [31m[1m^[22m[39m
     [90m 25 |[39m       expect(response[33m.[39mbody[33m.[39msuccess)[33m.[39mtoBe([36mtrue[39m)[33m;[39m
     [90m 26 |[39m       expect(response[33m.[39mbody[33m.[39mdata)[33m.[39mtoHaveProperty([32m'clientSecret'[39m)[33m;[39m
     [90m 27 |[39m       expect(response[33m.[39mbody[33m.[39mdata)[33m.[39mtoHaveProperty([32m'payment'[39m)[33m;[39m[0m

      at Object.<anonymous> (src/__tests__/controllers/payment.controller.test.ts:24:31)

  ÔùÅ Payment Controller ÔÇ║ GET /api/payments/:bookingId ÔÇ║ should get payment details for tourist

    expect(received).toBe(expected) // Object.is equality

    Expected: 200
    Received: 404

    [0m [90m 125 |[39m         [33m.[39m[36mset[39m([32m'Authorization'[39m[33m,[39m [32m`Bearer ${token}`[39m)[33m;[39m
     [90m 126 |[39m
    [31m[1m>[22m[39m[90m 127 |[39m       expect(response[33m.[39mstatus)[33m.[39mtoBe([35m200[39m)[33m;[39m
     [90m     |[39m                               [31m[1m^[22m[39m
     [90m 128 |[39m       expect(response[33m.[39mbody[33m.[39msuccess)[33m.[39mtoBe([36mtrue[39m)[33m;[39m
     [90m 129 |[39m       expect(response[33m.[39mbody[33m.[39mdata[33m.[39mpayment[33m.[39mtransactionId)[33m.[39mtoBe([32m'pi_test456'[39m)[33m;[39m
     [90m 130 |[39m       expect(response[33m.[39mbody[33m.[39mdata[33m.[39mpayment[33m.[39mstatus)[33m.[39mtoBe([32m'completed'[39m)[33m;[39m[0m

      at Object.<anonymous> (src/__tests__/controllers/payment.controller.test.ts:127:31)

  ÔùÅ Payment Controller ÔÇ║ GET /api/payments/:bookingId ÔÇ║ should get payment details for host

    expect(received).toBe(expected) // Object.is equality

    Expected: 200
    Received: 404

    [0m [90m 152 |[39m         [33m.[39m[36mset[39m([32m'Authorization'[39m[33m,[39m [32m`Bearer ${token}`[39m)[33m;[39m
     [90m 153 |[39m
    [31m[1m>[22m[39m[90m 154 |[39m       expect(response[33m.[39mstatus)[33m.[39mtoBe([35m200[39m)[33m;[39m
     [90m     |[39m                               [31m[1m^[22m[39m
     [90m 155 |[39m       expect(response[33m.[39mbody[33m.[39msuccess)[33m.[39mtoBe([36mtrue[39m)[33m;[39m
     [90m 156 |[39m     })[33m;[39m
     [90m 157 |[39m[0m

      at Object.<anonymous> (src/__tests__/controllers/payment.controller.test.ts:154:31)

  ÔùÅ Payment Controller ÔÇ║ GET /api/payments/:bookingId ÔÇ║ should reject payment access by other users

    expect(received).toBe(expected) // Object.is equality

    Expected: 403
    Received: 404

    [0m [90m 177 |[39m         [33m.[39m[36mset[39m([32m'Authorization'[39m[33m,[39m [32m`Bearer ${token}`[39m)[33m;[39m
     [90m 178 |[39m
    [31m[1m>[22m[39m[90m 179 |[39m       expect(response[33m.[39mstatus)[33m.[39mtoBe([35m403[39m)[33m;[39m
     [90m     |[39m                               [31m[1m^[22m[39m
     [90m 180 |[39m     })[33m;[39m
     [90m 181 |[39m   })[33m;[39m
     [90m 182 |[39m[0m

      at Object.<anonymous> (src/__tests__/controllers/payment.controller.test.ts:179:31)

  ÔùÅ Payment Controller ÔÇ║ GET /api/payments/my ÔÇ║ should get user's payment history

    expect(received).toBe(expected) // Object.is equality

    Expected: 200
    Received: 400

    [0m [90m 212 |[39m         [33m.[39m[36mset[39m([32m'Authorization'[39m[33m,[39m [32m`Bearer ${token}`[39m)[33m;[39m
     [90m 213 |[39m
    [31m[1m>[22m[39m[90m 214 |[39m       expect(response[33m.[39mstatus)[33m.[39mtoBe([35m200[39m)[33m;[39m
     [90m     |[39m                               [31m[1m^[22m[39m
     [90m 215 |[39m       expect(response[33m.[39mbody[33m.[39msuccess)[33m.[39mtoBe([36mtrue[39m)[33m;[39m
     [90m 216 |[39m       expect(response[33m.[39mbody[33m.[39mdata[33m.[39mpayments)[33m.[39mtoHaveLength([35m2[39m)[33m;[39m
     [90m 217 |[39m     })[33m;[39m[0m

      at Object.<anonymous> (src/__tests__/controllers/payment.controller.test.ts:214:31)

  ÔùÅ Payment Controller ÔÇ║ GET /api/payments/my ÔÇ║ should filter payments by status

    expect(received).toBe(expected) // Object.is equality

    Expected: 200
    Received: 400

    [0m [90m 237 |[39m         [33m.[39m[36mset[39m([32m'Authorization'[39m[33m,[39m [32m`Bearer ${token}`[39m)[33m;[39m
     [90m 238 |[39m
    [31m[1m>[22m[39m[90m 239 |[39m       expect(response[33m.[39mstatus)[33m.[39mtoBe([35m200[39m)[33m;[39m
     [90m     |[39m                               [31m[1m^[22m[39m
     [90m 240 |[39m       expect(response[33m.[39mbody[33m.[39mdata[33m.[39mpayments)[33m.[39mtoHaveLength([35m1[39m)[33m;[39m
     [90m 241 |[39m       expect(response[33m.[39mbody[33m.[39mdata[33m.[39mpayments[[35m0[39m][33m.[39mstatus)[33m.[39mtoBe([32m'completed'[39m)[33m;[39m
     [90m 242 |[39m     })[33m;[39m[0m

      at Object.<anonymous> (src/__tests__/controllers/payment.controller.test.ts:239:31)

  ÔùÅ Payment Controller ÔÇ║ GET /api/payments/my ÔÇ║ should paginate payment history

    expect(received).toBe(expected) // Object.is equality

    Expected: 200
    Received: 400

    [0m [90m 265 |[39m         [33m.[39m[36mset[39m([32m'Authorization'[39m[33m,[39m [32m`Bearer ${token}`[39m)[33m;[39m
     [90m 266 |[39m
    [31m[1m>[22m[39m[90m 267 |[39m       expect(response[33m.[39mstatus)[33m.[39mtoBe([35m200[39m)[33m;[39m
     [90m     |[39m                               [31m[1m^[22m[39m
     [90m 268 |[39m       expect(response[33m.[39mbody[33m.[39mdata[33m.[39mpayments)[33m.[39mtoHaveLength([35m2[39m)[33m;[39m
     [90m 269 |[39m       expect(response[33m.[39mbody[33m.[39mdata[33m.[39mpagination)[33m.[39mtoHaveProperty([32m'total'[39m)[33m;[39m
     [90m 270 |[39m       expect(response[33m.[39mbody[33m.[39mdata[33m.[39mpagination[33m.[39mtotal)[33m.[39mtoBe([35m5[39m)[33m;[39m[0m

      at Object.<anonymous> (src/__tests__/controllers/payment.controller.test.ts:267:31)

  ÔùÅ Payment Controller ÔÇ║ POST /api/payments/refund ÔÇ║ should reject refund for active booking

    expect(received).toBe(expected) // Object.is equality

    Expected: 400
    Received: 200

    [0m [90m 328 |[39m         })[33m;[39m
     [90m 329 |[39m
    [31m[1m>[22m[39m[90m 330 |[39m       expect(response[33m.[39mstatus)[33m.[39mtoBe([35m400[39m)[33m;[39m
     [90m     |[39m                               [31m[1m^[22m[39m
     [90m 331 |[39m       expect(response[33m.[39mbody[33m.[39mmessage)[33m.[39mtoContain([32m'cannot be refunded'[39m)[33m;[39m
     [90m 332 |[39m     })[33m;[39m
     [90m 333 |[39m   })[33m;[39m[0m

      at Object.<anonymous> (src/__tests__/controllers/payment.controller.test.ts:330:31)

  console.error
    Error: AppError: Not authorized to view this booking
        at getBookingById (C:\Users\DELL\Desktop\personnal project\1000 FIKRA\DKHOUL\backend\src\controllers\booking.controller.ts:177:19)
        at processTicksAndRejections (node:internal/process/task_queues:105:5) {
      statusCode: 403,
      status: 'fail',
      isOperational: true
    }

    [0m [90m 49 |[39m   }
     [90m 50 |[39m
    [31m[1m>[22m[39m[90m 51 |[39m   console[33m.[39merror([32m'Error:'[39m[33m,[39m err)[33m;[39m
     [90m    |[39m           [31m[1m^[22m[39m
     [90m 52 |[39m
     [90m 53 |[39m   res[33m.[39mstatus(statusCode)[33m.[39mjson({
     [90m 54 |[39m     success[33m:[39m [36mfalse[39m[33m,[39m[0m

      at error (src/middleware/error.middleware.ts:51:11)
      at Layer.handle_error (node_modules/express/lib/router/layer.js:71:5)
      at trim_prefix (node_modules/express/lib/router/index.js:326:13)
      at node_modules/express/lib/router/index.js:286:9
      at Function.process_params (node_modules/express/lib/router/index.js:346:12)
      at next (node_modules/express/lib/router/index.js:280:10)
      at Layer.handle_error (node_modules/express/lib/router/layer.js:67:12)
      at trim_prefix (node_modules/express/lib/router/index.js:326:13)
      at node_modules/express/lib/router/index.js:286:9
      at Function.process_params (node_modules/express/lib/router/index.js:346:12)
      at next (node_modules/express/lib/router/index.js:280:10)
      at node_modules/express/lib/router/index.js:646:15
      at next (node_modules/express/lib/router/index.js:265:14)
      at next (node_modules/express/lib/router/route.js:141:14)
      at next (src/controllers/booking.controller.ts:177:14)

  console.error
    Error: AppError: This booking cannot be cancelled
        at cancelBooking (C:\Users\DELL\Desktop\personnal project\1000 FIKRA\DKHOUL\backend\src\controllers\booking.controller.ts:252:19)
        at processTicksAndRejections (node:internal/process/task_queues:105:5) {
      statusCode: 400,
      status: 'fail',
      isOperational: true
    }

    [0m [90m 49 |[39m   }
     [90m 50 |[39m
    [31m[1m>[22m[39m[90m 51 |[39m   console[33m.[39merror([32m'Error:'[39m[33m,[39m err)[33m;[39m
     [90m    |[39m           [31m[1m^[22m[39m
     [90m 52 |[39m
     [90m 53 |[39m   res[33m.[39mstatus(statusCode)[33m.[39mjson({
     [90m 54 |[39m     success[33m:[39m [36mfalse[39m[33m,[39m[0m

      at error (src/middleware/error.middleware.ts:51:11)
      at Layer.handle_error (node_modules/express/lib/router/layer.js:71:5)
      at trim_prefix (node_modules/express/lib/router/index.js:326:13)
      at node_modules/express/lib/router/index.js:286:9
      at Function.process_params (node_modules/express/lib/router/index.js:346:12)
      at next (node_modules/express/lib/router/index.js:280:10)
      at Layer.handle_error (node_modules/express/lib/router/layer.js:67:12)
      at trim_prefix (node_modules/express/lib/router/index.js:326:13)
      at node_modules/express/lib/router/index.js:286:9
      at Function.process_params (node_modules/express/lib/router/index.js:346:12)
      at Immediate.next (node_modules/express/lib/router/index.js:280:10)
      at Immediate._onImmediate (node_modules/express/lib/router/index.js:646:15)

FAIL src/__tests__/controllers/booking.controller.test.ts (90.343 s)
  Booking Controller
    POST /api/bookings (Protected)
      ├ù should create booking for available service (791 ms)
      ├ù should prevent booking own service (230 ms)
      ÔêÜ should reject booking for inactive service (328 ms)
      ÔêÜ should reject booking without auth token (40 ms)
    GET /api/bookings/my (Protected)
      ÔêÜ should return user's bookings (345 ms)
      ÔêÜ should populate serviceId and hostId correctly (262 ms)
      ÔêÜ should reject request without auth token (21 ms)
    GET /api/bookings/:id (Protected)
      ÔêÜ should return booking details for tourist (244 ms)
      ÔêÜ should return booking details for host (248 ms)
      ÔêÜ should reject access for other users (368 ms)
    PATCH /api/bookings/:id/status (Host Protected)
      ├ù should allow host to confirm booking (215 ms)
      ├ù should allow host to reject booking (207 ms)
      ÔêÜ should prevent tourist from changing status (190 ms)
    POST /api/bookings/:id/cancel (Protected)
      ÔêÜ should allow tourist to cancel within deadline (212 ms)
      ÔêÜ should prevent cancellation of completed booking (214 ms)

  ÔùÅ Booking Controller ÔÇ║ POST /api/bookings (Protected) ÔÇ║ should create booking for available service

    expected 201 "Created", got 400 "Bad Request"

    [0m [90m 30 |[39m         [33m.[39m[36mset[39m([32m'Authorization'[39m[33m,[39m [32m`Bearer ${token}`[39m)
     [90m 31 |[39m         [33m.[39msend(bookingData)
    [31m[1m>[22m[39m[90m 32 |[39m         [33m.[39mexpect([35m201[39m)[33m;[39m
     [90m    |[39m          [31m[1m^[22m[39m
     [90m 33 |[39m
     [90m 34 |[39m       expect(response[33m.[39mbody[33m.[39msuccess)[33m.[39mtoBe([36mtrue[39m)[33m;[39m
     [90m 35 |[39m       expect(response[33m.[39mbody[33m.[39mdata[33m.[39mbooking[33m.[39mtouristId[33m.[39mtoString())[33m.[39mtoBe(tourist[33m.[39m_id[33m.[39mtoString())[33m;[39m[0m

      at Object.<anonymous> (src/__tests__/controllers/booking.controller.test.ts:32:10)
      ----
      at Test._assertStatus (node_modules/supertest/lib/test.js:252:14)
      at node_modules/supertest/lib/test.js:308:13
      at Test._assertFunction (node_modules/supertest/lib/test.js:285:13)
      at Test.assert (node_modules/supertest/lib/test.js:164:23)
      at Server.localAssert (node_modules/supertest/lib/test.js:120:14)

  ÔùÅ Booking Controller ÔÇ║ POST /api/bookings (Protected) ÔÇ║ should prevent booking own service

    expect(received).toContain(expected) // indexOf

    Expected substring: "own service"
    Received string:    "Validation failed"

    [0m [90m 60 |[39m
     [90m 61 |[39m       expect(response[33m.[39mbody[33m.[39msuccess)[33m.[39mtoBe([36mfalse[39m)[33m;[39m
    [31m[1m>[22m[39m[90m 62 |[39m       expect(response[33m.[39mbody[33m.[39mmessage)[33m.[39mtoContain([32m'own service'[39m)[33m;[39m
     [90m    |[39m                                     [31m[1m^[22m[39m
     [90m 63 |[39m     })[33m;[39m
     [90m 64 |[39m
     [90m 65 |[39m     it([32m'should reject booking for inactive service'[39m[33m,[39m [36masync[39m () [33m=>[39m {[0m

      at Object.<anonymous> (src/__tests__/controllers/booking.controller.test.ts:62:37)

  ÔùÅ Booking Controller ÔÇ║ PATCH /api/bookings/:id/status (Host Protected) ÔÇ║ should allow host to confirm booking

    expected 200 "OK", got 403 "Forbidden"

    [0m [90m 218 |[39m         [33m.[39m[36mset[39m([32m'Authorization'[39m[33m,[39m [32m`Bearer ${token}`[39m)
     [90m 219 |[39m         [33m.[39msend({ status[33m:[39m [32m'confirmed'[39m })
    [31m[1m>[22m[39m[90m 220 |[39m         [33m.[39mexpect([35m200[39m)[33m;[39m
     [90m     |[39m          [31m[1m^[22m[39m
     [90m 221 |[39m
     [90m 222 |[39m       expect(response[33m.[39mbody[33m.[39msuccess)[33m.[39mtoBe([36mtrue[39m)[33m;[39m
     [90m 223 |[39m       expect(response[33m.[39mbody[33m.[39mdata[33m.[39mbooking[33m.[39mstatus)[33m.[39mtoBe([32m'confirmed'[39m)[33m;[39m[0m

      at Object.<anonymous> (src/__tests__/controllers/booking.controller.test.ts:220:10)
      ----
      at Test._assertStatus (node_modules/supertest/lib/test.js:252:14)
      at node_modules/supertest/lib/test.js:308:13
      at Test._assertFunction (node_modules/supertest/lib/test.js:285:13)
      at Test.assert (node_modules/supertest/lib/test.js:164:23)
      at Server.localAssert (node_modules/supertest/lib/test.js:120:14)

  ÔùÅ Booking Controller ÔÇ║ PATCH /api/bookings/:id/status (Host Protected) ÔÇ║ should allow host to reject booking

    expected 200 "OK", got 403 "Forbidden"

    [0m [90m 236 |[39m         [33m.[39m[36mset[39m([32m'Authorization'[39m[33m,[39m [32m`Bearer ${token}`[39m)
     [90m 237 |[39m         [33m.[39msend({ status[33m:[39m [32m'rejected'[39m })
    [31m[1m>[22m[39m[90m 238 |[39m         [33m.[39mexpect([35m200[39m)[33m;[39m
     [90m     |[39m          [31m[1m^[22m[39m
     [90m 239 |[39m
     [90m 240 |[39m       expect(response[33m.[39mbody[33m.[39msuccess)[33m.[39mtoBe([36mtrue[39m)[33m;[39m
     [90m 241 |[39m       expect(response[33m.[39mbody[33m.[39mdata[33m.[39mbooking[33m.[39mstatus)[33m.[39mtoBe([32m'rejected'[39m)[33m;[39m[0m

      at Object.<anonymous> (src/__tests__/controllers/booking.controller.test.ts:238:10)
      ----
      at Test._assertStatus (node_modules/supertest/lib/test.js:252:14)
      at node_modules/supertest/lib/test.js:308:13
      at Test._assertFunction (node_modules/supertest/lib/test.js:285:13)
      at Test.assert (node_modules/supertest/lib/test.js:164:23)
      at Server.localAssert (node_modules/supertest/lib/test.js:120:14)

A worker process has failed to exit gracefully and has been force exited. This is likely caused by tests leaking due to improper teardown. Try running with --detectOpenHandles to find leaks. Active timers can also cause this, ensure that .unref() was 
called on them.
---------------------------|---------|----------|---------|---------|-----------------------------------------------------------------------------------------------------
File                       | % Stmts | % Branch | % Funcs | % Lines | Uncovered Line #s                                                                                   
---------------------------|---------|----------|---------|---------|-----------------------------------------------------------------------------------------------------
All files                  |   47.39 |    32.65 |      31 |   45.88 |                                                                                                     
 src                       |   97.14 |       50 |       0 |   97.14 |                                                                                                     
  app.ts                   |   97.14 |       50 |       0 |   97.14 | 54                                                                                                  
 src/__tests__/utils       |     100 |      100 |     100 |     100 |                                                                                                     
  testHelpers.ts           |     100 |      100 |     100 |     100 |                                                                                                     
 src/config                |   27.38 |    42.55 |    8.33 |   27.16 |                                                                                                     
  aws.ts                   |   51.35 |       30 |      25 |   51.42 | 10,20-22,26-30,44-47,57-65                                                                          
  database.ts              |       0 |      100 |       0 |       0 | 1-20                                                                                                
  environment.ts           |     100 |    56.66 |     100 |     100 | 6-14,17-37                                                                                          
  redis.ts                 |       0 |        0 |       0 |       0 | 1-61                                                                                                
 src/controllers           |   45.35 |    30.46 |   38.27 |   42.64 |                                                                                                     
  admin.controller.ts      |   56.03 |    39.53 |      50 |   53.51 | 51,57-85,91-115,128,153,164,174,180-212,246,252-277,293,302,320,329,335-350,389,395-432,510,516-531 
  auth.controller.ts       |   60.36 |    58.33 |      50 |   57.28 | 75,136,165,171-197,203-228,249-264,277,283-289,295-311                                              
  booking.controller.ts    |   45.58 |    25.64 |   33.33 |      44 | 10-66,105,111-148,165,185,191-229,242,247,261,271-272,281,287-326                                   
  message.controller.ts    |   83.78 |    77.77 |   83.33 |   82.35 | 38,90,141,153,170,182,197,203-216                                                                   
  payment.controller.ts    |   39.88 |    32.75 |   33.33 |   37.34 | 9-17,63-79,121-152,158-194,200-235,253-261,272-311,317-350,364,369,373,377,383,414-417,423-455      
  review.controller.ts     |    12.9 |        0 |       0 |       9 | 9-86,92-141,147-164,170-210,216-242,248-304                                                         
  service.controller.ts    |   45.52 |    39.13 |   36.36 |   40.17 | 34,64,88,99-120,126-155,168,188,194-222,228-253,259-273,279-303                                     
  user.controller.ts       |   34.33 |    19.44 |   27.27 |   32.19 | 10-23,48-90,96-124,130-154,160-187,193-279,285-306,318,350,362,392                                  
 src/middleware            |   76.59 |     47.5 |   61.53 |      75 |                                                                                                     
  auth.middleware.ts       |     100 |      100 |     100 |     100 |                                                                                                     
  error.middleware.ts      |   75.67 |     42.3 |     100 |   74.28 | 33-34,40-42,44-45,47-48                                                                             
  upload.middleware.ts     |   43.47 |    16.66 |       0 |   43.47 | 9-14,25-31,43-48                                                                                    
  validation.middleware.ts |     100 |    66.66 |     100 |     100 | 9                                                                                                   
 src/models                |   97.18 |      100 |    92.3 |   97.14 |                                                                                                     
  Booking.model.ts         |     100 |      100 |     100 |     100 |                                                                                                     
  Message.model.ts         |      90 |      100 |      50 |      90 | 83                                                                                                  
  Payment.model.ts         |     100 |      100 |     100 |     100 |                                                                                                     
  Review.model.ts          |     100 |      100 |     100 |     100 |                                                                                                     
  Service.model.ts         |     100 |      100 |     100 |     100 |                                                                                                     
  User.model.ts            |      96 |      100 |     100 |   95.83 | 159                                                                                                 
 src/routes                |     100 |      100 |     100 |     100 |                                                                                                     
  admin.routes.ts          |     100 |      100 |     100 |     100 |                                                                                                     
  auth.routes.ts           |     100 |      100 |     100 |     100 |                                                                                                     
  booking.routes.ts        |     100 |      100 |     100 |     100 |                                                                                                     
  message.routes.ts        |     100 |      100 |     100 |     100 |                                                                                                     
  payment.routes.ts        |     100 |      100 |     100 |     100 |                                                                                                     
  review.routes.ts         |     100 |      100 |     100 |     100 |                                                                                                     
  service.routes.ts        |     100 |      100 |     100 |     100 |                                                                                                     
  user.routes.ts           |     100 |      100 |     100 |     100 |                                                                                                     
 src/services              |   16.13 |    14.63 |       5 |   13.85 |                                                                                                     
  auth.service.ts          |       0 |        0 |       0 |       0 | 1-162                                                                                               
  email.service.ts         |   55.31 |       60 |   33.33 |   48.78 | 9,25-27,33-37,43-84,130-166,181-218,232-266                                                         
  payment.service.ts       |       0 |        0 |       0 |       0 | 1-252                                                                                               
  upload.service.ts        |   39.68 |        0 |      10 |   32.07 | 9-36,42-48,62-63,69-74,80-97,103,108-109,114                                                        
 src/socket                |       0 |        0 |       0 |       0 |                                                                                                     
  chat.socket.ts           |       0 |        0 |       0 |       0 | 1-258                                                                                               
 src/utils                 |   83.13 |       50 |   57.89 |   79.36 |                                                                                                     
  helpers.ts               |   82.22 |       60 |   58.33 |   78.12 | 2,52-53,57,61-63                                                                                    
  jwt.util.ts              |   78.57 |        0 |   57.14 |   71.42 | 33-36,40-43,48                                                                                      
  validators.ts            |     100 |      100 |     100 |     100 |                                                                                                     
---------------------------|---------|----------|---------|---------|-----------------------------------------------------------------------------------------------------
Test Suites: 8 failed, 5 passed, 13 total
Tests:       59 failed, 153 passed, 212 total
Snapshots:   0 total
Time:        106.335 s
Ran all test suites.
Force exiting Jest: Have you considered using `--detectOpenHandles` to detect async operations that kept running after all tests finished?
